Archive member included to satisfy reference by file (symbol)

app/libapp.a(dummy_cve.c.obj)
                              (--whole-archive)
app/libapp.a(ihp_cli.c.obj)   (--whole-archive)
app/libapp.a(ihp_porting.c.obj)
                              (--whole-archive)
app/libapp.a(rt_app.c.obj)    (--whole-archive)
app/libapp.a(stm32sys.c.obj)  (--whole-archive)
app/libapp.a(cortex-m4_fbp.c.obj)
                              (--whole-archive)
app/libapp.a(dynamic_patch_load.c.obj)
                              (--whole-archive)
app/libapp.a(ebpf_test.c.obj)
                              (--whole-archive)
app/libapp.a(fixed_patch_load.c.obj)
                              (--whole-archive)
app/libapp.a(fixed_patch_points.c.obj)
                              (--whole-archive)
app/libapp.a(flash_api.c.obj)
                              (--whole-archive)
app/libapp.a(hw_bp.c.obj)     (--whole-archive)
app/libapp.a(iotpatch.c.obj)  (--whole-archive)
app/libapp.a(jit_dev_test.c.obj)
                              (--whole-archive)
app/libapp.a(patch_service.c.obj)
                              (--whole-archive)
app/libapp.a(patch_verify.c.obj)
                              (--whole-archive)
app/libapp.a(profiling.c.obj)
                              (--whole-archive)
app/libapp.a(utils.c.obj)     (--whole-archive)
app/libapp.a(ebpf_allocator.c.obj)
                              (--whole-archive)
app/libapp.a(ebpf_env.c.obj)  (--whole-archive)
app/libapp.a(ebpf_map.c.obj)  (--whole-archive)
app/libapp.a(ebpf_mbedtls_checks.c.obj)
                              (--whole-archive)
app/libapp.a(ebpf_vm.c.obj)   (--whole-archive)
app/libapp.a(hashmap.c.obj)   (--whole-archive)
app/libapp.a(jit.c.obj)       (--whole-archive)
app/libapp.a(jit_thumb2.c.obj)
                              (--whole-archive)
app/libapp.a(main.c.obj)      (--whole-archive)
app/libapp.a(mqtt-subscriber.c.obj)
                              (--whole-archive)
zephyr/libzephyr.a(isr_tables.c.obj)
                              (--whole-archive)
zephyr/libzephyr.a(sw_isr_common.c.obj)
                              (--whole-archive)
zephyr/libzephyr.a(crc32_sw.c.obj)
                              (--whole-archive)
zephyr/libzephyr.a(crc16_sw.c.obj)
                              (--whole-archive)
zephyr/libzephyr.a(crc8_sw.c.obj)
                              (--whole-archive)
zephyr/libzephyr.a(crc7_sw.c.obj)
                              (--whole-archive)
zephyr/libzephyr.a(fdtable.c.obj)
                              (--whole-archive)
zephyr/libzephyr.a(mempool.c.obj)
                              (--whole-archive)
zephyr/libzephyr.a(rb.c.obj)  (--whole-archive)
zephyr/libzephyr.a(thread_entry.c.obj)
                              (--whole-archive)
zephyr/libzephyr.a(work_q.c.obj)
                              (--whole-archive)
zephyr/libzephyr.a(printk.c.obj)
                              (--whole-archive)
zephyr/libzephyr.a(configs.c.obj)
                              (--whole-archive)
zephyr/libzephyr.a(soc.c.obj)
                              (--whole-archive)
zephyr/libzephyr.a(power.c.obj)
                              (--whole-archive)
zephyr/libzephyr.a(mpu_regions.c.obj)
                              (--whole-archive)
zephyr/libzephyr.a(system_nrf52840.c.obj)
                              (--whole-archive)
zephyr/libzephyr.a(nrfx_glue.c.obj)
                              (--whole-archive)
zephyr/libzephyr.a(nrfx_systick.c.obj)
                              (--whole-archive)
zephyr/libzephyr.a(nrfx_usbd.c.obj)
                              (--whole-archive)
zephyr/libzephyr.a(log_list.c.obj)
                              (--whole-archive)
zephyr/libzephyr.a(log_core.c.obj)
                              (--whole-archive)
zephyr/libzephyr.a(log_msg.c.obj)
                              (--whole-archive)
zephyr/libzephyr.a(log_output.c.obj)
                              (--whole-archive)
zephyr/libzephyr.a(log_backend_uart.c.obj)
                              (--whole-archive)
zephyr/libzephyr.a(line_fifo.c.obj)
                              (--whole-archive)
zephyr/libzephyr.a(tty.c.obj)
                              (--whole-archive)
zephyr/libzephyr.a(getchar.c.obj)
                              (--whole-archive)
zephyr/libzephyr.a(coap.c.obj)
                              (--whole-archive)
zephyr/libzephyr.a(coap_link_format.c.obj)
                              (--whole-archive)
zephyr/libzephyr.a(getaddrinfo.c.obj)
                              (--whole-archive)
zephyr/libzephyr.a(getnameinfo.c.obj)
                              (--whole-archive)
zephyr/libzephyr.a(sockets.c.obj)
                              (--whole-archive)
zephyr/libzephyr.a(sockets_select.c.obj)
                              (--whole-archive)
zephyr/libzephyr.a(sockets_misc.c.obj)
                              (--whole-archive)
zephyr/libzephyr.a(usb_device.c.obj)
                              (--whole-archive)
zephyr/libzephyr.a(usb_descriptor.c.obj)
[...]
Memory Configuration

Name             Origin             Length             Attributes
FLASH            0x0000000000000000 0x0000000000100000 xr
SRAM             0x0000000020000000 0x0000000000040000 xw
IDT_LIST         0x0000000020040000 0x0000000000000800 xw
*default*        0x0000000000000000 0xffffffffffffffff

Linker script and memory map

LOAD zephyr/CMakeFiles/kernel_elf.dir/misc/empty_file.c.obj
LOAD zephyr/CMakeFiles/kernel_elf.dir/isr_tables.c.obj
LOAD app/libapp.a
LOAD zephyr/libzephyr.a
LOAD zephyr/arch/arch/arm/core/libarch__arm__core.a
LOAD zephyr/arch/arch/arm/core/cortex_m/libarch__arm__core__cortex_m.a
LOAD zephyr/arch/arch/arm/core/cortex_m/mpu/libarch__arm__core__cortex_m__mpu.a
LOAD zephyr/lib/libc/newlib/liblib__libc__newlib.a
LOAD zephyr/subsys/net/libsubsys__net.a
LOAD zephyr/subsys/net/l2/ethernet/libsubsys__net__l2__ethernet.a
LOAD zephyr/subsys/net/ip/libsubsys__net__ip.a
LOAD zephyr/subsys/net/lib/mqtt/libsubsys__net__lib__mqtt.a
LOAD zephyr/subsys/net/lib/config/libsubsys__net__lib__config.a
LOAD zephyr/subsys/usb/class/netusb/libsubsys__usb__class__netusb.a
LOAD zephyr/drivers/gpio/libdrivers__gpio.a
LOAD zephyr/drivers/serial/libdrivers__serial.a
LOAD zephyr/drivers/entropy/libdrivers__entropy.a
LOAD zephyr/kernel/libkernel.a
LOAD zephyr/CMakeFiles/offsets.dir/arch/arm/core/offsets/offsets.c.obj
LOAD /opt/zephyr-sdk/arm-zephyr-eabi/bin/../lib/gcc/arm-zephyr-eabi/8.3.0/thumb/v7e-m/nofp/libgcc.a
LOAD /opt/zephyr-sdk/arm-zephyr-eabi/arm-zephyr-eabi/lib/thumb/v7e-m/nofp/libm.a
LOAD /opt/zephyr-sdk/arm-zephyr-eabi/arm-zephyr-eabi/lib/thumb/v7e-m/nofp/libc.a
LOAD /opt/zephyr-sdk/arm-zephyr-eabi/bin/../lib/gcc/arm-zephyr-eabi/8.3.0/thumb/v7e-m/nofp/libgcc.a
                0x0000000000000020                _region_min_align = 0x20

.rel.plt        0x0000000000000000        0x0
 *(SORT_BY_ALIGNMENT(.rel.plt))
                [!provide]                        PROVIDE (__rel_iplt_start = .)
 *(SORT_BY_ALIGNMENT(.rel.iplt))
 .rel.iplt      0x0000000000000000        0x0 zephyr/CMakeFiles/kernel_elf.dir/isr_tables.c.obj
                [!provide]                        PROVIDE (__rel_iplt_end = .)

.rela.plt       0x0000000000000000        0x0
 *(SORT_BY_ALIGNMENT(.rela.plt))
                [!provide]                        PROVIDE (__rela_iplt_start = .)
 *(SORT_BY_ALIGNMENT(.rela.iplt))
                [!provide]                        PROVIDE (__rela_iplt_end = .)

.rel.dyn
 *(SORT_BY_ALIGNMENT(.rel.*))

.rela.dyn
 *(SORT_BY_ALIGNMENT(.rela.*))

/DISCARD/
 *(SORT_BY_ALIGNMENT(.plt))
 *(SORT_BY_ALIGNMENT(.iplt))
 *(SORT_BY_ALIGNMENT(.got.plt))
 *(SORT_BY_ALIGNMENT(.igot.plt))
 *(SORT_BY_ALIGNMENT(.got))
 *(SORT_BY_ALIGNMENT(.igot))
 *(SORT_BY_ALIGNMENT(.irq_info))
 *(SORT_BY_ALIGNMENT(.intList))
                0x0000000000000000                _image_rom_start = 0x0

text            0x0000000000000000      0x100
                0x0000000000000000                . = 0x0
                0x0000000000000000                _vector_start = .
 *(SORT_BY_ALIGNMENT(.exc_vector_table))
 *(SORT_BY_ALIGNMENT(.exc_vector_table.*))
 .exc_vector_table._vector_table_section
                0x0000000000000000       0x40 zephyr/arch/arch/arm/core/cortex_m/libarch__arm__core__cortex_m.a(vector_table.S.obj)
                0x0000000000000000                _vector_table
 *(SORT_BY_ALIGNMENT(.gnu.linkonce.irq_vector_table))
 .gnu.linkonce.irq_vector_table
                0x0000000000000040       0xc0 zephyr/CMakeFiles/kernel_elf.dir/isr_tables.c.obj
                0x0000000000000040                _irq_vector_table
 *(SORT_BY_ALIGNMENT(.vectors))
 *(SORT_BY_ALIGNMENT(.openocd_dbg))
 *(SORT_BY_ALIGNMENT(.openocd_dbg.*))
 *(SORT_BY_ALIGNMENT(.kinetis_flash_config))
 *(SORT_BY_ALIGNMENT(.kinetis_flash_config.*))
                0x0000000000000100                _vector_end = .

_TEXT_SECTION_NAME_2
                0x0000000000000100    0x15fde
                0x0000000000000100                _image_text_start = .
 *(SORT_BY_ALIGNMENT(.text))
 .text          0x0000000000000100       0xa0 /opt/zephyr-sdk/arm-zephyr-eabi/arm-zephyr-eabi/lib/thumb/v7e-m/nofp/libc.a(lib_a-memchr.o)
                0x0000000000000100                memchr
 .text          0x00000000000001a0      0x21c /opt/zephyr-sdk/arm-zephyr-eabi/bin/../lib/gcc/arm-zephyr-eabi/8.3.0/thumb/v7e-m/nofp/libgcc.a(_arm_addsubsf3.o)
                0x00000000000001a0                __aeabi_frsub
                0x00000000000001a8                __subsf3
                0x00000000000001a8                __aeabi_fsub
                0x00000000000001ac                __aeabi_fadd
                0x00000000000001ac                __addsf3
                0x000000000000030c                __aeabi_ui2f
                0x000000000000030c                __floatunsisf
                0x0000000000000314                __aeabi_i2f
                0x0000000000000314                __floatsisf
                0x0000000000000330                __floatundisf
                0x0000000000000330                __aeabi_ul2f
                0x0000000000000340                __floatdisf
                0x0000000000000340                __aeabi_l2f
 .text          0x00000000000003bc      0x2a0 /opt/zephyr-sdk/arm-zephyr-eabi/bin/../lib/gcc/arm-zephyr-eabi/8.3.0/thumb/v7e-m/nofp/libgcc.a(_arm_muldivsf3.o)
                0x00000000000003bc                __mulsf3
                0x00000000000003bc                __aeabi_fmul
                0x0000000000000524                __divsf3
                0x0000000000000524                __aeabi_fdiv
 .text          0x000000000000065c       0x4c /opt/zephyr-sdk/arm-zephyr-eabi/bin/../lib/gcc/arm-zephyr-eabi/8.3.0/thumb/v7e-m/nofp/libgcc.a(_arm_fixsfsi.o)
                0x000000000000065c                __fixsfsi
                0x000000000000065c                __aeabi_f2iz
 .text          0x00000000000006a8       0xa0 /opt/zephyr-sdk/arm-zephyr-eabi/bin/../lib/gcc/arm-zephyr-eabi/8.3.0/thumb/v7e-m/nofp/libgcc.a(_aeabi_ldivmod.o)
                0x00000000000006a8                __aeabi_ldivmod
 .text          0x0000000000000748       0x30 /opt/zephyr-sdk/arm-zephyr-eabi/bin/../lib/gcc/arm-zephyr-eabi/8.3.0/thumb/v7e-m/nofp/libgcc.a(_aeabi_uldivmod.o)
                0x0000000000000748                __aeabi_uldivmod
 .text          0x0000000000000778        0x4 /opt/zephyr-sdk/arm-zephyr-eabi/bin/../lib/gcc/arm-zephyr-eabi/8.3.0/thumb/v7e-m/nofp/libgcc.a(_dvmd_tls.o)
                0x0000000000000778                __aeabi_ldiv0
                0x0000000000000778                __aeabi_idiv0
 .text          0x000000000000077c       0x48 /opt/zephyr-sdk/arm-zephyr-eabi/arm-zephyr-eabi/lib/thumb/v7e-m/nofp/libc.a(lib_a-assert.o)
                0x000000000000077c                __assert_func
                0x00000000000007b8                __assert
 .text          0x00000000000007c4       0x40 /opt/zephyr-sdk/arm-zephyr-eabi/arm-zephyr-eabi/lib/thumb/v7e-m/nofp/libc.a(lib_a-fprintf.o)
                0x00000000000007c4                _fprintf_r
                0x00000000000007c4                _fiprintf_r
                0x00000000000007de                fprintf
                0x00000000000007de                fiprintf
 .text          0x0000000000000804       0xac /opt/zephyr-sdk/arm-zephyr-eabi/arm-zephyr-eabi/lib/thumb/v7e-m/nofp/libc.a(lib_a-nano-mallocr.o)
                0x0000000000000804                _malloc_r
 .text          0x00000000000008b0      0x26c /opt/zephyr-sdk/arm-zephyr-eabi/arm-zephyr-eabi/lib/thumb/v7e-m/nofp/libc.a(lib_a-nano-vfprintf.o)
                0x00000000000008da                __sfputs_r
                0x00000000000008fe                __sprint_r
                0x0000000000000918                _vfiprintf_r
                0x0000000000000918                _vfprintf_r
                0x0000000000000b08                vfiprintf
                0x0000000000000b08                vfprintf
 .text          0x0000000000000b1c      0x314 /opt/zephyr-sdk/arm-zephyr-eabi/arm-zephyr-eabi/lib/thumb/v7e-m/nofp/libc.a(lib_a-nano-vfprintf_i.o)
                0x0000000000000b1c                _printf_common
                0x0000000000000c06                _printf_i
 .text          0x0000000000000e30       0x20 /opt/zephyr-sdk/arm-zephyr-eabi/arm-zephyr-eabi/lib/thumb/v7e-m/nofp/libc.a(lib_a-sbrkr.o)
                0x0000000000000e30                _sbrk_r
 .text          0x0000000000000e50       0xc4 /opt/zephyr-sdk/arm-zephyr-eabi/arm-zephyr-eabi/lib/thumb/v7e-m/nofp/libc.a(lib_a-snprintf.o)
                0x0000000000000e50                _sniprintf_r
                0x0000000000000e50                _snprintf_r
                0x0000000000000eae                snprintf
                0x0000000000000eae                sniprintf
 .text          0x0000000000000f14      0x114 /opt/zephyr-sdk/arm-zephyr-eabi/arm-zephyr-eabi/lib/thumb/v7e-m/nofp/libc.a(lib_a-strtol.o)
                0x0000000000001004                _strtol_r
                0x0000000000001006                strtol_l
                0x0000000000001018                strtol
 .text          0x0000000000001028       0x74 /opt/zephyr-sdk/arm-zephyr-eabi/arm-zephyr-eabi/lib/thumb/v7e-m/nofp/libc.a(lib_a-vsnprintf.o)
                0x0000000000001028                _vsnprintf_r
                0x0000000000001028                _vsniprintf_r
                0x0000000000001080                vsnprintf
                0x0000000000001080                vsniprintf
 .text          0x000000000000109c       0x8c /opt/zephyr-sdk/arm-zephyr-eabi/arm-zephyr-eabi/lib/thumb/v7e-m/nofp/libc.a(lib_a-wbuf.o)
                0x000000000000109c                __swbuf_r
                0x0000000000001116                __swbuf
 .text          0x0000000000001128       0xb0 /opt/zephyr-sdk/arm-zephyr-eabi/arm-zephyr-eabi/lib/thumb/v7e-m/nofp/libc.a(lib_a-wsetup.o)
                0x0000000000001128                __swsetup_r
 .text          0x00000000000011d8       0x48 /opt/zephyr-sdk/arm-zephyr-eabi/arm-zephyr-eabi/lib/thumb/v7e-m/nofp/libc.a(lib_a-chk_fail.o)
                0x00000000000011d8                __chk_fail
 .text          0x0000000000001220      0x164 /opt/zephyr-sdk/arm-zephyr-eabi/arm-zephyr-eabi/lib/thumb/v7e-m/nofp/libc.a(lib_a-fflush.o)
                0x0000000000001220                __sflush_r
                0x000000000000133c                _fflush_r
                0x0000000000001360                fflush
 .text          0x0000000000001384      0x148 /opt/zephyr-sdk/arm-zephyr-eabi/arm-zephyr-eabi/lib/thumb/v7e-m/nofp/libc.a(lib_a-findfp.o)
                0x00000000000013cc                _cleanup_r
                0x00000000000013d8                __sfmoreglue
                0x0000000000001404                _cleanup
                0x0000000000001410                __sinit
                0x0000000000001454                __sfp
 .text          0x00000000000014cc      0x2a0 /opt/zephyr-sdk/arm-zephyr-eabi/arm-zephyr-eabi/lib/thumb/v7e-m/nofp/libc.a(lib_a-fvwrite.o)
                0x00000000000014cc                __sfvwrite_r
 .text          0x000000000000176c       0xd8 /opt/zephyr-sdk/arm-zephyr-eabi/arm-zephyr-eabi/lib/thumb/v7e-m/nofp/libc.a(lib_a-makebuf.o)
                0x000000000000176c                __swhatbuf_r
                0x00000000000017c2                __smakebuf_r
 .text          0x0000000000001844       0x9c /opt/zephyr-sdk/arm-zephyr-eabi/arm-zephyr-eabi/lib/thumb/v7e-m/nofp/libc.a(lib_a-nano-freer.o)
                0x0000000000001844                _free_r
 .text          0x00000000000018e0      0x394 /opt/zephyr-sdk/arm-zephyr-eabi/arm-zephyr-eabi/lib/thumb/v7e-m/nofp/libc.a(lib_a-nano-svfprintf.o)
                0x00000000000018e0                __ssputs_r
                0x0000000000001996                __ssprint_r
                0x0000000000001a86                _svfprintf_r
                0x0000000000001a86                _svfiprintf_r
 .text          0x0000000000001c74      0x138 /opt/zephyr-sdk/arm-zephyr-eabi/arm-zephyr-eabi/lib/thumb/v7e-m/nofp/libc.a(lib_a-signal.o)
                0x0000000000001c74                _init_signal_r
                0x0000000000001ca0                _signal_r
                0x0000000000001cd4                _raise_r
                0x0000000000001d26                __sigtramp_r
                0x0000000000001d72                raise
                0x0000000000001d80                signal
                0x0000000000001d90                _init_signal
                0x0000000000001d9c                __sigtramp
 .text          0x0000000000001dac       0x28 /opt/zephyr-sdk/arm-zephyr-eabi/arm-zephyr-eabi/lib/thumb/v7e-m/nofp/libc.a(lib_a-signalr.o)
                0x0000000000001dac                _kill_r
                0x0000000000001dd0                _getpid_r
 .text          0x0000000000001dd4       0x24 /opt/zephyr-sdk/arm-zephyr-eabi/arm-zephyr-eabi/lib/thumb/v7e-m/nofp/libc.a(lib_a-writer.o)
                0x0000000000001dd4                _write_r
 .text          0x0000000000001df8       0x20 /opt/zephyr-sdk/arm-zephyr-eabi/arm-zephyr-eabi/lib/thumb/v7e-m/nofp/libc.a(lib_a-closer.o)
                0x0000000000001df8                _close_r
 .text          0x0000000000001e18       0x24 /opt/zephyr-sdk/arm-zephyr-eabi/arm-zephyr-eabi/lib/thumb/v7e-m/nofp/libc.a(lib_a-fstatr.o)
                0x0000000000001e18                _fstat_r
 .text          0x0000000000001e3c       0x20 /opt/zephyr-sdk/arm-zephyr-eabi/arm-zephyr-eabi/lib/thumb/v7e-m/nofp/libc.a(lib_a-isattyr.o)
                0x0000000000001e3c                _isatty_r
 .text          0x0000000000001e5c       0x24 /opt/zephyr-sdk/arm-zephyr-eabi/arm-zephyr-eabi/lib/thumb/v7e-m/nofp/libc.a(lib_a-lseekr.o)
                0x0000000000001e5c                _lseek_r
 .text          0x0000000000001e80       0x24 /opt/zephyr-sdk/arm-zephyr-eabi/arm-zephyr-eabi/lib/thumb/v7e-m/nofp/libc.a(lib_a-readr.o)
                0x0000000000001e80                _read_r
 .text          0x0000000000001ea4      0x2b4 /opt/zephyr-sdk/arm-zephyr-eabi/bin/../lib/gcc/arm-zephyr-eabi/8.3.0/thumb/v7e-m/nofp/libgcc.a(_udivmoddi4.o)
                0x0000000000001ea4                __udivmoddi4
 .text          0x0000000000002158       0x1c /opt/zephyr-sdk/arm-zephyr-eabi/arm-zephyr-eabi/lib/thumb/v7e-m/nofp/libc.a(lib_a-memcmp.o)
                0x0000000000002158                memcmp
 .text          0x0000000000002174       0x1c /opt/zephyr-sdk/arm-zephyr-eabi/arm-zephyr-eabi/lib/thumb/v7e-m/nofp/libc.a(lib_a-memcpy-stub.o)
                0x0000000000002174                memcpy
 .text          0x0000000000002190       0x26 /opt/zephyr-sdk/arm-zephyr-eabi/arm-zephyr-eabi/lib/thumb/v7e-m/nofp/libc.a(lib_a-memcpy_chk.o)
                0x0000000000002190                __memcpy_chk
 .text          0x00000000000021b6       0x34 /opt/zephyr-sdk/arm-zephyr-eabi/arm-zephyr-eabi/lib/thumb/v7e-m/nofp/libc.a(lib_a-memmove.o)
                0x00000000000021b6                memmove
 .text          0x00000000000021ea       0x10 /opt/zephyr-sdk/arm-zephyr-eabi/arm-zephyr-eabi/lib/thumb/v7e-m/nofp/libc.a(lib_a-memset.o)
                0x00000000000021ea                memset
 .text          0x00000000000021fa       0x1a /opt/zephyr-sdk/arm-zephyr-eabi/arm-zephyr-eabi/lib/thumb/v7e-m/nofp/libc.a(lib_a-strchr.o)
                0x00000000000021fa                strchr
 .text          0x0000000000002214       0x14 /opt/zephyr-sdk/arm-zephyr-eabi/arm-zephyr-eabi/lib/thumb/v7e-m/nofp/libc.a(lib_a-strcmp.o)
                0x0000000000002214                strcmp
 .text          0x0000000000002228       0x10 /opt/zephyr-sdk/arm-zephyr-eabi/arm-zephyr-eabi/lib/thumb/v7e-m/nofp/libc.a(lib_a-strlen.o)
                0x0000000000002228                strlen
 .text          0x0000000000002238       0x26 /opt/zephyr-sdk/arm-zephyr-eabi/arm-zephyr-eabi/lib/thumb/v7e-m/nofp/libc.a(lib_a-strncpy.o)
                0x0000000000002238                strncpy
 .text          0x000000000000225e       0x28 /opt/zephyr-sdk/arm-zephyr-eabi/arm-zephyr-eabi/lib/thumb/v7e-m/nofp/libc.a(lib_a-strrchr.o)
                0x000000000000225e                strrchr
 .text          0x0000000000002286        0xe /opt/zephyr-sdk/arm-zephyr-eabi/arm-zephyr-eabi/lib/thumb/v7e-m/nofp/libc.a(lib_a-abort.o)
                0x0000000000002286                abort
 .text          0x0000000000002294       0x74 /opt/zephyr-sdk/arm-zephyr-eabi/arm-zephyr-eabi/lib/thumb/v7e-m/nofp/libc.a(lib_a-fwalk.o)
                0x0000000000002294                _fwalk
                0x00000000000022cc                _fwalk_reent
 .text          0x0000000000002308        0x4 /opt/zephyr-sdk/arm-zephyr-eabi/arm-zephyr-eabi/lib/thumb/v7e-m/nofp/libc.a(lib_a-mlock.o)
                0x0000000000002308                __malloc_lock
                0x000000000000230a                __malloc_unlock
 .text          0x000000000000230c       0x4c /opt/zephyr-sdk/arm-zephyr-eabi/arm-zephyr-eabi/lib/thumb/v7e-m/nofp/libc.a(lib_a-nano-reallocr.o)
                0x000000000000230c                _realloc_r
 .text          0x0000000000002358       0x8a /opt/zephyr-sdk/arm-zephyr-eabi/arm-zephyr-eabi/lib/thumb/v7e-m/nofp/libc.a(lib_a-stdio.o)
                0x0000000000002358                __sread
                0x000000000000237a                __seofread
                0x000000000000237e                __swrite
                0x00000000000023b6                __sseek
                0x00000000000023da                __sclose
 .text          0x00000000000023e2       0x10 /opt/zephyr-sdk/arm-zephyr-eabi/arm-zephyr-eabi/lib/thumb/v7e-m/nofp/libc.a(lib_a-nano-msizer.o)
                0x00000000000023e2                _malloc_usable_size_r
 *(SORT_BY_ALIGNMENT(.text.*))
 *fill*         0x00000000000023f2        0x2 
 .text.test_debug_patch
                0x00000000000023f4       0x14 app/libapp.a(ihp_cli.c.obj)
 .text.shell_printf
                0x0000000000002408       0x2c app/libapp.a(ihp_cli.c.obj)
 .text.cli_print_help
                0x0000000000002434       0x30 app/libapp.a(ihp_cli.c.obj)
 .text.print_control
                0x0000000000002464       0x10 app/libapp.a(ihp_cli.c.obj)
 .text.zephyr_cve_2020_10028
                0x0000000000002474       0x1c app/libapp.a(ihp_cli.c.obj)
 .text.escalate
                0x0000000000002490        0xc app/libapp.a(ihp_cli.c.obj)
 .text.zephyr_cve_2020_10063
                0x000000000000249c       0x74 app/libapp.a(ihp_cli.c.obj)
 .text.this_is_cve_trigger_func
                0x0000000000002510       0x5c app/libapp.a(ihp_cli.c.obj)
 .text.user     0x000000000000256c       0x2c app/libapp.a(ihp_cli.c.obj)
 .text.run_test_by_id
                0x0000000000002598       0x50 app/libapp.a(ihp_cli.c.obj)
                0x0000000000002598                run_test_by_id
 .text.run_shell_cli
                0x00000000000025e8      0x1fc app/libapp.a(ihp_cli.c.obj)
                0x00000000000025e8                run_shell_cli
 .text.FPB_Handler0
                0x00000000000027e4       0x38 app/libapp.a(cortex-m4_fbp.c.obj)
                0x00000000000027e4                FPB_Handler0
 .text.RawBuggyFunc
                0x000000000000281c       0x1c app/libapp.a(cortex-m4_fbp.c.obj)
 .text.test_freertos_cve
                0x0000000000002838       0x40 app/libapp.a(cortex-m4_fbp.c.obj)
 .text.show_hw_bkpt
                0x0000000000002878       0x6c app/libapp.a(cortex-m4_fbp.c.obj)
                0x0000000000002878                show_hw_bkpt
 .text.add_hw_bkpt
                0x00000000000028e4      0x1c8 app/libapp.a(cortex-m4_fbp.c.obj)
                0x00000000000028e4                add_hw_bkpt
 .text.clear_all_hw_bkpt
                0x0000000000002aac       0x40 app/libapp.a(cortex-m4_fbp.c.obj)
                0x0000000000002aac                clear_all_hw_bkpt
 .text.fpb_disable_cur_inst
                0x0000000000002aec       0x50 app/libapp.a(cortex-m4_fbp.c.obj)
                0x0000000000002aec                fpb_disable_cur_inst
 .text.fpb_enable_callback
                0x0000000000002b3c       0x34 app/libapp.a(cortex-m4_fbp.c.obj)
                0x0000000000002b3c                fpb_enable_callback
 .text.leave_debug_monitor
                0x0000000000002b70       0x94 app/libapp.a(cortex-m4_fbp.c.obj)
                0x0000000000002b70                leave_debug_monitor
 .text.set_patch_mode
                0x0000000000002c04       0xa0 app/libapp.a(cortex-m4_fbp.c.obj)
                0x0000000000002c04                set_patch_mode
 .text.test_debugmon_patch
                0x0000000000002ca4       0x88 app/libapp.a(cortex-m4_fbp.c.obj)
                0x0000000000002ca4                test_debugmon_patch
 .text.test_dynamic_bug
                0x0000000000002d2c       0x1c app/libapp.a(dynamic_patch_load.c.obj)
                0x0000000000002d2c                test_dynamic_bug
 .text.show_local_patch_desc
                0x0000000000002d48       0x2c app/libapp.a(dynamic_patch_load.c.obj)
                0x0000000000002d48                show_local_patch_desc
 .text.read_local_patch
                0x0000000000002d74       0xac app/libapp.a(dynamic_patch_load.c.obj)
                0x0000000000002d74                read_local_patch
 .text.my_memmove
                0x0000000000002e20       0x10 app/libapp.a(ebpf_test.c.obj)
 .text.ebpf_eva
                0x0000000000002e30       0xac app/libapp.a(ebpf_test.c.obj)
                0x0000000000002e30                ebpf_eva
 .text.test_ebpf_c0
                0x0000000000002edc       0x34 app/libapp.a(ebpf_test.c.obj)
                0x0000000000002edc                test_ebpf_c0
 .text.test_ebpf_c1
                0x0000000000002f10       0x34 app/libapp.a(ebpf_test.c.obj)
                0x0000000000002f10                test_ebpf_c1
 .text.test_ebpf_c2
                0x0000000000002f44       0x34 app/libapp.a(ebpf_test.c.obj)
                0x0000000000002f44                test_ebpf_c2
 .text.test_ebpf_c3
                0x0000000000002f78       0x38 app/libapp.a(ebpf_test.c.obj)
                0x0000000000002f78                test_ebpf_c3
 .text.test_ebpf_c4
                0x0000000000002fb0       0x24 app/libapp.a(ebpf_test.c.obj)
                0x0000000000002fb0                test_ebpf_c4
 .text.test_ebpf_c5
                0x0000000000002fd4       0x3c app/libapp.a(ebpf_test.c.obj)
                0x0000000000002fd4                test_ebpf_c5
 .text.test_ebpf_c6
                0x0000000000003010       0x48 app/libapp.a(ebpf_test.c.obj)
                0x0000000000003010                test_ebpf_c6
 .text.test_ebpf_c7
                0x0000000000003058       0x44 app/libapp.a(ebpf_test.c.obj)
                0x0000000000003058                test_ebpf_c7
 .text.test_ebpf_c8
                0x000000000000309c       0x34 app/libapp.a(ebpf_test.c.obj)
                0x000000000000309c                test_ebpf_c8
 .text.test_ebpf_c9
                0x00000000000030d0       0x3c app/libapp.a(ebpf_test.c.obj)
                0x00000000000030d0                test_ebpf_c9
 .text.test_ebpf_c10
                0x000000000000310c       0x20 app/libapp.a(ebpf_test.c.obj)
                0x000000000000310c                test_ebpf_c10
 .text.test_ebpf_c11
                0x000000000000312c       0x38 app/libapp.a(ebpf_test.c.obj)
                0x000000000000312c                test_ebpf_c11
 .text.test_ebpf_c12
                0x0000000000003164       0x48 app/libapp.a(ebpf_test.c.obj)
                0x0000000000003164                test_ebpf_c12
 .text.run_ebpf_eva
                0x00000000000031ac       0x20 app/libapp.a(ebpf_test.c.obj)
                0x00000000000031ac                run_ebpf_eva
 .text.patch_num_eva
                0x00000000000031cc       0x84 app/libapp.a(ebpf_test.c.obj)
                0x00000000000031cc                patch_num_eva
 .text.test_patch_dispatcher
                0x0000000000003250       0x48 app/libapp.a(ebpf_test.c.obj)
                0x0000000000003250                test_patch_dispatcher
 .text.run_ebpf_test
                0x0000000000003298       0x14 app/libapp.a(ebpf_test.c.obj)
                0x0000000000003298                run_ebpf_test
 .text.show_fixed_patch_desc
                0x00000000000032ac       0x38 app/libapp.a(fixed_patch_load.c.obj)
                0x00000000000032ac                show_fixed_patch_desc
 .text.load_local_fixed_patch
                0x00000000000032e4       0xb0 app/libapp.a(fixed_patch_load.c.obj)
                0x00000000000032e4                load_local_fixed_patch
 .text.dummy_buggy_MQTT_packet_length_decode
                0x0000000000003394       0x54 app/libapp.a(fixed_patch_points.c.obj)
 .text.call_dummy_buggy_MQTT_function
                0x00000000000033e8       0x7c app/libapp.a(fixed_patch_points.c.obj)
 .text.test_fixed_patch_point
                0x0000000000003464       0x1c app/libapp.a(fixed_patch_points.c.obj)
                0x0000000000003464                test_fixed_patch_point
 .text.dispatch_fixed_patch_point
                0x0000000000003480       0x5c app/libapp.a(fixed_patch_points.c.obj)
                0x0000000000003480                dispatch_fixed_patch_point
 .text.update_bits_filter
                0x00000000000034dc       0x54 app/libapp.a(iotpatch.c.obj)
 .text.add_dynamic_patch_to_ctx
                0x0000000000003530       0x5c app/libapp.a(iotpatch.c.obj)
 .text.active_patch
                0x000000000000358c       0x30 app/libapp.a(iotpatch.c.obj)
 .text.init_patch_sys
                0x00000000000035bc       0x3c app/libapp.a(iotpatch.c.obj)
                0x00000000000035bc                init_patch_sys
 .text.show_all_patches
                0x00000000000035f8       0x3c app/libapp.a(iotpatch.c.obj)
                0x00000000000035f8                show_all_patches
 .text.get_fixed_patch_by_lr
                0x0000000000003634       0x2c app/libapp.a(iotpatch.c.obj)
                0x0000000000003634                get_fixed_patch_by_lr
 .text.get_dynamic_patch_by_bpkt
                0x0000000000003660       0x2c app/libapp.a(iotpatch.c.obj)
                0x0000000000003660                get_dynamic_patch_by_bpkt
 .text.load_local_patch_to_ctx
                0x000000000000368c       0x64 app/libapp.a(iotpatch.c.obj)
                0x000000000000368c                load_local_patch_to_ctx
 .text.dwt_init
                0x00000000000036f0       0x34 app/libapp.a(profiling.c.obj)
 .text.get_cur_tick
                0x0000000000003724        0xc app/libapp.a(profiling.c.obj)
                0x0000000000003724                get_cur_tick
 .text.profile_add_event
                0x0000000000003730       0x60 app/libapp.a(profiling.c.obj)
                0x0000000000003730                profile_add_event
 .text.profile_start
                0x0000000000003790       0x14 app/libapp.a(profiling.c.obj)
                0x0000000000003790                profile_start
 .text.profile_end
                0x00000000000037a4       0x20 app/libapp.a(profiling.c.obj)
                0x00000000000037a4                profile_end
 .text.cycles2us
                0x00000000000037c4       0x20 app/libapp.a(profiling.c.obj)
                0x00000000000037c4                cycles2us
 .text.profile_dump
                0x00000000000037e4       0x4c app/libapp.a(profiling.c.obj)
                0x00000000000037e4                profile_dump
 .text.ebpf_malloc
                0x0000000000003830       0x10 app/libapp.a(ebpf_allocator.c.obj)
                0x0000000000003830                ebpf_malloc
 .text.ebpf_realloc
                0x0000000000003840       0x4c app/libapp.a(ebpf_allocator.c.obj)
                0x0000000000003840                ebpf_realloc
 .text.ebpf_calloc
                0x000000000000388c       0x10 app/libapp.a(ebpf_allocator.c.obj)
                0x000000000000388c                ebpf_calloc
 .text.get_ebpf_alloc_size
                0x000000000000389c        0xc app/libapp.a(ebpf_allocator.c.obj)
                0x000000000000389c                get_ebpf_alloc_size
 .text.tmp_map_save_val
                0x00000000000038a8       0x10 app/libapp.a(ebpf_vm.c.obj)
 .text.tmp_map_get_val
                0x00000000000038b8        0xc app/libapp.a(ebpf_vm.c.obj)
 .text.iot_call_C_func_noret
                0x00000000000038c4       0x44 app/libapp.a(ebpf_vm.c.obj)
 .text.use_default_helper_func
                0x0000000000003908       0x2c app/libapp.a(ebpf_vm.c.obj)
 .text.set_default_helpers
                0x0000000000003934       0x58 app/libapp.a(ebpf_vm.c.obj)
                0x0000000000003934                set_default_helpers
 .text.jit_mem_allocate
                0x000000000000398c       0x34 app/libapp.a(jit.c.obj)
                0x000000000000398c                jit_mem_allocate
 .text._thumb32_LSRW_IMM_T2
                0x00000000000039c0       0x2c app/libapp.a(jit_thumb2.c.obj)
 .text._emit_ldr_i
                0x00000000000039ec       0x3c app/libapp.a(jit_thumb2.c.obj)
 .text.emit_mov_reg64.part.7
                0x0000000000003a28       0x5c app/libapp.a(jit_thumb2.c.obj)
 .text.emit_mov_i64
                0x0000000000003a84       0x38 app/libapp.a(jit_thumb2.c.obj)
 .text.emit_a32_mul_r64
                0x0000000000003abc       0xbc app/libapp.a(jit_thumb2.c.obj)
 .text._emit_b_cond
                0x0000000000003b78       0x74 app/libapp.a(jit_thumb2.c.obj)
 .text.emit_push_r64
                0x0000000000003bec       0x6c app/libapp.a(jit_thumb2.c.obj)
 .text._emit_b  0x0000000000003c58       0x74 app/libapp.a(jit_thumb2.c.obj)
 .text.emit_alu32_reg.constprop.14
                0x0000000000003ccc      0x1d0 app/libapp.a(jit_thumb2.c.obj)
 .text.build_prologue
                0x0000000000003e9c       0x58 app/libapp.a(jit_thumb2.c.obj)
 .text.emit_str_reg
                0x0000000000003ef4       0xd4 app/libapp.a(jit_thumb2.c.obj)
 .text.jit_dump_inst
                0x0000000000003fc8       0x38 app/libapp.a(jit_thumb2.c.obj)
                0x0000000000003fc8                jit_dump_inst
 .text.emit_alu64_reg
                0x0000000000004000       0x80 app/libapp.a(jit_thumb2.c.obj)
                0x0000000000004000                emit_alu64_reg
 .text._emit_lsh64_reg
                0x0000000000004080       0xc0 app/libapp.a(jit_thumb2.c.obj)
                0x0000000000004080                _emit_lsh64_reg
 .text._emit_lsh64_imm
                0x0000000000004140       0xbc app/libapp.a(jit_thumb2.c.obj)
                0x0000000000004140                _emit_lsh64_imm
 .text.emit_ldx_reg
                0x00000000000041fc      0x1a4 app/libapp.a(jit_thumb2.c.obj)
                0x00000000000041fc                emit_ldx_reg
 .text.build_body
                0x00000000000043a0      0x9d4 app/libapp.a(jit_thumb2.c.obj)
 .text.jit_compile
                0x0000000000004d74       0x48 app/libapp.a(jit_thumb2.c.obj)
                0x0000000000004d74                jit_compile
 .text.main     0x0000000000004dbc       0x44 app/libapp.a(main.c.obj)
                0x0000000000004dbc                main
 .text.wait     0x0000000000004e00       0x58 app/libapp.a(mqtt-subscriber.c.obj)
 .text.mqtt_evt_handler
                0x0000000000004e58      0x2ec app/libapp.a(mqtt-subscriber.c.obj)
                0x0000000000004e58                mqtt_evt_handler
 .text.run_mqtt_subscriber
                0x0000000000005144      0x1d4 app/libapp.a(mqtt-subscriber.c.obj)
                0x0000000000005144                run_mqtt_subscriber
 .text._check_fd
                0x0000000000005318       0x28 zephyr/libzephyr.a(fdtable.c.obj)
 .text.z_get_fd_obj_and_vtable
                0x0000000000005340       0x28 zephyr/libzephyr.a(fdtable.c.obj)
                0x0000000000005340                z_get_fd_obj_and_vtable
 .text.z_reserve_fd
                0x0000000000005368       0x44 zephyr/libzephyr.a(fdtable.c.obj)
                0x0000000000005368                z_reserve_fd
 .text.z_finalize_fd
                0x00000000000053ac       0x14 zephyr/libzephyr.a(fdtable.c.obj)
                0x00000000000053ac                z_finalize_fd
 .text.z_free_fd
                0x00000000000053c0       0x10 zephyr/libzephyr.a(fdtable.c.obj)
                0x00000000000053c0                z_free_fd
 .text.char_out
                0x00000000000053d0       0x10 zephyr/libzephyr.a(printk.c.obj)
 .text._printk_dec_ulong
                0x00000000000053e0       0xa0 zephyr/libzephyr.a(printk.c.obj)
 .text.__printk_hook_install
                0x0000000000005480        0xc zephyr/libzephyr.a(printk.c.obj)
                0x0000000000005480                __printk_hook_install
 .text.vprintk  0x000000000000548c       0x1c zephyr/libzephyr.a(printk.c.obj)
                0x000000000000548c                vprintk
 .text.nordicsemi_nrf52_init
                0x00000000000054a8       0x44 zephyr/libzephyr.a(soc.c.obj)
 .text.errata_98
                0x00000000000054ec       0x20 zephyr/libzephyr.a(system_nrf52840.c.obj)
 .text.SystemInit
                0x000000000000550c      0x1a4 zephyr/libzephyr.a(system_nrf52840.c.obj)
                0x000000000000550c                SystemInit
 .text.nrfx_systick_delay_ticks
                0x00000000000056b0       0x38 zephyr/libzephyr.a(nrfx_systick.c.obj)
                0x00000000000056b0                nrfx_systick_delay_ticks
 .text.nrfx_systick_delay_us
                0x00000000000056e8       0x44 zephyr/libzephyr.a(nrfx_systick.c.obj)
                0x00000000000056e8                nrfx_systick_delay_us
 .text.nrfx_usbd_errata_type_52840_eng_b
                0x000000000000572c       0x20 zephyr/libzephyr.a(nrfx_usbd.c.obj)
 .text.usbd_dma_pending_clear
                0x000000000000574c       0x14 zephyr/libzephyr.a(nrfx_usbd.c.obj)
 .text.ev_usbreset_handler
                0x0000000000005760       0x30 zephyr/libzephyr.a(nrfx_usbd.c.obj)
 .text.task_start_ep
                0x0000000000005790       0x34 zephyr/libzephyr.a(nrfx_usbd.c.obj)
 .text.usbd_ep_data_handler
                0x00000000000057c4       0x58 zephyr/libzephyr.a(nrfx_usbd.c.obj)
 .text.nrfx_usbd_consumer
                0x000000000000581c       0x6c zephyr/libzephyr.a(nrfx_usbd.c.obj)
                0x000000000000581c                nrfx_usbd_consumer
 .text.nrfx_usbd_feeder_ram
                0x0000000000005888       0x44 zephyr/libzephyr.a(nrfx_usbd.c.obj)
                0x0000000000005888                nrfx_usbd_feeder_ram
 .text.nrfx_usbd_feeder_ram_zlp
                0x00000000000058cc       0x50 zephyr/libzephyr.a(nrfx_usbd.c.obj)
                0x00000000000058cc                nrfx_usbd_feeder_ram_zlp
 .text.ep_state_access.part.5
                0x000000000000591c       0x1c zephyr/libzephyr.a(nrfx_usbd.c.obj)
 .text.ep_state_access
                0x0000000000005938       0x28 zephyr/libzephyr.a(nrfx_usbd.c.obj)
 .text.ep2bit.part.6
                0x0000000000005960       0x1c zephyr/libzephyr.a(nrfx_usbd.c.obj)
 .text.ev_setup_data_handler
                0x000000000000597c       0x1c zephyr/libzephyr.a(nrfx_usbd.c.obj)
 .text.nrfx_usbd_ep_to_endevent.part.8
                0x0000000000005998       0x1c zephyr/libzephyr.a(nrfx_usbd.c.obj)
 .text.ep_to_hal.part.9
                0x00000000000059b4       0x1c zephyr/libzephyr.a(nrfx_usbd.c.obj)
 .text.nrf_usbd_ep_enable_check
                0x00000000000059d0       0x40 zephyr/libzephyr.a(nrfx_usbd.c.obj)
 .text.nrfx_usbd_ep_to_int.part.11
                0x0000000000005a10       0x1c zephyr/libzephyr.a(nrfx_usbd.c.obj)
 .text.nrfx_usbd_feeder_flash
                0x0000000000005a2c       0x70 zephyr/libzephyr.a(nrfx_usbd.c.obj)
                0x0000000000005a2c                nrfx_usbd_feeder_flash
 .text.nrfx_usbd_feeder_flash_zlp
                0x0000000000005a9c       0x74 zephyr/libzephyr.a(nrfx_usbd.c.obj)
                0x0000000000005a9c                nrfx_usbd_feeder_flash_zlp
 .text.ev_sof_handler
                0x0000000000005b10       0x44 zephyr/libzephyr.a(nrfx_usbd.c.obj)
 .text.atomic_and.constprop.25
                0x0000000000005b54       0x24 zephyr/libzephyr.a(nrfx_usbd.c.obj)
 .text.ev_dma_epin0_handler
                0x0000000000005b78       0x2c zephyr/libzephyr.a(nrfx_usbd.c.obj)
 .text.ev_dma_epout8_handler
                0x0000000000005ba4       0x40 zephyr/libzephyr.a(nrfx_usbd.c.obj)
 .text.ev_dma_epin8_handler
                0x0000000000005be4       0x4c zephyr/libzephyr.a(nrfx_usbd.c.obj)
 .text.ev_usbevent_handler
                0x0000000000005c30       0xac zephyr/libzephyr.a(nrfx_usbd.c.obj)
 .text.nrfx_usbd_uninit
                0x0000000000005cdc       0x38 zephyr/libzephyr.a(nrfx_usbd.c.obj)
                0x0000000000005cdc                nrfx_usbd_uninit
 .text.nrfx_usbd_enable
                0x0000000000005d14      0x18c zephyr/libzephyr.a(nrfx_usbd.c.obj)
                0x0000000000005d14                nrfx_usbd_enable
 .text.nrfx_usbd_start
                0x0000000000005ea0       0x70 zephyr/libzephyr.a(nrfx_usbd.c.obj)
                0x0000000000005ea0                nrfx_usbd_start
 .text.nrfx_usbd_is_enabled
                0x0000000000005f10       0x14 zephyr/libzephyr.a(nrfx_usbd.c.obj)
                0x0000000000005f10                nrfx_usbd_is_enabled
 .text.nrfx_usbd_ep_max_packet_size_set
                0x0000000000005f24       0x60 zephyr/libzephyr.a(nrfx_usbd.c.obj)
                0x0000000000005f24                nrfx_usbd_ep_max_packet_size_set
 .text.nrfx_usbd_init
                0x0000000000005f84       0xa0 zephyr/libzephyr.a(nrfx_usbd.c.obj)
                0x0000000000005f84                nrfx_usbd_init
 .text.nrfx_usbd_ep_transfer
                0x0000000000006024      0x134 zephyr/libzephyr.a(nrfx_usbd.c.obj)
                0x0000000000006024                nrfx_usbd_ep_transfer
 .text.nrfx_usbd_epout_size_get
                0x0000000000006158       0x50 zephyr/libzephyr.a(nrfx_usbd.c.obj)
                0x0000000000006158                nrfx_usbd_epout_size_get
 .text.usbd_dmareq_process
                0x00000000000061a8      0x228 zephyr/libzephyr.a(nrfx_usbd.c.obj)
 .text.ev_epdata_handler
                0x00000000000063d0       0x68 zephyr/libzephyr.a(nrfx_usbd.c.obj)
 .text.nrf_usbd_epout_dma_handler
                0x0000000000006438       0x60 zephyr/libzephyr.a(nrfx_usbd.c.obj)
 .text.nrfx_usbd_ep_stall
                0x0000000000006498       0x44 zephyr/libzephyr.a(nrfx_usbd.c.obj)
                0x0000000000006498                nrfx_usbd_ep_stall
 .text.nrfx_usbd_ep_stall_check
                0x00000000000064dc       0x40 zephyr/libzephyr.a(nrfx_usbd.c.obj)
                0x00000000000064dc                nrfx_usbd_ep_stall_check
 .text.nrfx_usbd_setup_get
                0x000000000000651c       0x44 zephyr/libzephyr.a(nrfx_usbd.c.obj)
                0x000000000000651c                nrfx_usbd_setup_get
 .text.ev_dma_epout0_handler
                0x0000000000006560       0x48 zephyr/libzephyr.a(nrfx_usbd.c.obj)
 .text.nrfx_usbd_last_setup_dir_get
                0x00000000000065a8        0xc zephyr/libzephyr.a(nrfx_usbd.c.obj)
                0x00000000000065a8                nrfx_usbd_last_setup_dir_get
 .text.nrfx_usbd_transfer_out_drop
                0x00000000000065b4       0xc4 zephyr/libzephyr.a(nrfx_usbd.c.obj)
                0x00000000000065b4                nrfx_usbd_transfer_out_drop
 .text.usbd_ep_abort
                0x0000000000006678      0x12c zephyr/libzephyr.a(nrfx_usbd.c.obj)
 .text.ev_setup_handler
                0x00000000000067a4       0x78 zephyr/libzephyr.a(nrfx_usbd.c.obj)
 .text.nrfx_usbd_irq_handler
                0x000000000000681c      0x174 zephyr/libzephyr.a(nrfx_usbd.c.obj)
                0x000000000000681c                nrfx_usbd_irq_handler
 .text.usbd_ep_abort_all
                0x0000000000006990       0x4c zephyr/libzephyr.a(nrfx_usbd.c.obj)
 .text.nrfx_usbd_stop
                0x00000000000069dc       0x64 zephyr/libzephyr.a(nrfx_usbd.c.obj)
                0x00000000000069dc                nrfx_usbd_stop
 .text.nrfx_usbd_disable
                0x0000000000006a40       0x50 zephyr/libzephyr.a(nrfx_usbd.c.obj)
                0x0000000000006a40                nrfx_usbd_disable
 .text.nrfx_usbd_suspend
                0x0000000000006a90       0x58 zephyr/libzephyr.a(nrfx_usbd.c.obj)
                0x0000000000006a90                nrfx_usbd_suspend
 .text.nrfx_usbd_ep_enable
                0x0000000000006ae8       0xb4 zephyr/libzephyr.a(nrfx_usbd.c.obj)
                0x0000000000006ae8                nrfx_usbd_ep_enable
 .text.nrfx_usbd_ep_stall_clear
                0x0000000000006b9c       0x54 zephyr/libzephyr.a(nrfx_usbd.c.obj)
                0x0000000000006b9c                nrfx_usbd_ep_stall_clear
 .text.z_log_msg_std_alloc
                0x0000000000006bf0       0x2c zephyr/libzephyr.a(log_core.c.obj)
 .text.enable_logger
                0x0000000000006c1c       0x44 zephyr/libzephyr.a(log_core.c.obj)
 .text.log_core_init
                0x0000000000006c60       0x40 zephyr/libzephyr.a(log_core.c.obj)
                0x0000000000006c60                log_core_init
 .text.dropped_notify
                0x0000000000006ca0       0x4c zephyr/libzephyr.a(log_core.c.obj)
                0x0000000000006ca0                dropped_notify
 .text.z_impl_log_process
                0x0000000000006cec       0xac zephyr/libzephyr.a(log_core.c.obj)
                0x0000000000006cec                z_impl_log_process
 .text.msg_finalize
                0x0000000000006d98       0x98 zephyr/libzephyr.a(log_core.c.obj)
 .text.log_dropped
                0x0000000000006e30       0x20 zephyr/libzephyr.a(log_core.c.obj)
                0x0000000000006e30                log_dropped
 .text.log_source_name_get
                0x0000000000006e50       0x1c zephyr/libzephyr.a(log_core.c.obj)
                0x0000000000006e50                log_source_name_get
 .text.log_backend_enable
                0x0000000000006e6c       0x24 zephyr/libzephyr.a(log_core.c.obj)
                0x0000000000006e6c                log_backend_enable
 .text.log_init
                0x0000000000006e90       0x70 zephyr/libzephyr.a(log_core.c.obj)
                0x0000000000006e90                log_init
 .text.z_impl_log_panic
                0x0000000000006f00       0x48 zephyr/libzephyr.a(log_core.c.obj)
                0x0000000000006f00                z_impl_log_panic
 .text.log_process_thread_func
                0x0000000000006f48       0x38 zephyr/libzephyr.a(log_core.c.obj)
 .text.log_strdup
                0x0000000000006f80       0x58 zephyr/libzephyr.a(log_core.c.obj)
                0x0000000000006f80                log_strdup
 .text.log_is_strdup
                0x0000000000006fd8       0x1c zephyr/libzephyr.a(log_core.c.obj)
                0x0000000000006fd8                log_is_strdup
 .text.log_free
                0x0000000000006ff4       0x34 zephyr/libzephyr.a(log_core.c.obj)
                0x0000000000006ff4                log_free
 .text.log_msg_pool_init
                0x0000000000007028       0x14 zephyr/libzephyr.a(log_msg.c.obj)
                0x0000000000007028                log_msg_pool_init
 .text.log_msg_no_space_handle
                0x000000000000703c       0x30 zephyr/libzephyr.a(log_msg.c.obj)
                0x000000000000703c                log_msg_no_space_handle
 .text.log_msg_chunk_alloc
                0x000000000000706c       0x24 zephyr/libzephyr.a(log_msg.c.obj)
 .text.msg_free
                0x0000000000007090       0x64 zephyr/libzephyr.a(log_msg.c.obj)
 .text.print_formatted
                0x00000000000070f4       0x24 zephyr/libzephyr.a(log_output.c.obj)
 .text.prefix_print
                0x0000000000007118      0x11c zephyr/libzephyr.a(log_output.c.obj)
 .text.hexdump_line_print
                0x0000000000007234       0xc0 zephyr/libzephyr.a(log_output.c.obj)
 .text.postfix_print
                0x00000000000072f4       0x3c zephyr/libzephyr.a(log_output.c.obj)
 .text.log_output_msg_process
                0x0000000000007330       0xec zephyr/libzephyr.a(log_output.c.obj)
                0x0000000000007330                log_output_msg_process
 .text.log_output_dropped_process
                0x000000000000741c       0x54 zephyr/libzephyr.a(log_output.c.obj)
                0x000000000000741c                log_output_dropped_process
 .text.log_output_timestamp_freq_set
                0x0000000000007470       0x30 zephyr/libzephyr.a(log_output.c.obj)
                0x0000000000007470                log_output_timestamp_freq_set
 .text.panic    0x00000000000074a0        0xc zephyr/libzephyr.a(log_backend_uart.c.obj)
 .text.dropped  0x00000000000074ac        0xc zephyr/libzephyr.a(log_backend_uart.c.obj)
 .text.put      0x00000000000074b8       0x24 zephyr/libzephyr.a(log_backend_uart.c.obj)
 .text.log_backend_uart_init
                0x00000000000074dc       0x30 zephyr/libzephyr.a(log_backend_uart.c.obj)
 .text.tty_init
                0x000000000000750c       0x34 zephyr/libzephyr.a(tty.c.obj)
                0x000000000000750c                tty_init
 .text.console_putchar
                0x0000000000007540       0x1c zephyr/libzephyr.a(getchar.c.obj)
                0x0000000000007540                console_putchar
 .text.console_getchar
                0x000000000000755c       0x20 zephyr/libzephyr.a(getchar.c.obj)
                0x000000000000755c                console_getchar
 .text.console_init
                0x000000000000757c       0x3c zephyr/libzephyr.a(getchar.c.obj)
                0x000000000000757c                console_init
 .text.parse_option
                0x00000000000075b8      0x160 zephyr/libzephyr.a(coap.c.obj)
 .text.zsock_accepted_cb
                0x0000000000007718       0x2c zephyr/libzephyr.a(sockets.c.obj)
 .text.zsock_socket_internal
                0x0000000000007744       0x78 zephyr/libzephyr.a(sockets.c.obj)
                0x0000000000007744                zsock_socket_internal
 .text.zsock_bind_ctx
                0x00000000000077bc       0x48 zephyr/libzephyr.a(sockets.c.obj)
                0x00000000000077bc                zsock_bind_ctx
 .text.zsock_connect_ctx
                0x0000000000007804       0x40 zephyr/libzephyr.a(sockets.c.obj)
                0x0000000000007804                zsock_connect_ctx
 .text.zsock_listen_ctx
                0x0000000000007844       0x34 zephyr/libzephyr.a(sockets.c.obj)
                0x0000000000007844                zsock_listen_ctx
 .text.zsock_accept_ctx
                0x0000000000007878       0x80 zephyr/libzephyr.a(sockets.c.obj)
                0x0000000000007878                zsock_accept_ctx
 .text.zsock_sendto_ctx
                0x00000000000078f8       0x88 zephyr/libzephyr.a(sockets.c.obj)
                0x00000000000078f8                zsock_sendto_ctx
 .text.z_impl_zsock_poll
                0x0000000000007980      0x12c zephyr/libzephyr.a(sockets.c.obj)
                0x0000000000007980                z_impl_zsock_poll
 .text.forward_status_cb
                0x0000000000007aac       0x40 zephyr/libzephyr.a(usb_device.c.obj)
 .text.usb_handle_vendor_request
                0x0000000000007aec       0x3c zephyr/libzephyr.a(usb_device.c.obj)
 .text.usb_data_to_host
                0x0000000000007b28       0x44 zephyr/libzephyr.a(usb_device.c.obj)
 .text.usb_handle_request.constprop.7
                0x0000000000007b6c       0x2c zephyr/libzephyr.a(usb_device.c.obj)
 .text.usb_handle_control_transfer
                0x0000000000007b98       0xcc zephyr/libzephyr.a(usb_device.c.obj)
 .text.k_work_submit_to_queue.constprop.9
                0x0000000000007c64       0x30 zephyr/libzephyr.a(usb_device.c.obj)
 .text.usb_handle_standard_request
                0x0000000000007c94      0x2d4 zephyr/libzephyr.a(usb_device.c.obj)
 .text.usb_set_config
                0x0000000000007f68       0x5c zephyr/libzephyr.a(usb_device.c.obj)
                0x0000000000007f68                usb_set_config
 .text.usb_enable
                0x0000000000007fc4       0xe0 zephyr/libzephyr.a(usb_device.c.obj)
                0x0000000000007fc4                usb_enable
 .text.usb_transfer_ep_callback
                0x00000000000080a4       0x98 zephyr/libzephyr.a(usb_device.c.obj)
                0x00000000000080a4                usb_transfer_ep_callback
 .text.usb_transfer
                0x000000000000813c       0xf8 zephyr/libzephyr.a(usb_device.c.obj)
                0x000000000000813c                usb_transfer
 .text.usb_cancel_transfer
                0x0000000000008234       0x54 zephyr/libzephyr.a(usb_device.c.obj)
                0x0000000000008234                usb_cancel_transfer
 .text.usb_transfer_sync
                0x0000000000008288       0x40 zephyr/libzephyr.a(usb_device.c.obj)
                0x0000000000008288                usb_transfer_sync
 .text.usb_get_str_descriptor_idx
                0x00000000000082c8       0x24 zephyr/libzephyr.a(usb_descriptor.c.obj)
                0x00000000000082c8                usb_get_str_descriptor_idx
 .text.usb_fix_descriptor
                0x00000000000082ec      0x244 zephyr/libzephyr.a(usb_descriptor.c.obj)
 .text.usb_get_device_descriptor
                0x0000000000008530       0x40 zephyr/libzephyr.a(usb_descriptor.c.obj)
                0x0000000000008530                usb_get_device_descriptor
 .text.usb_handle_os_desc
                0x0000000000008570       0x2c zephyr/libzephyr.a(os_desc.c.obj)
                0x0000000000008570                usb_handle_os_desc
 .text.usb_handle_os_desc_feature
                0x000000000000859c       0x2c zephyr/libzephyr.a(os_desc.c.obj)
                0x000000000000859c                usb_handle_os_desc_feature
 .text.usb_os_desc_enabled
                0x00000000000085c8       0x10 zephyr/libzephyr.a(os_desc.c.obj)
                0x00000000000085c8                usb_os_desc_enabled
 .text.sys_rand32_get
                0x00000000000085d8       0x50 zephyr/libzephyr.a(rand32_entropy_device.c.obj)
                0x00000000000085d8                sys_rand32_get
 .text.console_out
                0x0000000000008628       0x34 zephyr/libzephyr.a(uart_console.c.obj)
 .text.uart_console_hook_install
                0x000000000000865c       0x18 zephyr/libzephyr.a(uart_console.c.obj)
                0x000000000000865c                uart_console_hook_install
 .text.uart_console_init
                0x0000000000008674       0x1c zephyr/libzephyr.a(uart_console.c.obj)
 .text.m16src_stop
                0x0000000000008690       0x74 zephyr/libzephyr.a(nrf_power_clock.c.obj)
 .text.m16src_start
                0x0000000000008704       0xc4 zephyr/libzephyr.a(nrf_power_clock.c.obj)
 .text.k32src_start
                0x00000000000087c8       0xb0 zephyr/libzephyr.a(nrf_power_clock.c.obj)
 .text.nrf_power_clock_isr
                0x0000000000008878      0x158 zephyr/libzephyr.a(nrf_power_clock.c.obj)
                0x0000000000008878                nrf_power_clock_isr
 .text.endpoint_ctx
                0x00000000000089d0       0x40 zephyr/libzephyr.a(usb_dc_nrfx.c.obj)
 .text.usbd_evt_put
                0x0000000000008a10        0xc zephyr/libzephyr.a(usb_dc_nrfx.c.obj)
 .text.hf_clock_enable.constprop.9
                0x0000000000008a1c       0xb0 zephyr/libzephyr.a(usb_dc_nrfx.c.obj)
 .text.usbd_work_schedule
                0x0000000000008acc       0x30 zephyr/libzephyr.a(usb_dc_nrfx.c.obj)
 .text.usbd_evt_flush
                0x0000000000008afc       0x1c zephyr/libzephyr.a(usb_dc_nrfx.c.obj)
 .text.usbd_evt_alloc
                0x0000000000008b18       0xa0 zephyr/libzephyr.a(usb_dc_nrfx.c.obj)
 .text.usbd_event_transfer_data
                0x0000000000008bb8       0xe0 zephyr/libzephyr.a(usb_dc_nrfx.c.obj)
 .text.usbd_event_handler
                0x0000000000008c98      0x18c zephyr/libzephyr.a(usb_dc_nrfx.c.obj)
 .text.eps_ctx_init
                0x0000000000008e24      0x18c zephyr/libzephyr.a(usb_dc_nrfx.c.obj)
 .text.usbd_work_handler
                0x0000000000008fb0      0x330 zephyr/libzephyr.a(usb_dc_nrfx.c.obj)
 .text.usb_dc_nrfx_power_event_callback
                0x00000000000092e0       0x70 zephyr/libzephyr.a(usb_dc_nrfx.c.obj)
                0x00000000000092e0                usb_dc_nrfx_power_event_callback
 .text.usb_dc_attach
                0x0000000000009350       0x80 zephyr/libzephyr.a(usb_dc_nrfx.c.obj)
                0x0000000000009350                usb_dc_attach
 .text.usb_dc_set_address
                0x00000000000093d0       0x20 zephyr/libzephyr.a(usb_dc_nrfx.c.obj)
                0x00000000000093d0                usb_dc_set_address
 .text.usb_dc_ep_check_cap
                0x00000000000093f0       0x84 zephyr/libzephyr.a(usb_dc_nrfx.c.obj)
                0x00000000000093f0                usb_dc_ep_check_cap
 .text.usb_dc_ep_configure
                0x0000000000009474       0x68 zephyr/libzephyr.a(usb_dc_nrfx.c.obj)
                0x0000000000009474                usb_dc_ep_configure
 .text.usb_dc_ep_set_stall
                0x00000000000094dc       0x74 zephyr/libzephyr.a(usb_dc_nrfx.c.obj)
                0x00000000000094dc                usb_dc_ep_set_stall
 .text.usb_dc_ep_clear_stall
                0x0000000000009550       0x30 zephyr/libzephyr.a(usb_dc_nrfx.c.obj)
                0x0000000000009550                usb_dc_ep_clear_stall
 .text.usb_dc_ep_is_stalled
                0x0000000000009580       0x34 zephyr/libzephyr.a(usb_dc_nrfx.c.obj)
                0x0000000000009580                usb_dc_ep_is_stalled
 .text.usb_dc_ep_enable
                0x00000000000095b4       0x3c zephyr/libzephyr.a(usb_dc_nrfx.c.obj)
                0x00000000000095b4                usb_dc_ep_enable
 .text.usb_dc_ep_write
                0x00000000000095f0      0x100 zephyr/libzephyr.a(usb_dc_nrfx.c.obj)
                0x00000000000095f0                usb_dc_ep_write
 .text.usb_dc_ep_read_wait
                0x00000000000096f0       0x88 zephyr/libzephyr.a(usb_dc_nrfx.c.obj)
                0x00000000000096f0                usb_dc_ep_read_wait
 .text.usb_dc_ep_read_continue
                0x0000000000009778       0x74 zephyr/libzephyr.a(usb_dc_nrfx.c.obj)
                0x0000000000009778                usb_dc_ep_read_continue
 .text.usb_dc_ep_set_callback
                0x00000000000097ec       0x28 zephyr/libzephyr.a(usb_dc_nrfx.c.obj)
                0x00000000000097ec                usb_dc_ep_set_callback
 .text.usb_dc_set_status_callback
                0x0000000000009814        0xc zephyr/libzephyr.a(usb_dc_nrfx.c.obj)
                0x0000000000009814                usb_dc_set_status_callback
 .text.usb_dc_ep_mps
                0x0000000000009820       0x24 zephyr/libzephyr.a(usb_dc_nrfx.c.obj)
                0x0000000000009820                usb_dc_ep_mps
 .text.rtc1_nrf_isr
                0x0000000000009844       0x4c zephyr/libzephyr.a(nrf_rtc_timer.c.obj)
                0x0000000000009844                rtc1_nrf_isr
 .text.z_clock_driver_init
                0x0000000000009890       0x90 zephyr/libzephyr.a(nrf_rtc_timer.c.obj)
                0x0000000000009890                z_clock_driver_init
 .text.z_clock_set_timeout
                0x0000000000009920       0x78 zephyr/libzephyr.a(nrf_rtc_timer.c.obj)
                0x0000000000009920                z_clock_set_timeout
 .text.z_clock_elapsed
                0x0000000000009998       0x3c zephyr/libzephyr.a(nrf_rtc_timer.c.obj)
                0x0000000000009998                z_clock_elapsed
 .text.z_timer_cycle_get_32
                0x00000000000099d4       0x34 zephyr/libzephyr.a(nrf_rtc_timer.c.obj)
                0x00000000000099d4                z_timer_cycle_get_32
 .text._HandlerModeExit
                0x0000000000009a08       0x1c zephyr/arch/arch/arm/core/libarch__arm__core.a(exc_exit.S.obj)
                0x0000000000009a08                z_ExcExit
                0x0000000000009a08                _IntExit
 .text.z_IntLibInit
                0x0000000000009a24       0x18 zephyr/arch/arch/arm/core/libarch__arm__core.a(irq_init.c.obj)
                0x0000000000009a24                z_IntLibInit
 .text.__swap   0x0000000000009a3c       0x34 zephyr/arch/arch/arm/core/libarch__arm__core.a(swap.c.obj)
                0x0000000000009a3c                __swap
 .text.__pendsv
                0x0000000000009a70       0x58 zephyr/arch/arch/arm/core/libarch__arm__core.a(swap_helper.S.obj)
                0x0000000000009a70                __pendsv
 .text.__svc    0x0000000000009ac8       0x24 zephyr/arch/arch/arm/core/libarch__arm__core.a(swap_helper.S.obj)
                0x0000000000009ac8                __svc
 .text.MpuFault.isra.2
                0x0000000000009aec       0x94 zephyr/arch/arch/arm/core/libarch__arm__core.a(fault.c.obj)
 .text.BusFault.isra.3
                0x0000000000009b80       0xa0 zephyr/arch/arch/arm/core/libarch__arm__core.a(fault.c.obj)
 .text.UsageFault.isra.4
                0x0000000000009c20       0x88 zephyr/arch/arch/arm/core/libarch__arm__core.a(fault.c.obj)
 .text._Fault   0x0000000000009ca8       0xd4 zephyr/arch/arch/arm/core/libarch__arm__core.a(fault.c.obj)
                0x0000000000009ca8                _Fault
 .text.z_FaultInit
                0x0000000000009d7c       0x10 zephyr/arch/arch/arm/core/libarch__arm__core.a(fault.c.obj)
                0x0000000000009d7c                z_FaultInit
 .text.z_arch_irq_enable
                0x0000000000009d8c       0x20 zephyr/arch/arch/arm/core/libarch__arm__core.a(irq_manage.c.obj)
                0x0000000000009d8c                z_arch_irq_enable
 .text.z_arch_irq_disable
                0x0000000000009dac       0x28 zephyr/arch/arch/arm/core/libarch__arm__core.a(irq_manage.c.obj)
                0x0000000000009dac                z_arch_irq_disable
 .text.z_arch_irq_is_enabled
                0x0000000000009dd4       0x1c zephyr/arch/arch/arm/core/libarch__arm__core.a(irq_manage.c.obj)
                0x0000000000009dd4                z_arch_irq_is_enabled
 .text.z_irq_priority_set
                0x0000000000009df0       0x30 zephyr/arch/arch/arm/core/libarch__arm__core.a(irq_manage.c.obj)
                0x0000000000009df0                z_irq_priority_set
 .text.z_new_thread
                0x0000000000009e20       0x54 zephyr/arch/arch/arm/core/libarch__arm__core.a(thread.c.obj)
                0x0000000000009e20                z_new_thread
 .text.z_CpuIdleInit
                0x0000000000009e74        0xc zephyr/arch/arch/arm/core/libarch__arm__core.a(cpu_idle.S.obj)
                0x0000000000009e74                z_CpuIdleInit
 .text.k_cpu_idle
                0x0000000000009e80        0xc zephyr/arch/arch/arm/core/libarch__arm__core.a(cpu_idle.S.obj)
                0x0000000000009e80                k_cpu_idle
 .text.__fault  0x0000000000009e8c       0x28 zephyr/arch/arch/arm/core/libarch__arm__core.a(fault_s.S.obj)
                0x0000000000009e8c                __usage_fault
                0x0000000000009e8c                __reserved
                0x0000000000009e8c                __bus_fault
                0x0000000000009e8c                __mpu_fault
                0x0000000000009e8c                __hard_fault
 .text.z_NanoFatalErrorHandler
                0x0000000000009eb4       0x68 zephyr/arch/arch/arm/core/libarch__arm__core.a(fatal.c.obj)
                0x0000000000009eb4                z_NanoFatalErrorHandler
 .text.z_SysFatalErrorHandler
                0x0000000000009f1c       0x58 zephyr/arch/arch/arm/core/libarch__arm__core.a(sys_fatal_error_handler.c.obj)
                0x0000000000009f1c                z_SysFatalErrorHandler
 .text.z_impl_k_thread_abort
                0x0000000000009f74       0x4c zephyr/arch/arch/arm/core/libarch__arm__core.a(thread_abort.c.obj)
                0x0000000000009f74                z_impl_k_thread_abort
 .text._isr_wrapper
                0x0000000000009fc0       0x40 zephyr/arch/arch/arm/core/libarch__arm__core.a(isr_wrapper.S.obj)
                0x0000000000009fc0                _isr_wrapper
 .text._reset_section
                0x000000000000a000       0x2c zephyr/arch/arch/arm/core/cortex_m/libarch__arm__core__cortex_m.a(reset.S.obj)
                0x000000000000a000                __reset
                0x000000000000a000                __start
 .text.z_SysNmiOnReset
                0x000000000000a02c        0x8 zephyr/arch/arch/arm/core/cortex_m/libarch__arm__core__cortex_m.a(nmi_on_reset.S.obj)
                0x000000000000a02c                z_SysNmiOnReset
 .text._PrepC   0x000000000000a034       0x2c zephyr/arch/arch/arm/core/cortex_m/libarch__arm__core__cortex_m.a(prep_c.c.obj)
                0x000000000000a034                _PrepC
 .text.z_arch_configure_static_mpu_regions
                0x000000000000a060       0x38 zephyr/arch/arch/arm/core/cortex_m/mpu/libarch__arm__core__cortex_m__mpu.a(arm_core_mpu.c.obj)
                0x000000000000a060                z_arch_configure_static_mpu_regions
 .text.mpu_configure_regions
                0x000000000000a098       0xd0 zephyr/arch/arch/arm/core/cortex_m/mpu/libarch__arm__core__cortex_m__mpu.a(arm_mpu.c.obj)
 .text.arm_core_mpu_enable
                0x000000000000a168       0x14 zephyr/arch/arch/arm/core/cortex_m/mpu/libarch__arm__core__cortex_m__mpu.a(arm_mpu.c.obj)
                0x000000000000a168                arm_core_mpu_enable
 .text.arm_core_mpu_disable
                0x000000000000a17c       0x10 zephyr/arch/arch/arm/core/cortex_m/mpu/libarch__arm__core__cortex_m__mpu.a(arm_mpu.c.obj)
                0x000000000000a17c                arm_core_mpu_disable
 .text.arm_mpu_init
                0x000000000000a18c       0x5c zephyr/arch/arch/arm/core/cortex_m/mpu/libarch__arm__core__cortex_m__mpu.a(arm_mpu.c.obj)
 .text.arm_core_mpu_configure_static_mpu_regions
                0x000000000000a1e8       0x14 zephyr/arch/arch/arm/core/cortex_m/mpu/libarch__arm__core__cortex_m__mpu.a(arm_mpu.c.obj)
                0x000000000000a1e8                arm_core_mpu_configure_static_mpu_regions
 .text.arm_core_mpu_configure_dynamic_mpu_regions
                0x000000000000a1fc       0x2c zephyr/arch/arch/arm/core/cortex_m/mpu/libarch__arm__core__cortex_m__mpu.a(arm_mpu.c.obj)
                0x000000000000a1fc                arm_core_mpu_configure_dynamic_mpu_regions
 .text.__stdout_hook_install
                0x000000000000a228        0xc zephyr/lib/libc/newlib/liblib__libc__newlib.a(libc-hooks.c.obj)
                0x000000000000a228                __stdout_hook_install
 .text.z_impl_zephyr_read_stdin
                0x000000000000a234       0x28 zephyr/lib/libc/newlib/liblib__libc__newlib.a(libc-hooks.c.obj)
                0x000000000000a234                z_impl_zephyr_read_stdin
 .text.z_impl_zephyr_write_stdout
                0x000000000000a25c       0x30 zephyr/lib/libc/newlib/liblib__libc__newlib.a(libc-hooks.c.obj)
                0x000000000000a25c                z_impl_zephyr_write_stdout
 .text._exit    0x000000000000a28c       0x10 zephyr/lib/libc/newlib/liblib__libc__newlib.a(libc-hooks.c.obj)
                0x000000000000a28c                _exit
 .text._sbrk    0x000000000000a29c       0x28 zephyr/lib/libc/newlib/liblib__libc__newlib.a(libc-hooks.c.obj)
                0x000000000000a29c                _sbrk
                0x000000000000a29c                sbrk
 .text.net_buf_id
                0x000000000000a2c4       0x1c zephyr/subsys/net/libsubsys__net.a(buf.c.obj)
                0x000000000000a2c4                net_buf_id
 .text.fixed_data_alloc
                0x000000000000a2e0       0x2c zephyr/subsys/net/libsubsys__net.a(buf.c.obj)
 .text.net_buf_alloc_len
                0x000000000000a30c       0xe4 zephyr/subsys/net/libsubsys__net.a(buf.c.obj)
                0x000000000000a30c                net_buf_alloc_len
 .text.net_buf_unref
                0x000000000000a3f0       0x5c zephyr/subsys/net/libsubsys__net.a(buf.c.obj)
                0x000000000000a3f0                net_buf_unref
 .text.arp_request_timeout
                0x000000000000a44c       0x98 zephyr/subsys/net/l2/ethernet/libsubsys__net__l2__ethernet.a(arp.c.obj)
 .text.arp_update
                0x000000000000a4e4       0xc4 zephyr/subsys/net/l2/ethernet/libsubsys__net__l2__ethernet.a(arp.c.obj)
 .text.net_arp_prepare
                0x000000000000a5a8      0x204 zephyr/subsys/net/l2/ethernet/libsubsys__net__l2__ethernet.a(arp.c.obj)
                0x000000000000a5a8                net_arp_prepare
 .text.net_arp_clear_cache
                0x000000000000a7ac       0xbc zephyr/subsys/net/l2/ethernet/libsubsys__net__l2__ethernet.a(arp.c.obj)
                0x000000000000a7ac                net_arp_clear_cache
 .text.net_arp_init
                0x000000000000a868       0x4c zephyr/subsys/net/l2/ethernet/libsubsys__net__l2__ethernet.a(arp.c.obj)
                0x000000000000a868                net_arp_init
 .text.ethernet_send
                0x000000000000a8b4      0x158 zephyr/subsys/net/l2/ethernet/libsubsys__net__l2__ethernet.a(ethernet.c.obj)
 .text.net_eth_broadcast_addr
                0x000000000000aa0c        0x8 zephyr/subsys/net/l2/ethernet/libsubsys__net__l2__ethernet.a(ethernet.c.obj)
                0x000000000000aa0c                net_eth_broadcast_addr
 .text.check_used_port
                0x000000000000aa14       0x60 zephyr/subsys/net/ip/libsubsys__net__ip.a(net_context.c.obj)
 .text.find_available_port
                0x000000000000aa74       0x2c zephyr/subsys/net/ip/libsubsys__net__ip.a(net_context.c.obj)
 .text.net_context_packet_received
                0x000000000000aaa0       0x9c zephyr/subsys/net/ip/libsubsys__net__ip.a(net_context.c.obj)
                0x000000000000aaa0                net_context_packet_received
 .text.net_context_get
                0x000000000000ab3c      0x190 zephyr/subsys/net/ip/libsubsys__net__ip.a(net_context.c.obj)
                0x000000000000ab3c                net_context_get
 .text.net_context_put
                0x000000000000accc       0x48 zephyr/subsys/net/ip/libsubsys__net__ip.a(net_context.c.obj)
                0x000000000000accc                net_context_put
 .text.net_context_bind
                0x000000000000ad14      0x110 zephyr/subsys/net/ip/libsubsys__net__ip.a(net_context.c.obj)
                0x000000000000ad14                net_context_bind
 .text.net_context_recv
                0x000000000000ae24      0x104 zephyr/subsys/net/ip/libsubsys__net__ip.a(net_context.c.obj)
                0x000000000000ae24                net_context_recv
 .text.net_context_init
                0x000000000000af28       0x10 zephyr/subsys/net/ip/libsubsys__net__ip.a(net_context.c.obj)
                0x000000000000af28                net_context_init
 .text.net_recv_data
                0x000000000000af38       0x74 zephyr/subsys/net/ip/libsubsys__net__ip.a(net_core.c.obj)
                0x000000000000af38                net_recv_data
 .text.net_ipv4_is_ll_addr
                0x000000000000afac       0x18 zephyr/subsys/net/ip/libsubsys__net__ip.a(net_if.c.obj)
 .text.net_if_ipv4_get_best_match.isra.14
                0x000000000000afc4       0x70 zephyr/subsys/net/ip/libsubsys__net__ip.a(net_if.c.obj)
 .text.net_if_queue_tx
                0x000000000000b034       0x24 zephyr/subsys/net/ip/libsubsys__net__ip.a(net_if.c.obj)
                0x000000000000b034                net_if_queue_tx
 .text.net_if_get_default
                0x000000000000b058       0x14 zephyr/subsys/net/ip/libsubsys__net__ip.a(net_if.c.obj)
                0x000000000000b058                net_if_get_default
 .text.net_if_config_ipv4_get
                0x000000000000b06c       0x2c zephyr/subsys/net/ip/libsubsys__net__ip.a(net_if.c.obj)
                0x000000000000b06c                net_if_config_ipv4_get
 .text.net_if_ipv4_is_addr_bcast
                0x000000000000b098       0x30 zephyr/subsys/net/ip/libsubsys__net__ip.a(net_if.c.obj)
                0x000000000000b098                net_if_ipv4_is_addr_bcast
 .text.net_if_ipv4_select_src_iface
                0x000000000000b0c8       0x34 zephyr/subsys/net/ip/libsubsys__net__ip.a(net_if.c.obj)
                0x000000000000b0c8                net_if_ipv4_select_src_iface
 .text.net_if_ipv4_select_src_addr
                0x000000000000b0fc       0x9c zephyr/subsys/net/ip/libsubsys__net__ip.a(net_if.c.obj)
                0x000000000000b0fc                net_if_ipv4_select_src_addr
 .text.net_if_ipv4_addr_lookup
                0x000000000000b198       0x3c zephyr/subsys/net/ip/libsubsys__net__ip.a(net_if.c.obj)
                0x000000000000b198                net_if_ipv4_addr_lookup
 .text.net_if_ipv4_addr_add
                0x000000000000b1d4       0x80 zephyr/subsys/net/ip/libsubsys__net__ip.a(net_if.c.obj)
                0x000000000000b1d4                net_if_ipv4_addr_add
 .text.net_if_ipv4_maddr_lookup
                0x000000000000b254       0x44 zephyr/subsys/net/ip/libsubsys__net__ip.a(net_if.c.obj)
                0x000000000000b254                net_if_ipv4_maddr_lookup
 .text.net_if_call_link_cb
                0x000000000000b298       0x28 zephyr/subsys/net/ip/libsubsys__net__ip.a(net_if.c.obj)
                0x000000000000b298                net_if_call_link_cb
 .text.process_tx_packet
                0x000000000000b2c0       0xa8 zephyr/subsys/net/ip/libsubsys__net__ip.a(net_if.c.obj)
 .text.net_if_send_data
                0x000000000000b368       0x8c zephyr/subsys/net/ip/libsubsys__net__ip.a(net_if.c.obj)
                0x000000000000b368                net_if_send_data
 .text.net_if_need_calc_tx_checksum
                0x000000000000b3f4       0x18 zephyr/subsys/net/ip/libsubsys__net__ip.a(net_if.c.obj)
                0x000000000000b3f4                net_if_need_calc_tx_checksum
 .text.net_if_need_calc_rx_checksum
                0x000000000000b40c       0x18 zephyr/subsys/net/ip/libsubsys__net__ip.a(net_if.c.obj)
                0x000000000000b40c                net_if_need_calc_rx_checksum
 .text.net_if_get_by_index
                0x000000000000b424       0x24 zephyr/subsys/net/ip/libsubsys__net__ip.a(net_if.c.obj)
                0x000000000000b424                net_if_get_by_index
 .text.net_if_get_by_iface
                0x000000000000b448       0x24 zephyr/subsys/net/ip/libsubsys__net__ip.a(net_if.c.obj)
                0x000000000000b448                net_if_get_by_iface
 .text.net_if_up
                0x000000000000b46c       0x54 zephyr/subsys/net/ip/libsubsys__net__ip.a(net_if.c.obj)
                0x000000000000b46c                net_if_up
 .text.net_if_down
                0x000000000000b4c0       0x48 zephyr/subsys/net/ip/libsubsys__net__ip.a(net_if.c.obj)
                0x000000000000b4c0                net_if_down
 .text.net_if_init
                0x000000000000b508       0xac zephyr/subsys/net/ip/libsubsys__net__ip.a(net_if.c.obj)
                0x000000000000b508                net_if_init
 .text.net_if_post_init
                0x000000000000b5b4       0x20 zephyr/subsys/net/ip/libsubsys__net__ip.a(net_if.c.obj)
                0x000000000000b5b4                net_if_post_init
 .text.net_pkt_get_reserve_rx_data
                0x000000000000b5d4        0xc zephyr/subsys/net/ip/libsubsys__net__ip.a(net_pkt.c.obj)
                0x000000000000b5d4                net_pkt_get_reserve_rx_data
 .text.net_pkt_get_reserve_tx_data
                0x000000000000b5e0        0xc zephyr/subsys/net/ip/libsubsys__net__ip.a(net_pkt.c.obj)
                0x000000000000b5e0                net_pkt_get_reserve_tx_data
 .text.net_pkt_get_frag
                0x000000000000b5ec       0x18 zephyr/subsys/net/ip/libsubsys__net__ip.a(net_pkt.c.obj)
                0x000000000000b5ec                net_pkt_get_frag
 .text.net_pkt_alloc_buffer
                0x000000000000b604      0x180 zephyr/subsys/net/ip/libsubsys__net__ip.a(net_pkt.c.obj)
                0x000000000000b604                net_pkt_alloc_buffer
 .text.net_pkt_alloc_with_buffer
                0x000000000000b784       0x1c zephyr/subsys/net/ip/libsubsys__net__ip.a(net_pkt.c.obj)
                0x000000000000b784                net_pkt_alloc_with_buffer
 .text.net_pkt_get_data
                0x000000000000b7a0       0x74 zephyr/subsys/net/ip/libsubsys__net__ip.a(net_pkt.c.obj)
                0x000000000000b7a0                net_pkt_get_data
 .text.net_tc_submit_to_tx_queue
                0x000000000000b814       0x14 zephyr/subsys/net/ip/libsubsys__net__ip.a(net_tc.c.obj)
                0x000000000000b814                net_tc_submit_to_tx_queue
 .text.net_tc_submit_to_rx_queue
                0x000000000000b828       0x14 zephyr/subsys/net/ip/libsubsys__net__ip.a(net_tc.c.obj)
                0x000000000000b828                net_tc_submit_to_rx_queue
 .text.net_tx_priority2tc
                0x000000000000b83c       0x10 zephyr/subsys/net/ip/libsubsys__net__ip.a(net_tc.c.obj)
                0x000000000000b83c                net_tx_priority2tc
 .text.net_tc_tx_init
                0x000000000000b84c       0x34 zephyr/subsys/net/ip/libsubsys__net__ip.a(net_tc.c.obj)
                0x000000000000b84c                net_tc_tx_init
 .text.net_tc_rx_init
                0x000000000000b880       0x34 zephyr/subsys/net/ip/libsubsys__net__ip.a(net_tc.c.obj)
                0x000000000000b880                net_tc_rx_init
 .text.net_addr_ntop
                0x000000000000b8b4      0x1b4 zephyr/subsys/net/ip/libsubsys__net__ip.a(utils.c.obj)
                0x000000000000b8b4                net_addr_ntop
 .text.net_sprint_addr
                0x000000000000ba68       0x2c zephyr/subsys/net/ip/libsubsys__net__ip.a(utils.c.obj)
                0x000000000000ba68                net_sprint_addr
 .text.net_icmpv4_register_handler
                0x000000000000ba94       0x14 zephyr/subsys/net/ip/libsubsys__net__ip.a(icmpv4.c.obj)
                0x000000000000ba94                net_icmpv4_register_handler
 .text.net_icmpv4_input
                0x000000000000baa8       0x80 zephyr/subsys/net/ip/libsubsys__net__ip.a(icmpv4.c.obj)
                0x000000000000baa8                net_icmpv4_input
 .text.net_icmpv4_init
                0x000000000000bb28        0xc zephyr/subsys/net/ip/libsubsys__net__ip.a(icmpv4.c.obj)
                0x000000000000bb28                net_icmpv4_init
 .text.net_ipv4_is_addr_bcast
                0x000000000000bb34       0x18 zephyr/subsys/net/ip/libsubsys__net__ip.a(ipv4.c.obj)
 .text.net_ipv4_unspecified_address
                0x000000000000bb4c        0x8 zephyr/subsys/net/ip/libsubsys__net__ip.a(ipv4.c.obj)
                0x000000000000bb4c                net_ipv4_unspecified_address
 .text.net_ipv4_broadcast_address
                0x000000000000bb54        0x8 zephyr/subsys/net/ip/libsubsys__net__ip.a(ipv4.c.obj)
                0x000000000000bb54                net_ipv4_broadcast_address
 .text.net_ipv4_input
                0x000000000000bb5c      0x164 zephyr/subsys/net/ip/libsubsys__net__ip.a(ipv4.c.obj)
                0x000000000000bb5c                net_ipv4_input
 .text.mgmt_thread
                0x000000000000bcc0      0x124 zephyr/subsys/net/ip/libsubsys__net__ip.a(net_mgmt.c.obj)
 .text.net_mgmt_event_notify_with_info
                0x000000000000bde4       0xa0 zephyr/subsys/net/ip/libsubsys__net__ip.a(net_mgmt.c.obj)
                0x000000000000bde4                net_mgmt_event_notify_with_info
 .text.net_mgmt_event_init
                0x000000000000be84       0x78 zephyr/subsys/net/ip/libsubsys__net__ip.a(net_mgmt.c.obj)
                0x000000000000be84                net_mgmt_event_init
 .text.net_conn_unregister
                0x000000000000befc       0x30 zephyr/subsys/net/ip/libsubsys__net__ip.a(connection.c.obj)
                0x000000000000befc                net_conn_unregister
 .text.net_conn_register
                0x000000000000bf2c      0x204 zephyr/subsys/net/ip/libsubsys__net__ip.a(connection.c.obj)
                0x000000000000bf2c                net_conn_register
 .text.net_conn_input
                0x000000000000c130      0x194 zephyr/subsys/net/ip/libsubsys__net__ip.a(connection.c.obj)
                0x000000000000c130                net_conn_input
 .text.k_delayed_work_submit
                0x000000000000c2c4       0x10 zephyr/subsys/net/ip/libsubsys__net__ip.a(tcp.c.obj)
 .text.tcp_backlog_find.isra.31
                0x000000000000c2d4       0x50 zephyr/subsys/net/ip/libsubsys__net__ip.a(tcp.c.obj)
 .text.net_tcp_alloc
                0x000000000000c324       0xbc zephyr/subsys/net/ip/libsubsys__net__ip.a(tcp.c.obj)
                0x000000000000c324                net_tcp_alloc
 .text.net_tcp_send_pkt
                0x000000000000c3e0      0x140 zephyr/subsys/net/ip/libsubsys__net__ip.a(tcp.c.obj)
                0x000000000000c3e0                net_tcp_send_pkt
 .text.net_tcp_release
                0x000000000000c520       0xc0 zephyr/subsys/net/ip/libsubsys__net__ip.a(tcp.c.obj)
                0x000000000000c520                net_tcp_release
 .text.net_tcp_ack_received
                0x000000000000c5e0      0x1b4 zephyr/subsys/net/ip/libsubsys__net__ip.a(tcp.c.obj)
                0x000000000000c5e0                net_tcp_ack_received
 .text.tcp_established
                0x000000000000c794      0x238 zephyr/subsys/net/ip/libsubsys__net__ip.a(tcp.c.obj)
 .text.tcp_synack_received
                0x000000000000c9cc      0x148 zephyr/subsys/net/ip/libsubsys__net__ip.a(tcp.c.obj)
 .text.net_tcp_parse_opts
                0x000000000000cb14       0xbc zephyr/subsys/net/ip/libsubsys__net__ip.a(tcp.c.obj)
                0x000000000000cb14                net_tcp_parse_opts
 .text.tcp_syn_rcvd
                0x000000000000cbd0      0x38c zephyr/subsys/net/ip/libsubsys__net__ip.a(tcp.c.obj)
 .text.net_tcp_update_recv_wnd
                0x000000000000cf5c       0x4c zephyr/subsys/net/ip/libsubsys__net__ip.a(tcp.c.obj)
                0x000000000000cf5c                net_tcp_update_recv_wnd
 .text.net_tcp_get
                0x000000000000cfa8       0x40 zephyr/subsys/net/ip/libsubsys__net__ip.a(tcp.c.obj)
                0x000000000000cfa8                net_tcp_get
 .text.net_tcp_unref
                0x000000000000cfe8       0x34 zephyr/subsys/net/ip/libsubsys__net__ip.a(tcp.c.obj)
                0x000000000000cfe8                net_tcp_unref
 .text.net_tcp_accept
                0x000000000000d01c       0xac zephyr/subsys/net/ip/libsubsys__net__ip.a(tcp.c.obj)
                0x000000000000d01c                net_tcp_accept
 .text.net_tcp_connect
                0x000000000000d0c8       0x98 zephyr/subsys/net/ip/libsubsys__net__ip.a(tcp.c.obj)
                0x000000000000d0c8                net_tcp_connect
 .text.connect_request_encode
                0x000000000000d160      0x100 zephyr/subsys/net/lib/mqtt/libsubsys__net__lib__mqtt.a(mqtt_encoder.c.obj)
                0x000000000000d160                connect_request_encode
 .text.mqtt_read_message_chunk
                0x000000000000d260      0x118 zephyr/subsys/net/lib/mqtt/libsubsys__net__lib__mqtt.a(mqtt_rx.c.obj)
 .text.mqtt_handle_rx
                0x000000000000d378      0x3ac zephyr/subsys/net/lib/mqtt/libsubsys__net__lib__mqtt.a(mqtt_rx.c.obj)
                0x000000000000d378                mqtt_handle_rx
 .text.mqtt_transport_connect
                0x000000000000d724       0x10 zephyr/subsys/net/lib/mqtt/libsubsys__net__lib__mqtt.a(mqtt_transport.c.obj)
                0x000000000000d724                mqtt_transport_connect
 .text.mqtt_transport_write
                0x000000000000d734       0x18 zephyr/subsys/net/lib/mqtt/libsubsys__net__lib__mqtt.a(mqtt_transport.c.obj)
                0x000000000000d734                mqtt_transport_write
 .text.mqtt_transport_read
                0x000000000000d74c       0x18 zephyr/subsys/net/lib/mqtt/libsubsys__net__lib__mqtt.a(mqtt_transport.c.obj)
                0x000000000000d74c                mqtt_transport_read
 .text.sys_mutex_unlock
                0x000000000000d764       0x28 zephyr/subsys/net/lib/mqtt/libsubsys__net__lib__mqtt.a(mqtt.c.obj)
 .text.client_disconnect
                0x000000000000d78c       0x6c zephyr/subsys/net/lib/mqtt/libsubsys__net__lib__mqtt.a(mqtt.c.obj)
 .text.net_config_init
                0x000000000000d7f8      0x1b0 zephyr/subsys/net/lib/config/libsubsys__net__lib__config.a(init.c.obj)
                0x000000000000d7f8                net_config_init
 .text.init_app
                0x000000000000d9a8       0x44 zephyr/subsys/net/lib/config/libsubsys__net__lib__config.a(init.c.obj)
 .text.netusb_send
                0x000000000000d9ec       0x44 zephyr/subsys/usb/class/netusb/libsubsys__usb__class__netusb.a(netusb.c.obj)
 .text.netusb_init
                0x000000000000da30       0xe8 zephyr/subsys/usb/class/netusb/libsubsys__usb__class__netusb.a(netusb.c.obj)
 .text.netusb_net_iface
                0x000000000000db18        0xc zephyr/subsys/usb/class/netusb/libsubsys__usb__class__netusb.a(netusb.c.obj)
                0x000000000000db18                netusb_net_iface
 .text.netusb_recv
                0x000000000000db24       0x4c zephyr/subsys/usb/class/netusb/libsubsys__usb__class__netusb.a(netusb.c.obj)
                0x000000000000db24                netusb_recv
 .text.netusb_enable
                0x000000000000db70       0x50 zephyr/subsys/usb/class/netusb/libsubsys__usb__class__netusb.a(netusb.c.obj)
                0x000000000000db70                netusb_enable
 .text.netusb_disable
                0x000000000000dbc0       0x44 zephyr/subsys/usb/class/netusb/libsubsys__usb__class__netusb.a(netusb.c.obj)
                0x000000000000dbc0                netusb_disable
 .text.netusb_enabled
                0x000000000000dc04       0x10 zephyr/subsys/usb/class/netusb/libsubsys__usb__class__netusb.a(netusb.c.obj)
                0x000000000000dc04                netusb_enabled
 .text.ecm_status_cb
                0x000000000000dc14       0x30 zephyr/subsys/usb/class/netusb/libsubsys__usb__class__netusb.a(function_ecm.c.obj)
 .text.ecm_interface_config
                0x000000000000dc44       0x2c zephyr/subsys/usb/class/netusb/libsubsys__usb__class__netusb.a(function_ecm.c.obj)
 .text.ecm_class_handler
                0x000000000000dc70       0x64 zephyr/subsys/usb/class/netusb/libsubsys__usb__class__netusb.a(function_ecm.c.obj)
 .text.ecm_send
                0x000000000000dcd4       0x9c zephyr/subsys/usb/class/netusb/libsubsys__usb__class__netusb.a(function_ecm.c.obj)
 .text.ecm_read_cb
                0x000000000000dd70       0xec zephyr/subsys/usb/class/netusb/libsubsys__usb__class__netusb.a(function_ecm.c.obj)
 .text.ecm_connect
                0x000000000000de5c       0x28 zephyr/subsys/usb/class/netusb/libsubsys__usb__class__netusb.a(function_ecm.c.obj)
 .text.nrf_gpio_pin_port_decode.part.8
                0x000000000000de84       0x1c zephyr/drivers/gpio/libdrivers__gpio.a(gpio_nrfx.c.obj)
 .text.nrf_gpio_cfg_sense_set
                0x000000000000dea0       0x3c zephyr/drivers/gpio/libdrivers__gpio.a(gpio_nrfx.c.obj)
 .text.gpio_nrfx_init
                0x000000000000dedc       0x30 zephyr/drivers/gpio/libdrivers__gpio.a(gpio_nrfx.c.obj)
 .text.gpiote_pin_int_cfg
                0x000000000000df0c      0x14c zephyr/drivers/gpio/libdrivers__gpio.a(gpio_nrfx.c.obj)
 .text.gpio_nrfx_config
                0x000000000000e058      0x130 zephyr/drivers/gpio/libdrivers__gpio.a(gpio_nrfx.c.obj)
 .text.gpiote_event_handler
                0x000000000000e188       0xc8 zephyr/drivers/gpio/libdrivers__gpio.a(gpio_nrfx.c.obj)
 .text.event_txdrdy_check
                0x000000000000e250       0x20 zephyr/drivers/serial/libdrivers__serial.a(uart_nrfx_uart.c.obj)
 .text.uart_nrfx_err_check
                0x000000000000e270       0x14 zephyr/drivers/serial/libdrivers__serial.a(uart_nrfx_uart.c.obj)
 .text.uart_nrfx_irq_rx_enable
                0x000000000000e284       0x10 zephyr/drivers/serial/libdrivers__serial.a(uart_nrfx_uart.c.obj)
 .text.uart_nrfx_irq_rx_disable
                0x000000000000e294       0x10 zephyr/drivers/serial/libdrivers__serial.a(uart_nrfx_uart.c.obj)
 .text.uart_nrfx_irq_rx_ready
                0x000000000000e2a4       0x10 zephyr/drivers/serial/libdrivers__serial.a(uart_nrfx_uart.c.obj)
 .text.uart_nrfx_irq_err_enable
                0x000000000000e2b4       0x10 zephyr/drivers/serial/libdrivers__serial.a(uart_nrfx_uart.c.obj)
 .text.uart_nrfx_irq_err_disable
                0x000000000000e2c4       0x10 zephyr/drivers/serial/libdrivers__serial.a(uart_nrfx_uart.c.obj)
 .text.uart_nrfx_irq_callback_set
                0x000000000000e2d4       0x14 zephyr/drivers/serial/libdrivers__serial.a(uart_nrfx_uart.c.obj)
 .text.uart_nrfx_isr
                0x000000000000e2e8       0x18 zephyr/drivers/serial/libdrivers__serial.a(uart_nrfx_uart.c.obj)
 .text.uart_nrfx_irq_tx_disable
                0x000000000000e300       0x14 zephyr/drivers/serial/libdrivers__serial.a(uart_nrfx_uart.c.obj)
 .text.uart_nrfx_irq_tx_enable
                0x000000000000e314       0x48 zephyr/drivers/serial/libdrivers__serial.a(uart_nrfx_uart.c.obj)
 .text.uart_nrfx_configure
                0x000000000000e35c      0x16c zephyr/drivers/serial/libdrivers__serial.a(uart_nrfx_uart.c.obj)
 .text.uart_nrfx_irq_is_pending
                0x000000000000e4c8       0x3c zephyr/drivers/serial/libdrivers__serial.a(uart_nrfx_uart.c.obj)
 .text.nrf_gpio_pin_port_decode
                0x000000000000e504       0x38 zephyr/drivers/serial/libdrivers__serial.a(uart_nrfx_uart.c.obj)
 .text.uart_nrfx_fifo_read
                0x000000000000e53c       0x34 zephyr/drivers/serial/libdrivers__serial.a(uart_nrfx_uart.c.obj)
 .text.uart_nrfx_poll_out
                0x000000000000e570       0x40 zephyr/drivers/serial/libdrivers__serial.a(uart_nrfx_uart.c.obj)
 .text.uart_nrfx_poll_in
                0x000000000000e5b0       0x2c zephyr/drivers/serial/libdrivers__serial.a(uart_nrfx_uart.c.obj)
 .text.uart_nrfx_fifo_fill
                0x000000000000e5dc       0x48 zephyr/drivers/serial/libdrivers__serial.a(uart_nrfx_uart.c.obj)
 .text.uart_nrfx_init
                0x000000000000e624       0xe4 zephyr/drivers/serial/libdrivers__serial.a(uart_nrfx_uart.c.obj)
 .text.rng_pool_get
                0x000000000000e708       0x8c zephyr/drivers/entropy/libdrivers__entropy.a(entropy_nrf5.c.obj)
 .text.entropy_nrf5_get_entropy
                0x000000000000e794       0x50 zephyr/drivers/entropy/libdrivers__entropy.a(entropy_nrf5.c.obj)
 .text.random_byte_get
                0x000000000000e7e4       0x44 zephyr/drivers/entropy/libdrivers__entropy.a(entropy_nrf5.c.obj)
 .text.entropy_nrf5_get_entropy_isr
                0x000000000000e828       0xa0 zephyr/drivers/entropy/libdrivers__entropy.a(entropy_nrf5.c.obj)
 .text.entropy_nrf5_init
                0x000000000000e8c8       0x7c zephyr/drivers/entropy/libdrivers__entropy.a(entropy_nrf5.c.obj)
 .text.isr      0x000000000000e944       0x74 zephyr/drivers/entropy/libdrivers__entropy.a(entropy_nrf5.c.obj)
 .text.z_sys_device_do_config_level
                0x000000000000e9b8       0x2c zephyr/kernel/libkernel.a(device.c.obj)
                0x000000000000e9b8                z_sys_device_do_config_level
 .text.z_impl_device_get_binding
                0x000000000000e9e4       0x4c zephyr/kernel/libkernel.a(device.c.obj)
                0x000000000000e9e4                z_impl_device_get_binding
 .text.z_impl_z_errno
                0x000000000000ea30        0xc zephyr/kernel/libkernel.a(errno.c.obj)
                0x000000000000ea30                z_impl_z_errno
 .text.idle     0x000000000000ea3c       0x34 zephyr/kernel/libkernel.a(idle.c.obj)
                0x000000000000ea3c                idle
 .text.z_bss_zero
                0x000000000000ea70       0x14 zephyr/kernel/libkernel.a(init.c.obj)
                0x000000000000ea70                z_bss_zero
 .text.z_data_copy
                0x000000000000ea84       0x34 zephyr/kernel/libkernel.a(init.c.obj)
                0x000000000000ea84                z_data_copy
 .text.bg_thread_main
                0x000000000000eab8       0x30 zephyr/kernel/libkernel.a(init.c.obj)
 .text.z_cstart
                0x000000000000eae8      0x130 zephyr/kernel/libkernel.a(init.c.obj)
                0x000000000000eae8                z_cstart
 .text.init_mem_slab_module
                0x000000000000ec18       0x38 zephyr/kernel/libkernel.a(mem_slab.c.obj)
 .text.k_mem_slab_alloc
                0x000000000000ec50       0x58 zephyr/kernel/libkernel.a(mem_slab.c.obj)
                0x000000000000ec50                k_mem_slab_alloc
 .text.k_mem_slab_free
                0x000000000000eca8       0x5c zephyr/kernel/libkernel.a(mem_slab.c.obj)
                0x000000000000eca8                k_mem_slab_free
 .text.init_static_pools
                0x000000000000ed04       0x28 zephyr/kernel/libkernel.a(mempool.c.obj)
                0x000000000000ed04                init_static_pools
 .text.k_mem_pool_alloc
                0x000000000000ed2c       0xc8 zephyr/kernel/libkernel.a(mempool.c.obj)
                0x000000000000ed2c                k_mem_pool_alloc
 .text.k_mem_pool_free_id
                0x000000000000edf4       0x58 zephyr/kernel/libkernel.a(mempool.c.obj)
                0x000000000000edf4                k_mem_pool_free_id
 .text.k_malloc
                0x000000000000ee4c        0xc zephyr/kernel/libkernel.a(mempool.c.obj)
                0x000000000000ee4c                k_malloc
 .text.z_thread_malloc
                0x000000000000ee58       0x14 zephyr/kernel/libkernel.a(mempool.c.obj)
                0x000000000000ee58                z_thread_malloc
 .text.z_impl_k_mutex_lock
                0x000000000000ee6c       0xe0 zephyr/kernel/libkernel.a(mutex.c.obj)
                0x000000000000ee6c                z_impl_k_mutex_lock
 .text.z_impl_k_mutex_unlock
                0x000000000000ef4c       0x80 zephyr/kernel/libkernel.a(mutex.c.obj)
                0x000000000000ef4c                z_impl_k_mutex_unlock
 .text.resched  0x000000000000efcc       0x24 zephyr/kernel/libkernel.a(sched.c.obj)
 .text.reset_time_slice
                0x000000000000eff0       0x24 zephyr/kernel/libkernel.a(sched.c.obj)
 .text.k_sched_time_slice_set
                0x000000000000f014       0x5c zephyr/kernel/libkernel.a(sched.c.obj)
                0x000000000000f014                k_sched_time_slice_set
 .text.k_sched_lock
                0x000000000000f070       0x28 zephyr/kernel/libkernel.a(sched.c.obj)
                0x000000000000f070                k_sched_lock
 .text.z_priq_dumb_remove
                0x000000000000f098       0x2c zephyr/kernel/libkernel.a(sched.c.obj)
                0x000000000000f098                z_priq_dumb_remove
 .text.update_cache
                0x000000000000f0c4       0x3c zephyr/kernel/libkernel.a(sched.c.obj)
 .text.k_sched_unlock
                0x000000000000f100       0x38 zephyr/kernel/libkernel.a(sched.c.obj)
                0x000000000000f100                k_sched_unlock
 .text.z_add_thread_to_ready_q
                0x000000000000f138       0x6c zephyr/kernel/libkernel.a(sched.c.obj)
                0x000000000000f138                z_add_thread_to_ready_q
 .text.z_move_thread_to_end_of_prio_q
                0x000000000000f1a4       0x80 zephyr/kernel/libkernel.a(sched.c.obj)
                0x000000000000f1a4                z_move_thread_to_end_of_prio_q
 .text.z_time_slice
                0x000000000000f224       0x70 zephyr/kernel/libkernel.a(sched.c.obj)
                0x000000000000f224                z_time_slice
 .text.z_remove_thread_from_ready_q
                0x000000000000f294       0x4c zephyr/kernel/libkernel.a(sched.c.obj)
                0x000000000000f294                z_remove_thread_from_ready_q
 .text.pend     0x000000000000f2e0       0x84 zephyr/kernel/libkernel.a(sched.c.obj)
 .text.z_pend_curr_irqlock
                0x000000000000f364       0x48 zephyr/kernel/libkernel.a(sched.c.obj)
                0x000000000000f364                z_pend_curr_irqlock
 .text.z_pend_curr
                0x000000000000f3ac       0x28 zephyr/kernel/libkernel.a(sched.c.obj)
                0x000000000000f3ac                z_pend_curr
 .text.z_thread_priority_set
                0x000000000000f3d4       0x98 zephyr/kernel/libkernel.a(sched.c.obj)
                0x000000000000f3d4                z_thread_priority_set
 .text.z_sched_init
                0x000000000000f46c       0x18 zephyr/kernel/libkernel.a(sched.c.obj)
                0x000000000000f46c                z_sched_init
 .text.z_impl_k_yield
                0x000000000000f484       0x94 zephyr/kernel/libkernel.a(sched.c.obj)
                0x000000000000f484                z_impl_k_yield
 .text.z_impl_k_sleep
                0x000000000000f518       0x98 zephyr/kernel/libkernel.a(sched.c.obj)
                0x000000000000f518                z_impl_k_sleep
 .text.z_impl_k_wakeup
                0x000000000000f5b0       0x4c zephyr/kernel/libkernel.a(sched.c.obj)
                0x000000000000f5b0                z_impl_k_wakeup
 .text.z_impl_k_current_get
                0x000000000000f5fc        0xc zephyr/kernel/libkernel.a(sched.c.obj)
                0x000000000000f5fc                z_impl_k_current_get
 .text.z_impl_k_sem_give
                0x000000000000f608       0x58 zephyr/kernel/libkernel.a(sem.c.obj)
                0x000000000000f608                z_impl_k_sem_give
 .text.z_impl_k_sem_take
                0x000000000000f660       0x48 zephyr/kernel/libkernel.a(sem.c.obj)
                0x000000000000f660                z_impl_k_sem_take
 .text.k_sys_work_q_init
                0x000000000000f6a8       0x30 zephyr/kernel/libkernel.a(system_work_q.c.obj)
 .text.k_is_in_isr
                0x000000000000f6d8       0x20 zephyr/kernel/libkernel.a(thread.c.obj)
                0x000000000000f6d8                k_is_in_isr
 .text.z_thread_essential_clear
                0x000000000000f6f8       0x14 zephyr/kernel/libkernel.a(thread.c.obj)
                0x000000000000f6f8                z_thread_essential_clear
 .text.z_is_thread_essential
                0x000000000000f70c       0x10 zephyr/kernel/libkernel.a(thread.c.obj)
                0x000000000000f70c                z_is_thread_essential
 .text.z_impl_k_thread_start
                0x000000000000f71c       0x48 zephyr/kernel/libkernel.a(thread.c.obj)
                0x000000000000f71c                z_impl_k_thread_start
 .text.z_setup_new_thread
                0x000000000000f764       0x30 zephyr/kernel/libkernel.a(thread.c.obj)