Archive member included to satisfy reference by file (symbol)

app/libapp.a(dummy_cve.c.obj)
                              (--whole-archive)
app/libapp.a(ihp_cli.c.obj)   (--whole-archive)
app/libapp.a(ihp_porting.c.obj)
                              (--whole-archive)
app/libapp.a(rt_app.c.obj)    (--whole-archive)
app/libapp.a(stm32sys.c.obj)  (--whole-archive)
app/libapp.a(cortex-m4_fbp.c.obj)
                              (--whole-archive)
app/libapp.a(dynamic_patch_load.c.obj)
                              (--whole-archive)
app/libapp.a(ebpf_test.c.obj)
                              (--whole-archive)
app/libapp.a(fixed_patch_load.c.obj)
                              (--whole-archive)
app/libapp.a(fixed_patch_points.c.obj)
                              (--whole-archive)
app/libapp.a(flash_api.c.obj)
                              (--whole-archive)
app/libapp.a(hw_bp.c.obj)     (--whole-archive)
app/libapp.a(iotpatch.c.obj)  (--whole-archive)
app/libapp.a(jit_dev_test.c.obj)
                              (--whole-archive)
app/libapp.a(patch_service.c.obj)
                              (--whole-archive)
app/libapp.a(patch_verify.c.obj)
                              (--whole-archive)
app/libapp.a(profiling.c.obj)
                              (--whole-archive)
app/libapp.a(utils.c.obj)     (--whole-archive)
app/libapp.a(ebpf_allocator.c.obj)
                              (--whole-archive)
app/libapp.a(ebpf_env.c.obj)  (--whole-archive)
app/libapp.a(ebpf_map.c.obj)  (--whole-archive)
app/libapp.a(ebpf_mbedtls_checks.c.obj)
                              (--whole-archive)
app/libapp.a(ebpf_vm.c.obj)   (--whole-archive)
app/libapp.a(hashmap.c.obj)   (--whole-archive)
app/libapp.a(jit.c.obj)       (--whole-archive)
app/libapp.a(jit_thumb2.c.obj)
                              (--whole-archive)
app/libapp.a(main.c.obj)      (--whole-archive)
app/libapp.a(coap-server.c.obj)
                              (--whole-archive)
zephyr/libzephyr.a(isr_tables.c.obj)
                              (--whole-archive)
zephyr/libzephyr.a(sw_isr_common.c.obj)
                              (--whole-archive)
zephyr/libzephyr.a(crc32_sw.c.obj)
                              (--whole-archive)
zephyr/libzephyr.a(crc16_sw.c.obj)
                              (--whole-archive)
zephyr/libzephyr.a(crc8_sw.c.obj)
                              (--whole-archive)
zephyr/libzephyr.a(crc7_sw.c.obj)
                              (--whole-archive)
zephyr/libzephyr.a(fdtable.c.obj)
                              (--whole-archive)
zephyr/libzephyr.a(mempool.c.obj)
                              (--whole-archive)
zephyr/libzephyr.a(rb.c.obj)  (--whole-archive)
zephyr/libzephyr.a(thread_entry.c.obj)
                              (--whole-archive)
zephyr/libzephyr.a(work_q.c.obj)
                              (--whole-archive)
zephyr/libzephyr.a(printk.c.obj)
                              (--whole-archive)
zephyr/libzephyr.a(configs.c.obj)
                              (--whole-archive)
zephyr/libzephyr.a(soc.c.obj)
                              (--whole-archive)
zephyr/libzephyr.a(power.c.obj)
                              (--whole-archive)
zephyr/libzephyr.a(mpu_regions.c.obj)
                              (--whole-archive)
zephyr/libzephyr.a(system_nrf52840.c.obj)
                              (--whole-archive)
zephyr/libzephyr.a(nrfx_glue.c.obj)
                              (--whole-archive)
zephyr/libzephyr.a(nrfx_systick.c.obj)
                              (--whole-archive)
zephyr/libzephyr.a(nrfx_usbd.c.obj)
                              (--whole-archive)
zephyr/libzephyr.a(line_fifo.c.obj)
                              (--whole-archive)
zephyr/libzephyr.a(tty.c.obj)
                              (--whole-archive)
zephyr/libzephyr.a(getchar.c.obj)
                              (--whole-archive)
zephyr/libzephyr.a(coap.c.obj)
                              (--whole-archive)
zephyr/libzephyr.a(coap_link_format.c.obj)
                              (--whole-archive)
zephyr/libzephyr.a(getaddrinfo.c.obj)
                              (--whole-archive)
zephyr/libzephyr.a(getnameinfo.c.obj)
                              (--whole-archive)
zephyr/libzephyr.a(sockets.c.obj)
                              (--whole-archive)
zephyr/libzephyr.a(sockets_select.c.obj)
                              (--whole-archive)
zephyr/libzephyr.a(sockets_misc.c.obj)
                              (--whole-archive)
zephyr/libzephyr.a(usb_device.c.obj)
                              (--whole-archive)
zephyr/libzephyr.a(usb_descriptor.c.obj)
                              (--whole-archive)
zephyr/libzephyr.a(os_desc.c.obj)
                              (--whole-archive)
zephyr/libzephyr.a(rand32_entropy_device.c.obj)
                              (--whole-archive)
zephyr/libzephyr.a(power.c.obj)
                              (--whole-archive)
zephyr/libzephyr.a(policy_residency.c.obj)
                              (--whole-archive)
zephyr/libzephyr.a(uart_console.c.obj)
[...]
Memory Configuration

Name             Origin             Length             Attributes
FLASH            0x0000000000000000 0x0000000000100000 xr
SRAM             0x0000000020000000 0x0000000000040000 xw
IDT_LIST         0x0000000020040000 0x0000000000000800 xw
*default*        0x0000000000000000 0xffffffffffffffff

Linker script and memory map

LOAD zephyr/CMakeFiles/kernel_elf.dir/misc/empty_file.c.obj
LOAD zephyr/CMakeFiles/kernel_elf.dir/isr_tables.c.obj
LOAD app/libapp.a
LOAD zephyr/libzephyr.a
LOAD zephyr/arch/arch/arm/core/libarch__arm__core.a
LOAD zephyr/arch/arch/arm/core/cortex_m/libarch__arm__core__cortex_m.a
LOAD zephyr/arch/arch/arm/core/cortex_m/mpu/libarch__arm__core__cortex_m__mpu.a
LOAD zephyr/lib/libc/newlib/liblib__libc__newlib.a
LOAD zephyr/subsys/net/libsubsys__net.a
LOAD zephyr/subsys/net/l2/ethernet/libsubsys__net__l2__ethernet.a
LOAD zephyr/subsys/net/ip/libsubsys__net__ip.a
LOAD zephyr/subsys/net/lib/config/libsubsys__net__lib__config.a
LOAD zephyr/subsys/usb/class/netusb/libsubsys__usb__class__netusb.a
LOAD zephyr/drivers/gpio/libdrivers__gpio.a
LOAD zephyr/drivers/serial/libdrivers__serial.a
LOAD zephyr/drivers/entropy/libdrivers__entropy.a
LOAD zephyr/kernel/libkernel.a
LOAD zephyr/CMakeFiles/offsets.dir/arch/arm/core/offsets/offsets.c.obj
LOAD /opt/zephyr-sdk/arm-zephyr-eabi/bin/../lib/gcc/arm-zephyr-eabi/8.3.0/thumb/v7e-m/nofp/libgcc.a
LOAD /opt/zephyr-sdk/arm-zephyr-eabi/arm-zephyr-eabi/lib/thumb/v7e-m/nofp/libm.a
LOAD /opt/zephyr-sdk/arm-zephyr-eabi/arm-zephyr-eabi/lib/thumb/v7e-m/nofp/libc.a
LOAD /opt/zephyr-sdk/arm-zephyr-eabi/bin/../lib/gcc/arm-zephyr-eabi/8.3.0/thumb/v7e-m/nofp/libgcc.a
                0x0000000000000020                _region_min_align = 0x20

.rel.plt        0x0000000000000000        0x0
 *(SORT_BY_ALIGNMENT(.rel.plt))
                [!provide]                        PROVIDE (__rel_iplt_start = .)
 *(SORT_BY_ALIGNMENT(.rel.iplt))
 .rel.iplt      0x0000000000000000        0x0 zephyr/CMakeFiles/kernel_elf.dir/isr_tables.c.obj
                [!provide]                        PROVIDE (__rel_iplt_end = .)

.rela.plt       0x0000000000000000        0x0
 *(SORT_BY_ALIGNMENT(.rela.plt))
                [!provide]                        PROVIDE (__rela_iplt_start = .)
 *(SORT_BY_ALIGNMENT(.rela.iplt))
                [!provide]                        PROVIDE (__rela_iplt_end = .)

.rel.dyn
 *(SORT_BY_ALIGNMENT(.rel.*))

.rela.dyn
 *(SORT_BY_ALIGNMENT(.rela.*))

/DISCARD/
 *(SORT_BY_ALIGNMENT(.plt))
 *(SORT_BY_ALIGNMENT(.iplt))
 *(SORT_BY_ALIGNMENT(.got.plt))
 *(SORT_BY_ALIGNMENT(.igot.plt))
 *(SORT_BY_ALIGNMENT(.got))
 *(SORT_BY_ALIGNMENT(.igot))
 *(SORT_BY_ALIGNMENT(.irq_info))
 *(SORT_BY_ALIGNMENT(.intList))
                0x0000000000000000                _image_rom_start = 0x0

text            0x0000000000000000      0x100
                0x0000000000000000                . = 0x0
                0x0000000000000000                _vector_start = .
 *(SORT_BY_ALIGNMENT(.exc_vector_table))
 *(SORT_BY_ALIGNMENT(.exc_vector_table.*))
 .exc_vector_table._vector_table_section
                0x0000000000000000       0x40 zephyr/arch/arch/arm/core/cortex_m/libarch__arm__core__cortex_m.a(vector_table.S.obj)
                0x0000000000000000                _vector_table
 *(SORT_BY_ALIGNMENT(.gnu.linkonce.irq_vector_table))
 .gnu.linkonce.irq_vector_table
                0x0000000000000040       0xc0 zephyr/CMakeFiles/kernel_elf.dir/isr_tables.c.obj
                0x0000000000000040                _irq_vector_table
 *(SORT_BY_ALIGNMENT(.vectors))
 *(SORT_BY_ALIGNMENT(.openocd_dbg))
 *(SORT_BY_ALIGNMENT(.openocd_dbg.*))
 *(SORT_BY_ALIGNMENT(.kinetis_flash_config))
 *(SORT_BY_ALIGNMENT(.kinetis_flash_config.*))
                0x0000000000000100                _vector_end = .

_TEXT_SECTION_NAME_2
                0x0000000000000100    0x2c3f8
                0x0000000000000100                _image_text_start = .
 *(SORT_BY_ALIGNMENT(.text))
 .text          0x0000000000000100       0xa0 /opt/zephyr-sdk/arm-zephyr-eabi/arm-zephyr-eabi/lib/thumb/v7e-m/nofp/libc.a(lib_a-memchr.o)
                0x0000000000000100                memchr
 .text          0x00000000000001a0      0x21c /opt/zephyr-sdk/arm-zephyr-eabi/bin/../lib/gcc/arm-zephyr-eabi/8.3.0/thumb/v7e-m/nofp/libgcc.a(_arm_addsubsf3.o)
                0x00000000000001a0                __aeabi_frsub
                0x00000000000001a8                __subsf3
                0x00000000000001a8                __aeabi_fsub
                0x00000000000001ac                __aeabi_fadd
                0x00000000000001ac                __addsf3
                0x000000000000030c                __aeabi_ui2f
                0x000000000000030c                __floatunsisf
                0x0000000000000314                __aeabi_i2f
                0x0000000000000314                __floatsisf
                0x0000000000000330                __floatundisf
                0x0000000000000330                __aeabi_ul2f
                0x0000000000000340                __floatdisf
                0x0000000000000340                __aeabi_l2f
 .text          0x00000000000003bc      0x2a0 /opt/zephyr-sdk/arm-zephyr-eabi/bin/../lib/gcc/arm-zephyr-eabi/8.3.0/thumb/v7e-m/nofp/libgcc.a(_arm_muldivsf3.o)
                0x00000000000003bc                __mulsf3
                0x00000000000003bc                __aeabi_fmul
                0x0000000000000524                __divsf3
                0x0000000000000524                __aeabi_fdiv
 .text          0x000000000000065c       0x4c /opt/zephyr-sdk/arm-zephyr-eabi/bin/../lib/gcc/arm-zephyr-eabi/8.3.0/thumb/v7e-m/nofp/libgcc.a(_arm_fixsfsi.o)
                0x000000000000065c                __fixsfsi
                0x000000000000065c                __aeabi_f2iz
 .text          0x00000000000006a8       0xa0 /opt/zephyr-sdk/arm-zephyr-eabi/bin/../lib/gcc/arm-zephyr-eabi/8.3.0/thumb/v7e-m/nofp/libgcc.a(_aeabi_ldivmod.o)
                0x00000000000006a8                __aeabi_ldivmod
 .text          0x0000000000000748       0x30 /opt/zephyr-sdk/arm-zephyr-eabi/bin/../lib/gcc/arm-zephyr-eabi/8.3.0/thumb/v7e-m/nofp/libgcc.a(_aeabi_uldivmod.o)
                0x0000000000000748                __aeabi_uldivmod
 .text          0x0000000000000778        0x4 /opt/zephyr-sdk/arm-zephyr-eabi/bin/../lib/gcc/arm-zephyr-eabi/8.3.0/thumb/v7e-m/nofp/libgcc.a(_dvmd_tls.o)
                0x0000000000000778                __aeabi_ldiv0
                0x0000000000000778                __aeabi_idiv0
 .text          0x000000000000077c       0x48 /opt/zephyr-sdk/arm-zephyr-eabi/arm-zephyr-eabi/lib/thumb/v7e-m/nofp/libc.a(lib_a-assert.o)
                0x000000000000077c                __assert_func
                0x00000000000007b8                __assert
 .text          0x00000000000007c4       0x40 /opt/zephyr-sdk/arm-zephyr-eabi/arm-zephyr-eabi/lib/thumb/v7e-m/nofp/libc.a(lib_a-fprintf.o)
                0x00000000000007c4                _fprintf_r
                0x00000000000007c4                _fiprintf_r
                0x00000000000007de                fprintf
                0x00000000000007de                fiprintf
 .text          0x0000000000000804       0xac /opt/zephyr-sdk/arm-zephyr-eabi/arm-zephyr-eabi/lib/thumb/v7e-m/nofp/libc.a(lib_a-nano-mallocr.o)
                0x0000000000000804                _malloc_r
 .text          0x00000000000008b0      0x26c /opt/zephyr-sdk/arm-zephyr-eabi/arm-zephyr-eabi/lib/thumb/v7e-m/nofp/libc.a(lib_a-nano-vfprintf.o)
                0x00000000000008da                __sfputs_r
                0x00000000000008fe                __sprint_r
                0x0000000000000918                _vfiprintf_r
                0x0000000000000918                _vfprintf_r
                0x0000000000000b08                vfiprintf
                0x0000000000000b08                vfprintf
 .text          0x0000000000000b1c      0x314 /opt/zephyr-sdk/arm-zephyr-eabi/arm-zephyr-eabi/lib/thumb/v7e-m/nofp/libc.a(lib_a-nano-vfprintf_i.o)
                0x0000000000000b1c                _printf_common
                0x0000000000000c06                _printf_i
 .text          0x0000000000000e30       0x20 /opt/zephyr-sdk/arm-zephyr-eabi/arm-zephyr-eabi/lib/thumb/v7e-m/nofp/libc.a(lib_a-sbrkr.o)
                0x0000000000000e30                _sbrk_r
 .text          0x0000000000000e50      0x114 /opt/zephyr-sdk/arm-zephyr-eabi/arm-zephyr-eabi/lib/thumb/v7e-m/nofp/libc.a(lib_a-strtol.o)
                0x0000000000000f40                _strtol_r
                0x0000000000000f42                strtol_l
                0x0000000000000f54                strtol
 .text          0x0000000000000f64       0x74 /opt/zephyr-sdk/arm-zephyr-eabi/arm-zephyr-eabi/lib/thumb/v7e-m/nofp/libc.a(lib_a-vsnprintf.o)
                0x0000000000000f64                _vsnprintf_r
                0x0000000000000f64                _vsniprintf_r
                0x0000000000000fbc                vsnprintf
                0x0000000000000fbc                vsniprintf
 .text          0x0000000000000fd8       0x8c /opt/zephyr-sdk/arm-zephyr-eabi/arm-zephyr-eabi/lib/thumb/v7e-m/nofp/libc.a(lib_a-wbuf.o)
                0x0000000000000fd8                __swbuf_r
                0x0000000000001052                __swbuf
 .text          0x0000000000001064       0xb0 /opt/zephyr-sdk/arm-zephyr-eabi/arm-zephyr-eabi/lib/thumb/v7e-m/nofp/libc.a(lib_a-wsetup.o)
                0x0000000000001064                __swsetup_r
 .text          0x0000000000001114      0x164 /opt/zephyr-sdk/arm-zephyr-eabi/arm-zephyr-eabi/lib/thumb/v7e-m/nofp/libc.a(lib_a-fflush.o)
                0x0000000000001114                __sflush_r
                0x0000000000001230                _fflush_r
                0x0000000000001254                fflush
 .text          0x0000000000001278      0x148 /opt/zephyr-sdk/arm-zephyr-eabi/arm-zephyr-eabi/lib/thumb/v7e-m/nofp/libc.a(lib_a-findfp.o)
                0x00000000000012c0                _cleanup_r
                0x00000000000012cc                __sfmoreglue
                0x00000000000012f8                _cleanup
                0x0000000000001304                __sinit
                0x0000000000001348                __sfp
 .text          0x00000000000013c0      0x2a0 /opt/zephyr-sdk/arm-zephyr-eabi/arm-zephyr-eabi/lib/thumb/v7e-m/nofp/libc.a(lib_a-fvwrite.o)
                0x00000000000013c0                __sfvwrite_r
 .text          0x0000000000001660       0xd8 /opt/zephyr-sdk/arm-zephyr-eabi/arm-zephyr-eabi/lib/thumb/v7e-m/nofp/libc.a(lib_a-makebuf.o)
                0x0000000000001660                __swhatbuf_r
                0x00000000000016b6                __smakebuf_r
 .text          0x0000000000001738       0x9c /opt/zephyr-sdk/arm-zephyr-eabi/arm-zephyr-eabi/lib/thumb/v7e-m/nofp/libc.a(lib_a-nano-freer.o)
                0x0000000000001738                _free_r
 .text          0x00000000000017d4      0x394 /opt/zephyr-sdk/arm-zephyr-eabi/arm-zephyr-eabi/lib/thumb/v7e-m/nofp/libc.a(lib_a-nano-svfprintf.o)
                0x00000000000017d4                __ssputs_r
                0x000000000000188a                __ssprint_r
                0x000000000000197a                _svfprintf_r
                0x000000000000197a                _svfiprintf_r
 .text          0x0000000000001b68      0x138 /opt/zephyr-sdk/arm-zephyr-eabi/arm-zephyr-eabi/lib/thumb/v7e-m/nofp/libc.a(lib_a-signal.o)
                0x0000000000001b68                _init_signal_r
                0x0000000000001b94                _signal_r
                0x0000000000001bc8                _raise_r
                0x0000000000001c1a                __sigtramp_r
                0x0000000000001c66                raise
                0x0000000000001c74                signal
                0x0000000000001c84                _init_signal
                0x0000000000001c90                __sigtramp
 .text          0x0000000000001ca0       0x28 /opt/zephyr-sdk/arm-zephyr-eabi/arm-zephyr-eabi/lib/thumb/v7e-m/nofp/libc.a(lib_a-signalr.o)
                0x0000000000001ca0                _kill_r
                0x0000000000001cc4                _getpid_r
 .text          0x0000000000001cc8       0x24 /opt/zephyr-sdk/arm-zephyr-eabi/arm-zephyr-eabi/lib/thumb/v7e-m/nofp/libc.a(lib_a-writer.o)
                0x0000000000001cc8                _write_r
 .text          0x0000000000001cec       0x20 /opt/zephyr-sdk/arm-zephyr-eabi/arm-zephyr-eabi/lib/thumb/v7e-m/nofp/libc.a(lib_a-closer.o)
                0x0000000000001cec                _close_r
 .text          0x0000000000001d0c       0x24 /opt/zephyr-sdk/arm-zephyr-eabi/arm-zephyr-eabi/lib/thumb/v7e-m/nofp/libc.a(lib_a-fstatr.o)
                0x0000000000001d0c                _fstat_r
 .text          0x0000000000001d30       0x20 /opt/zephyr-sdk/arm-zephyr-eabi/arm-zephyr-eabi/lib/thumb/v7e-m/nofp/libc.a(lib_a-isattyr.o)
                0x0000000000001d30                _isatty_r
 .text          0x0000000000001d50       0x24 /opt/zephyr-sdk/arm-zephyr-eabi/arm-zephyr-eabi/lib/thumb/v7e-m/nofp/libc.a(lib_a-lseekr.o)
                0x0000000000001d50                _lseek_r
 .text          0x0000000000001d74       0x24 /opt/zephyr-sdk/arm-zephyr-eabi/arm-zephyr-eabi/lib/thumb/v7e-m/nofp/libc.a(lib_a-readr.o)
                0x0000000000001d74                _read_r
 .text          0x0000000000001d98      0x2b4 /opt/zephyr-sdk/arm-zephyr-eabi/bin/../lib/gcc/arm-zephyr-eabi/8.3.0/thumb/v7e-m/nofp/libgcc.a(_udivmoddi4.o)
                0x0000000000001d98                __udivmoddi4
 .text          0x000000000000204c       0x1c /opt/zephyr-sdk/arm-zephyr-eabi/arm-zephyr-eabi/lib/thumb/v7e-m/nofp/libc.a(lib_a-memcmp.o)
                0x000000000000204c                memcmp
 .text          0x0000000000002068       0x1c /opt/zephyr-sdk/arm-zephyr-eabi/arm-zephyr-eabi/lib/thumb/v7e-m/nofp/libc.a(lib_a-memcpy-stub.o)
                0x0000000000002068                memcpy
 .text          0x0000000000002084       0x34 /opt/zephyr-sdk/arm-zephyr-eabi/arm-zephyr-eabi/lib/thumb/v7e-m/nofp/libc.a(lib_a-memmove.o)
                0x0000000000002084                memmove
 .text          0x00000000000020b8       0x10 /opt/zephyr-sdk/arm-zephyr-eabi/arm-zephyr-eabi/lib/thumb/v7e-m/nofp/libc.a(lib_a-memset.o)
                0x00000000000020b8                memset
 .text          0x00000000000020c8       0x1a /opt/zephyr-sdk/arm-zephyr-eabi/arm-zephyr-eabi/lib/thumb/v7e-m/nofp/libc.a(lib_a-strchr.o)
                0x00000000000020c8                strchr
 .text          0x00000000000020e2       0x14 /opt/zephyr-sdk/arm-zephyr-eabi/arm-zephyr-eabi/lib/thumb/v7e-m/nofp/libc.a(lib_a-strcmp.o)
                0x00000000000020e2                strcmp
 .text          0x00000000000020f6       0x10 /opt/zephyr-sdk/arm-zephyr-eabi/arm-zephyr-eabi/lib/thumb/v7e-m/nofp/libc.a(lib_a-strlen.o)
                0x00000000000020f6                strlen
 .text          0x0000000000002106       0x24 /opt/zephyr-sdk/arm-zephyr-eabi/arm-zephyr-eabi/lib/thumb/v7e-m/nofp/libc.a(lib_a-strncmp.o)
                0x0000000000002106                strncmp
 .text          0x000000000000212a       0x28 /opt/zephyr-sdk/arm-zephyr-eabi/arm-zephyr-eabi/lib/thumb/v7e-m/nofp/libc.a(lib_a-strrchr.o)
                0x000000000000212a                strrchr
 .text          0x0000000000002152        0xe /opt/zephyr-sdk/arm-zephyr-eabi/arm-zephyr-eabi/lib/thumb/v7e-m/nofp/libc.a(lib_a-abort.o)
                0x0000000000002152                abort
 .text          0x0000000000002160       0x74 /opt/zephyr-sdk/arm-zephyr-eabi/arm-zephyr-eabi/lib/thumb/v7e-m/nofp/libc.a(lib_a-fwalk.o)
                0x0000000000002160                _fwalk
                0x0000000000002198                _fwalk_reent
 .text          0x00000000000021d4        0x4 /opt/zephyr-sdk/arm-zephyr-eabi/arm-zephyr-eabi/lib/thumb/v7e-m/nofp/libc.a(lib_a-mlock.o)
                0x00000000000021d4                __malloc_lock
                0x00000000000021d6                __malloc_unlock
 .text          0x00000000000021d8       0x4c /opt/zephyr-sdk/arm-zephyr-eabi/arm-zephyr-eabi/lib/thumb/v7e-m/nofp/libc.a(lib_a-nano-reallocr.o)
                0x00000000000021d8                _realloc_r
 .text          0x0000000000002224       0x8a /opt/zephyr-sdk/arm-zephyr-eabi/arm-zephyr-eabi/lib/thumb/v7e-m/nofp/libc.a(lib_a-stdio.o)
                0x0000000000002224                __sread
                0x0000000000002246                __seofread
                0x000000000000224a                __swrite
                0x0000000000002282                __sseek
                0x00000000000022a6                __sclose
 .text          0x00000000000022ae       0x10 /opt/zephyr-sdk/arm-zephyr-eabi/arm-zephyr-eabi/lib/thumb/v7e-m/nofp/libc.a(lib_a-nano-msizer.o)
                0x00000000000022ae                _malloc_usable_size_r
 *(SORT_BY_ALIGNMENT(.text.*))
 *fill*         0x00000000000022be        0x2 
 .text.shell_printf
                0x00000000000022c0       0x34 app/libapp.a(ihp_cli.c.obj)
 .text.shell_last_char
                0x00000000000022f4       0x1c app/libapp.a(ihp_cli.c.obj)
 .text.shell_dispatch_cmd
                0x0000000000002310      0x174 app/libapp.a(ihp_cli.c.obj)
 .text.shell_process
                0x0000000000002484      0x11c app/libapp.a(ihp_cli.c.obj)
 .text.shell_receive_char
                0x00000000000025a0       0x44 app/libapp.a(ihp_cli.c.obj)
 .text.test_debug_patch
                0x00000000000025e4       0x18 app/libapp.a(ihp_cli.c.obj)
 .text.cli_print_help
                0x00000000000025fc       0x64 app/libapp.a(ihp_cli.c.obj)
 .text.run_test_by_id
                0x0000000000002660       0x80 app/libapp.a(ihp_cli.c.obj)
                0x0000000000002660                run_test_by_id
 .text.this_is_cve_trigger_func
                0x00000000000026e0       0x98 app/libapp.a(ihp_cli.c.obj)
 .text.zephyr_cve_2020_10063
                0x0000000000002778       0x7c app/libapp.a(ihp_cli.c.obj)
 .text.print_control
                0x00000000000027f4       0x24 app/libapp.a(ihp_cli.c.obj)
 .text.escalate
                0x0000000000002818       0x14 app/libapp.a(ihp_cli.c.obj)
 .text.user     0x000000000000282c       0x3c app/libapp.a(ihp_cli.c.obj)
 .text.zephyr_cve_2020_10028
                0x0000000000002868       0x20 app/libapp.a(ihp_cli.c.obj)
 .text.handle_trigger_func
                0x0000000000002888       0x38 app/libapp.a(ihp_cli.c.obj)
 .text.show_patch_list
                0x00000000000028c0       0x18 app/libapp.a(ihp_cli.c.obj)
 .text.run_shell_cli
                0x00000000000028d8       0x54 app/libapp.a(ihp_cli.c.obj)
                0x00000000000028d8                run_shell_cli
 .text.FPB_Handler0
                0x000000000000292c       0x3c app/libapp.a(cortex-m4_fbp.c.obj)
                0x000000000000292c                FPB_Handler0
 .text.fpb_enable
                0x0000000000002968       0x1c app/libapp.a(cortex-m4_fbp.c.obj)
 .text.fpb_disable
                0x0000000000002984       0x20 app/libapp.a(cortex-m4_fbp.c.obj)
 .text.get_fpb_patch_remap
                0x00000000000029a4       0x18 app/libapp.a(cortex-m4_fbp.c.obj)
 .text.show_hw_bkpt
                0x00000000000029bc       0x98 app/libapp.a(cortex-m4_fbp.c.obj)
                0x00000000000029bc                show_hw_bkpt
 .text.calc_branch_instr
                0x0000000000002a54       0xec app/libapp.a(cortex-m4_fbp.c.obj)
                0x0000000000002a54                calc_branch_instr
 .text.add_fpb_bkpt
                0x0000000000002b40      0x1ec app/libapp.a(cortex-m4_fbp.c.obj)
 .text.add_normal_bkpt
                0x0000000000002d2c       0x84 app/libapp.a(cortex-m4_fbp.c.obj)
 .text.add_hw_bkpt
                0x0000000000002db0       0x90 app/libapp.a(cortex-m4_fbp.c.obj)
                0x0000000000002db0                add_hw_bkpt
 .text.clear_all_hw_bkpt
                0x0000000000002e40       0x5c app/libapp.a(cortex-m4_fbp.c.obj)
                0x0000000000002e40                clear_all_hw_bkpt
 .text.halting_debug_enabled
                0x0000000000002e9c       0x2c app/libapp.a(cortex-m4_fbp.c.obj)
 .text.fpb_remap_init
                0x0000000000002ec8       0x2c app/libapp.a(cortex-m4_fbp.c.obj)
 .text.debug_monitor_init
                0x0000000000002ef4       0x80 app/libapp.a(cortex-m4_fbp.c.obj)
 .text.fpb_disable_cur_inst
                0x0000000000002f74       0x90 app/libapp.a(cortex-m4_fbp.c.obj)
                0x0000000000002f74                fpb_disable_cur_inst
 .text.fpb_enable_callback
                0x0000000000003004       0x60 app/libapp.a(cortex-m4_fbp.c.obj)
                0x0000000000003004                fpb_enable_callback
 .text.leave_fpb_bpkt
                0x0000000000003064       0xa8 app/libapp.a(cortex-m4_fbp.c.obj)
                0x0000000000003064                leave_fpb_bpkt
 .text.leave_debug_monitor
                0x000000000000310c       0xb8 app/libapp.a(cortex-m4_fbp.c.obj)
                0x000000000000310c                leave_debug_monitor
 .text.set_patch_mode
                0x00000000000031c4       0x54 app/libapp.a(cortex-m4_fbp.c.obj)
                0x00000000000031c4                set_patch_mode
 .text.RawBuggyFunc
                0x0000000000003218       0x1c app/libapp.a(cortex-m4_fbp.c.obj)
 .text.FixedBuggyFunc
                0x0000000000003234       0x14 app/libapp.a(cortex-m4_fbp.c.obj)
 .text.test_freertos_cve
                0x0000000000003248       0x7c app/libapp.a(cortex-m4_fbp.c.obj)
 .text.fpb_setup_test
                0x00000000000032c4       0xc0 app/libapp.a(cortex-m4_fbp.c.obj)
 .text.test_debugmon_patch
                0x0000000000003384       0x1c app/libapp.a(cortex-m4_fbp.c.obj)
                0x0000000000003384                test_debugmon_patch
 .text.setup_cve_list
                0x00000000000033a0       0x1c app/libapp.a(dynamic_patch_load.c.obj)
 .text.show_local_patch_desc
                0x00000000000033bc       0x48 app/libapp.a(dynamic_patch_load.c.obj)
                0x00000000000033bc                show_local_patch_desc
 .text.test_dynamic_bug
                0x0000000000003404       0x2c app/libapp.a(dynamic_patch_load.c.obj)
                0x0000000000003404                test_dynamic_bug
 .text.read_local_patch
                0x0000000000003430      0x118 app/libapp.a(dynamic_patch_load.c.obj)
                0x0000000000003430                read_local_patch
 .text.test_ebpf_c0
                0x0000000000003548       0x40 app/libapp.a(ebpf_test.c.obj)
                0x0000000000003548                test_ebpf_c0
 .text.test_ebpf_c1
                0x0000000000003588       0x40 app/libapp.a(ebpf_test.c.obj)
                0x0000000000003588                test_ebpf_c1
 .text.test_ebpf_c2
                0x00000000000035c8       0x44 app/libapp.a(ebpf_test.c.obj)
                0x00000000000035c8                test_ebpf_c2
 .text.my_memmove
                0x000000000000360c       0x34 app/libapp.a(ebpf_test.c.obj)
 .text.test_ebpf_c3
                0x0000000000003640       0x40 app/libapp.a(ebpf_test.c.obj)
                0x0000000000003640                test_ebpf_c3
 .text.test_ebpf_c4
                0x0000000000003680       0x28 app/libapp.a(ebpf_test.c.obj)
                0x0000000000003680                test_ebpf_c4
 .text.test_ebpf_c5
                0x00000000000036a8       0x4c app/libapp.a(ebpf_test.c.obj)
                0x00000000000036a8                test_ebpf_c5
 .text.test_ebpf_c6
                0x00000000000036f4       0x54 app/libapp.a(ebpf_test.c.obj)
                0x00000000000036f4                test_ebpf_c6
 .text.test_ebpf_c7
                0x0000000000003748       0x5c app/libapp.a(ebpf_test.c.obj)
                0x0000000000003748                test_ebpf_c7
 .text.test_ebpf_c8
                0x00000000000037a4       0x38 app/libapp.a(ebpf_test.c.obj)
                0x00000000000037a4                test_ebpf_c8
 .text.test_ebpf_c9
                0x00000000000037dc       0x4c app/libapp.a(ebpf_test.c.obj)
                0x00000000000037dc                test_ebpf_c9
 .text.test_ebpf_c10
                0x0000000000003828       0x24 app/libapp.a(ebpf_test.c.obj)
                0x0000000000003828                test_ebpf_c10
 .text.test_ebpf_c11
                0x000000000000384c       0x44 app/libapp.a(ebpf_test.c.obj)
                0x000000000000384c                test_ebpf_c11
 .text.test_ebpf_c12
                0x0000000000003890       0x6c app/libapp.a(ebpf_test.c.obj)
                0x0000000000003890                test_ebpf_c12
 .text.ebpf_eva
                0x00000000000038fc      0x120 app/libapp.a(ebpf_test.c.obj)
                0x00000000000038fc                ebpf_eva
 .text.run_ebpf_eva
                0x0000000000003a1c       0x44 app/libapp.a(ebpf_test.c.obj)
                0x0000000000003a1c                run_ebpf_eva
 .text.patch_num_eva
                0x0000000000003a60       0xd0 app/libapp.a(ebpf_test.c.obj)
                0x0000000000003a60                patch_num_eva
 .text.test_patch_dispatcher
                0x0000000000003b30       0x64 app/libapp.a(ebpf_test.c.obj)
                0x0000000000003b30                test_patch_dispatcher
 .text.run_ebpf_test
                0x0000000000003b94       0x18 app/libapp.a(ebpf_test.c.obj)
                0x0000000000003b94                run_ebpf_test
 .text.show_fixed_patch_desc
                0x0000000000003bac       0x48 app/libapp.a(fixed_patch_load.c.obj)
                0x0000000000003bac                show_fixed_patch_desc
 .text.load_local_fixed_patch
                0x0000000000003bf4      0x11c app/libapp.a(fixed_patch_load.c.obj)
                0x0000000000003bf4                load_local_fixed_patch
 .text.test_fixed_patch_point
                0x0000000000003d10       0x1c app/libapp.a(fixed_patch_points.c.obj)
                0x0000000000003d10                test_fixed_patch_point
 .text.dispatch_fixed_patch_point
                0x0000000000003d2c       0xac app/libapp.a(fixed_patch_points.c.obj)
                0x0000000000003d2c                dispatch_fixed_patch_point
 .text.dummy_buggy_MQTT_packet_length_decode
                0x0000000000003dd8       0xa0 app/libapp.a(fixed_patch_points.c.obj)
 .text.call_dummy_buggy_MQTT_function
                0x0000000000003e78       0xc8 app/libapp.a(fixed_patch_points.c.obj)
 .text.update_bits_filter
                0x0000000000003f40       0x9c app/libapp.a(iotpatch.c.obj)
 .text.active_patch
                0x0000000000003fdc       0x54 app/libapp.a(iotpatch.c.obj)
 .text.add_dynamic_patch_to_ctx
                0x0000000000004030       0xb0 app/libapp.a(iotpatch.c.obj)
 .text.add_fixed_patch_to_ctx
                0x00000000000040e0       0x28 app/libapp.a(iotpatch.c.obj)
 .text.init_patch_sys
                0x0000000000004108       0x54 app/libapp.a(iotpatch.c.obj)
                0x0000000000004108                init_patch_sys
 .text.show_all_patches
                0x000000000000415c       0x54 app/libapp.a(iotpatch.c.obj)
                0x000000000000415c                show_all_patches
 .text.get_fixed_patch_by_lr
                0x00000000000041b0       0x4c app/libapp.a(iotpatch.c.obj)
                0x00000000000041b0                get_fixed_patch_by_lr
 .text.get_dynamic_patch_by_bpkt
                0x00000000000041fc       0x58 app/libapp.a(iotpatch.c.obj)
                0x00000000000041fc                get_dynamic_patch_by_bpkt
 .text.load_local_patch_to_ctx
                0x0000000000004254       0xb0 app/libapp.a(iotpatch.c.obj)
                0x0000000000004254                load_local_patch_to_ctx
 .text.cycles_to_us
                0x0000000000004304       0x34 app/libapp.a(profiling.c.obj)
 .text.dwt_init
                0x0000000000004338       0x40 app/libapp.a(profiling.c.obj)
 .text.dwt_get_counter
                0x0000000000004378       0x14 app/libapp.a(profiling.c.obj)
 .text.setup_profiler
                0x000000000000438c       0x30 app/libapp.a(profiling.c.obj)
 .text.profile_add_event
                0x00000000000043bc       0x80 app/libapp.a(profiling.c.obj)
                0x00000000000043bc                profile_add_event
 .text.profile_start
                0x000000000000443c       0x24 app/libapp.a(profiling.c.obj)
                0x000000000000443c                profile_start
 .text.profile_end
                0x0000000000004460       0x38 app/libapp.a(profiling.c.obj)
                0x0000000000004460                profile_end
 .text.profile_dump
                0x0000000000004498       0x4c app/libapp.a(profiling.c.obj)
                0x0000000000004498                profile_dump
 .text.ebpf_malloc
                0x00000000000044e4       0x2c app/libapp.a(ebpf_allocator.c.obj)
                0x00000000000044e4                ebpf_malloc
 .text.ebpf_realloc
                0x0000000000004510       0x78 app/libapp.a(ebpf_allocator.c.obj)
                0x0000000000004510                ebpf_realloc
 .text.ebpf_calloc
                0x0000000000004588       0x30 app/libapp.a(ebpf_allocator.c.obj)
                0x0000000000004588                ebpf_calloc
 .text.get_ebpf_alloc_size
                0x00000000000045b8       0x14 app/libapp.a(ebpf_allocator.c.obj)
                0x00000000000045b8                get_ebpf_alloc_size
 .text.iot_call_C_func_noret
                0x00000000000045cc       0x54 app/libapp.a(ebpf_vm.c.obj)
 .text.tmp_map_save_val
                0x0000000000004620       0x24 app/libapp.a(ebpf_vm.c.obj)
 .text.tmp_map_get_val
                0x0000000000004644       0x24 app/libapp.a(ebpf_vm.c.obj)
 .text.set_default_helpers
                0x0000000000004668       0x60 app/libapp.a(ebpf_vm.c.obj)
                0x0000000000004668                set_default_helpers
 .text.use_default_helper_func
                0x00000000000046c8       0x40 app/libapp.a(ebpf_vm.c.obj)
 .text.ebpf_vm_exec
                0x0000000000004708     0x2840 app/libapp.a(ebpf_vm.c.obj)
                0x0000000000004708                ebpf_vm_exec
 .text.jit_mem_allocate
                0x0000000000006f48       0x50 app/libapp.a(jit.c.obj)
                0x0000000000006f48                jit_mem_allocate
 .text._thumb16_IT_T1
                0x0000000000006f98       0x34 app/libapp.a(jit_thumb2.c.obj)
 .text._thumb16_B_T1
                0x0000000000006fcc       0x3c app/libapp.a(jit_thumb2.c.obj)
 .text._thumb16_PUSH_T1
                0x0000000000007008       0x40 app/libapp.a(jit_thumb2.c.obj)
 .text._thumb32_LDR_IMM_T4
                0x0000000000007048       0x78 app/libapp.a(jit_thumb2.c.obj)
 .text._thumb32_STRH_IMM_T3
                0x00000000000070c0       0x88 app/libapp.a(jit_thumb2.c.obj)
 .text._thumb32_ASRW_IMM_T2
                0x0000000000007148       0x5c app/libapp.a(jit_thumb2.c.obj)
 .text._thumb32_ASRW_REG_T2
                0x00000000000071a4       0x4c app/libapp.a(jit_thumb2.c.obj)
 .text._thumb32_LSRW_REG_T2
                0x00000000000071f0       0x4c app/libapp.a(jit_thumb2.c.obj)
 .text._thumb32_LSRW_IMM_T2
                0x000000000000723c       0x70 app/libapp.a(jit_thumb2.c.obj)
 .text.is_ldst_imm
                0x00000000000072ac       0xcc app/libapp.a(jit_thumb2.c.obj)
 .text.jit_dump_inst
                0x0000000000007378       0x50 app/libapp.a(jit_thumb2.c.obj)
                0x0000000000007378                jit_dump_inst
 .text._emit_ldrh_i
                0x00000000000073c8      0x118 app/libapp.a(jit_thumb2.c.obj)
 .text._emit_sub_imm
                0x00000000000074e0       0xc0 app/libapp.a(jit_thumb2.c.obj)
 .text._emit_b_cond
                0x00000000000075a0       0x78 app/libapp.a(jit_thumb2.c.obj)
 .text._emit_b  0x0000000000007618       0x5c app/libapp.a(jit_thumb2.c.obj)
 .text.emit_alu32_reg
                0x0000000000007674      0x2fc app/libapp.a(jit_thumb2.c.obj)
 .text.emit_alu64_reg
                0x0000000000007970       0xcc app/libapp.a(jit_thumb2.c.obj)
                0x0000000000007970                emit_alu64_reg
 .text.emit_alu32_imm
                0x0000000000007a3c      0x118 app/libapp.a(jit_thumb2.c.obj)
 .text.emit_u32_div_mod
                0x0000000000007b54      0x120 app/libapp.a(jit_thumb2.c.obj)
 .text._emit_lsh64_reg
                0x0000000000007c74      0x1bc app/libapp.a(jit_thumb2.c.obj)
                0x0000000000007c74                _emit_lsh64_reg
 .text._emit_lsh64_imm
                0x0000000000007e30      0x188 app/libapp.a(jit_thumb2.c.obj)
                0x0000000000007e30                _emit_lsh64_imm
 .text.emit_a32_rsh_r64
                0x0000000000007fb8      0x160 app/libapp.a(jit_thumb2.c.obj)
 .text.emit_a32_rsh_i64
                0x0000000000008118      0x124 app/libapp.a(jit_thumb2.c.obj)
 .text.emit_a32_arsh_r64
                0x000000000000823c      0x178 app/libapp.a(jit_thumb2.c.obj)
 .text.emit_a32_arsh_i64
                0x00000000000083b4      0x13c app/libapp.a(jit_thumb2.c.obj)
 .text.emit_a32_neg64
                0x00000000000084f0       0x70 app/libapp.a(jit_thumb2.c.obj)
 .text.emit_a32_mul_r64
                0x0000000000008560       0xf4 app/libapp.a(jit_thumb2.c.obj)
 .text.emit_ldx_reg
                0x0000000000008654      0x1b8 app/libapp.a(jit_thumb2.c.obj)
                0x0000000000008654                emit_ldx_reg
 .text.emit_str_reg
                0x000000000000880c      0x18c app/libapp.a(jit_thumb2.c.obj)
 .text.emit_a32_mov_reg
                0x0000000000008998       0x48 app/libapp.a(jit_thumb2.c.obj)
 .text.emit_mov_reg64
                0x00000000000089e0      0x11c app/libapp.a(jit_thumb2.c.obj)
 .text.emit_push_r64
                0x0000000000008afc       0xa0 app/libapp.a(jit_thumb2.c.obj)
 .text.emit_mov_i64
                0x0000000000008b9c       0x7c app/libapp.a(jit_thumb2.c.obj)
 .text.build_inst
                0x0000000000008c18      0x970 app/libapp.a(jit_thumb2.c.obj)
 .text.build_prologue
                0x0000000000009588       0xa0 app/libapp.a(jit_thumb2.c.obj)
 .text.build_body
                0x0000000000009628       0xac app/libapp.a(jit_thumb2.c.obj)
 .text.main     0x00000000000096d4       0x50 app/libapp.a(main.c.obj)
                0x00000000000096d4                main
 .text.k_delayed_work_submit
                0x0000000000009724       0x24 app/libapp.a(coap-server.c.obj)
 .text.coap_next_id
                0x0000000000009748       0x20 app/libapp.a(coap-server.c.obj)
 .text.start_coap_server
                0x0000000000009768       0x88 app/libapp.a(coap-server.c.obj)
 .text.send_coap_reply
                0x00000000000097f0       0x68 app/libapp.a(coap-server.c.obj)
 .text.piggyback_get
                0x0000000000009858      0x170 app/libapp.a(coap-server.c.obj)
 .text.test_put
                0x00000000000099c8      0x10c app/libapp.a(coap-server.c.obj)
 .text.test_post
                0x0000000000009ad4      0x14c app/libapp.a(coap-server.c.obj)
 .text.query_get
                0x0000000000009c20      0x234 app/libapp.a(coap-server.c.obj)
 .text.location_query_post
                0x0000000000009e54      0x128 app/libapp.a(coap-server.c.obj)
 .text.separate_get
                0x0000000000009f7c      0x1cc app/libapp.a(coap-server.c.obj)
 .text.large_get
                0x000000000000a148      0x208 app/libapp.a(coap-server.c.obj)
 .text.large_update_put
                0x000000000000a350      0x1dc app/libapp.a(coap-server.c.obj)
 .text.large_create_post
                0x000000000000a52c      0x19c app/libapp.a(coap-server.c.obj)
 .text.retransmit_request
                0x000000000000a6c8       0x5c app/libapp.a(coap-server.c.obj)
 .text.update_counter
                0x000000000000a724       0x44 app/libapp.a(coap-server.c.obj)
 .text.create_pending_request
                0x000000000000a768       0x70 app/libapp.a(coap-server.c.obj)
 .text.send_notification_packet
                0x000000000000a7d8      0x188 app/libapp.a(coap-server.c.obj)
 .text.obs_get  0x000000000000a960       0xf4 app/libapp.a(coap-server.c.obj)
 .text.core_get
                0x000000000000aa54       0xd4 app/libapp.a(coap-server.c.obj)
 .text.process_coap_request
                0x000000000000ab28      0x190 app/libapp.a(coap-server.c.obj)
 .text.process_client_request
                0x000000000000acb8       0x70 app/libapp.a(coap-server.c.obj)
 .text.run_coap_server
                0x000000000000ad28       0x5c app/libapp.a(coap-server.c.obj)
                0x000000000000ad28                run_coap_server
 .text._find_fd_entry
                0x000000000000ad84       0x44 zephyr/libzephyr.a(fdtable.c.obj)
 .text._check_fd
                0x000000000000adc8       0x5c zephyr/libzephyr.a(fdtable.c.obj)
 .text.z_get_fd_obj_and_vtable
                0x000000000000ae24       0x3c zephyr/libzephyr.a(fdtable.c.obj)
                0x000000000000ae24                z_get_fd_obj_and_vtable
 .text.z_reserve_fd
                0x000000000000ae60       0x40 zephyr/libzephyr.a(fdtable.c.obj)
                0x000000000000ae60                z_reserve_fd
 .text.z_finalize_fd
                0x000000000000aea0       0x30 zephyr/libzephyr.a(fdtable.c.obj)
                0x000000000000aea0                z_finalize_fd
 .text.z_free_fd
                0x000000000000aed0       0x20 zephyr/libzephyr.a(fdtable.c.obj)
                0x000000000000aed0                z_free_fd
 .text.__printk_hook_install
                0x000000000000aef0       0x1c zephyr/libzephyr.a(printk.c.obj)
                0x000000000000aef0                __printk_hook_install
 .text.z_vprintk
                0x000000000000af0c      0x448 zephyr/libzephyr.a(printk.c.obj)
                0x000000000000af0c                z_vprintk
 .text.char_out
                0x000000000000b354       0x30 zephyr/libzephyr.a(printk.c.obj)
 .text.vprintk  0x000000000000b384       0x28 zephyr/libzephyr.a(printk.c.obj)
                0x000000000000b384                vprintk
 .text._printk_dec_ulong
                0x000000000000b3ac       0xf0 zephyr/libzephyr.a(printk.c.obj)
 .text.vsnprintk
                0x000000000000b49c       0x4c zephyr/libzephyr.a(printk.c.obj)
                0x000000000000b49c                vsnprintk
 .text.nordicsemi_nrf52_init
                0x000000000000b4e8       0x64 zephyr/libzephyr.a(soc.c.obj)
 .text.__NVIC_SystemReset
                0x000000000000b54c       0x28 zephyr/libzephyr.a(system_nrf52840.c.obj)
 .text.SystemCoreClockUpdate
                0x000000000000b574       0x1c zephyr/libzephyr.a(system_nrf52840.c.obj)
                0x000000000000b574                SystemCoreClockUpdate
 .text.SystemInit
                0x000000000000b590      0x238 zephyr/libzephyr.a(system_nrf52840.c.obj)
                0x000000000000b590                SystemInit
 .text.errata_36
                0x000000000000b7c8       0x50 zephyr/libzephyr.a(system_nrf52840.c.obj)
 .text.errata_66
                0x000000000000b818       0x50 zephyr/libzephyr.a(system_nrf52840.c.obj)
 .text.errata_98
                0x000000000000b868       0x2c zephyr/libzephyr.a(system_nrf52840.c.obj)
 .text.errata_103
                0x000000000000b894       0x2c zephyr/libzephyr.a(system_nrf52840.c.obj)
 .text.errata_115
                0x000000000000b8c0       0x2c zephyr/libzephyr.a(system_nrf52840.c.obj)
 .text.errata_120
                0x000000000000b8ec       0x2c zephyr/libzephyr.a(system_nrf52840.c.obj)
 .text.errata_136
                0x000000000000b918       0x50 zephyr/libzephyr.a(system_nrf52840.c.obj)
 .text.nrf_systick_val_get
                0x000000000000b968       0x14 zephyr/libzephyr.a(nrfx_systick.c.obj)
 .text.nrfx_systick_us_tick
                0x000000000000b97c       0x2c zephyr/libzephyr.a(nrfx_systick.c.obj)
 .text.nrfx_systick_delay_ticks
                0x000000000000b9a8       0x4c zephyr/libzephyr.a(nrfx_systick.c.obj)
                0x000000000000b9a8                nrfx_systick_delay_ticks
 .text.nrfx_systick_delay_us
                0x000000000000b9f4       0x5c zephyr/libzephyr.a(nrfx_systick.c.obj)
                0x000000000000b9f4                nrfx_systick_delay_us
 .text.__NVIC_SetPendingIRQ
                0x000000000000ba50       0x3c zephyr/libzephyr.a(nrfx_usbd.c.obj)
 .text.__NVIC_ClearPendingIRQ
                0x000000000000ba8c       0x3c zephyr/libzephyr.a(nrfx_usbd.c.obj)
 .text.nrfx_bitpos_to_event
                0x000000000000bac8       0x20 zephyr/libzephyr.a(nrfx_usbd.c.obj)
 .text.nrf_usbd_int_enable
                0x000000000000bae8       0x20 zephyr/libzephyr.a(nrfx_usbd.c.obj)
 .text.nrf_usbd_int_enable_get
                0x000000000000bb08       0x18 zephyr/libzephyr.a(nrfx_usbd.c.obj)
 .text.nrf_usbd_int_disable
                0x000000000000bb20       0x20 zephyr/libzephyr.a(nrfx_usbd.c.obj)
 .text.nrf_usbd_enable
                0x000000000000bb40       0x20 zephyr/libzephyr.a(nrfx_usbd.c.obj)
 .text.nrf_usbd_disable
                0x000000000000bb60       0x20 zephyr/libzephyr.a(nrfx_usbd.c.obj)
 .text.nrf_usbd_eventcause_get
                0x000000000000bb80       0x18 zephyr/libzephyr.a(nrfx_usbd.c.obj)
 .text.nrf_usbd_eventcause_clear
                0x000000000000bb98       0x28 zephyr/libzephyr.a(nrfx_usbd.c.obj)
 .text.nrf_usbd_haltedep
                0x000000000000bbc0       0x7c zephyr/libzephyr.a(nrfx_usbd.c.obj)
 .text.nrf_usbd_epdatastatus_get
                0x000000000000bc3c       0x18 zephyr/libzephyr.a(nrfx_usbd.c.obj)
 .text.nrf_usbd_epdatastatus_clear
                0x000000000000bc54       0x28 zephyr/libzephyr.a(nrfx_usbd.c.obj)
 .text.nrf_usbd_setup_bmrequesttype_get
                0x000000000000bc7c       0x18 zephyr/libzephyr.a(nrfx_usbd.c.obj)
 .text.nrf_usbd_setup_brequest_get
                0x000000000000bc94       0x18 zephyr/libzephyr.a(nrfx_usbd.c.obj)
 .text.nrf_usbd_setup_wvalue_get
                0x000000000000bcac       0x30 zephyr/libzephyr.a(nrfx_usbd.c.obj)
 .text.nrf_usbd_setup_windex_get
                0x000000000000bcdc       0x30 zephyr/libzephyr.a(nrfx_usbd.c.obj)
 .text.nrf_usbd_setup_wlength_get
                0x000000000000bd0c       0x30 zephyr/libzephyr.a(nrfx_usbd.c.obj)
 .text.nrf_usbd_epout_size_get
                0x000000000000bd3c       0xc0 zephyr/libzephyr.a(nrfx_usbd.c.obj)
 .text.nrf_usbd_episoout_size_get
                0x000000000000bdfc       0xb0 zephyr/libzephyr.a(nrfx_usbd.c.obj)
 .text.nrf_usbd_epout_clear
                0x000000000000beac       0x5c zephyr/libzephyr.a(nrfx_usbd.c.obj)
 .text.nrf_usbd_pullup_enable
                0x000000000000bf08       0x20 zephyr/libzephyr.a(nrfx_usbd.c.obj)
 .text.nrf_usbd_pullup_disable
                0x000000000000bf28       0x20 zephyr/libzephyr.a(nrfx_usbd.c.obj)
 .text.nrf_usbd_dpdmvalue_set
                0x000000000000bf48       0x20 zephyr/libzephyr.a(nrfx_usbd.c.obj)
 .text.nrf_usbd_ep_enable_check
                0x000000000000bf68       0x9c zephyr/libzephyr.a(nrfx_usbd.c.obj)
 .text.nrf_usbd_ep_enable
                0x000000000000c004       0x9c zephyr/libzephyr.a(nrfx_usbd.c.obj)
 .text.nrf_usbd_ep_stall
                0x000000000000c0a0       0x50 zephyr/libzephyr.a(nrfx_usbd.c.obj)
 .text.nrf_usbd_ep_unstall
                0x000000000000c0f0       0x4c zephyr/libzephyr.a(nrfx_usbd.c.obj)
 .text.nrf_usbd_isosplit_set
                0x000000000000c13c       0x20 zephyr/libzephyr.a(nrfx_usbd.c.obj)
 .text.nrf_usbd_isosplit_get
                0x000000000000c15c       0x18 zephyr/libzephyr.a(nrfx_usbd.c.obj)
 .text.nrf_usbd_framecntr_get
                0x000000000000c174       0x18 zephyr/libzephyr.a(nrfx_usbd.c.obj)
 .text.nrf_usbd_lowpower_enable
                0x000000000000c18c       0x18 zephyr/libzephyr.a(nrfx_usbd.c.obj)
 .text.nrf_usbd_lowpower_disable
                0x000000000000c1a4       0x18 zephyr/libzephyr.a(nrfx_usbd.c.obj)
 .text.nrf_usbd_lowpower_check
                0x000000000000c1bc       0x20 zephyr/libzephyr.a(nrfx_usbd.c.obj)
 .text.nrf_usbd_isoinconfig_set
                0x000000000000c1dc       0x20 zephyr/libzephyr.a(nrfx_usbd.c.obj)
 .text.nrf_usbd_ep_easydma_set
                0x000000000000c1fc       0xfc zephyr/libzephyr.a(nrfx_usbd.c.obj)
 .text.nrfx_usbd_errata_type_52840
                0x000000000000c2f8       0x20 zephyr/libzephyr.a(nrfx_usbd.c.obj)
 .text.nrfx_usbd_errata_type_52840_eng_b
                0x000000000000c318       0x2c zephyr/libzephyr.a(nrfx_usbd.c.obj)
 .text.nrfx_usbd_ep_to_endevent
                0x000000000000c344       0x74 zephyr/libzephyr.a(nrfx_usbd.c.obj)
 .text.nrfx_usbd_ep_to_int
                0x000000000000c3b8       0x78 zephyr/libzephyr.a(nrfx_usbd.c.obj)
 .text.nrfx_usbd_consumer
                0x000000000000c430       0xc8 zephyr/libzephyr.a(nrfx_usbd.c.obj)
                0x000000000000c430                nrfx_usbd_consumer
 .text.nrfx_usbd_feeder_ram
                0x000000000000c4f8       0x88 zephyr/libzephyr.a(nrfx_usbd.c.obj)
                0x000000000000c4f8                nrfx_usbd_feeder_ram
 .text.nrfx_usbd_feeder_ram_zlp
                0x000000000000c580       0x90 zephyr/libzephyr.a(nrfx_usbd.c.obj)
                0x000000000000c580                nrfx_usbd_feeder_ram_zlp
 .text.nrfx_usbd_feeder_flash
                0x000000000000c610       0xb8 zephyr/libzephyr.a(nrfx_usbd.c.obj)
                0x000000000000c610                nrfx_usbd_feeder_flash
 .text.nrfx_usbd_feeder_flash_zlp
                0x000000000000c6c8       0xc4 zephyr/libzephyr.a(nrfx_usbd.c.obj)
                0x000000000000c6c8                nrfx_usbd_feeder_flash_zlp
 .text.ep_to_hal
                0x000000000000c78c       0x54 zephyr/libzephyr.a(nrfx_usbd.c.obj)
 .text.task_start_ep
                0x000000000000c7e0       0x70 zephyr/libzephyr.a(nrfx_usbd.c.obj)
 .text.ep_state_access
                0x000000000000c850       0x70 zephyr/libzephyr.a(nrfx_usbd.c.obj)
 .text.ep2bit   0x000000000000c8c0       0x70 zephyr/libzephyr.a(nrfx_usbd.c.obj)
 .text.usbd_dma_pending_set
                0x000000000000c930       0x28 zephyr/libzephyr.a(nrfx_usbd.c.obj)
 .text.usbd_dma_pending_clear
                0x000000000000c958       0x28 zephyr/libzephyr.a(nrfx_usbd.c.obj)
 .text.usbd_ep_abort
                0x000000000000c980      0x1b4 zephyr/libzephyr.a(nrfx_usbd.c.obj)
 .text.usbd_ep_abort_all
                0x000000000000cb34       0x7c zephyr/libzephyr.a(nrfx_usbd.c.obj)
 .text.ev_usbreset_handler
                0x000000000000cbb0       0x38 zephyr/libzephyr.a(nrfx_usbd.c.obj)
 .text.nrf_usbd_ep0in_dma_handler
                0x000000000000cbe8       0x6c zephyr/libzephyr.a(nrfx_usbd.c.obj)
 .text.nrf_usbd_epin_dma_handler
                0x000000000000cc54       0xc4 zephyr/libzephyr.a(nrfx_usbd.c.obj)
 .text.nrf_usbd_epiniso_dma_handler
                0x000000000000cd18       0xc4 zephyr/libzephyr.a(nrfx_usbd.c.obj)
 .text.nrf_usbd_ep0out_dma_handler
                0x000000000000cddc       0x8c zephyr/libzephyr.a(nrfx_usbd.c.obj)
 .text.nrf_usbd_epout_dma_handler
                0x000000000000ce68       0xe4 zephyr/libzephyr.a(nrfx_usbd.c.obj)
 .text.nrf_usbd_epoutiso_dma_handler
                0x000000000000cf4c       0x90 zephyr/libzephyr.a(nrfx_usbd.c.obj)
 .text.ev_sof_handler
                0x000000000000cfdc       0x6c zephyr/libzephyr.a(nrfx_usbd.c.obj)
 .text.usbd_ep_data_handler
                0x000000000000d048       0x90 zephyr/libzephyr.a(nrfx_usbd.c.obj)
 .text.ev_setup_data_handler
                0x000000000000d0d8       0x24 zephyr/libzephyr.a(nrfx_usbd.c.obj)
 .text.ev_setup_handler
                0x000000000000d0fc       0xc0 zephyr/libzephyr.a(nrfx_usbd.c.obj)
 .text.ev_usbevent_handler
                0x000000000000d1bc       0xc4 zephyr/libzephyr.a(nrfx_usbd.c.obj)
 .text.ev_epdata_handler
                0x000000000000d280       0x84 zephyr/libzephyr.a(nrfx_usbd.c.obj)
 .text.usbd_dmareq_process
                0x000000000000d304      0x270 zephyr/libzephyr.a(nrfx_usbd.c.obj)
 .text.nrfx_usbd_irq_handler
                0x000000000000d574      0x274 zephyr/libzephyr.a(nrfx_usbd.c.obj)
                0x000000000000d574                nrfx_usbd_irq_handler
 .text.nrfx_usbd_init
                0x000000000000d7e8       0xfc zephyr/libzephyr.a(nrfx_usbd.c.obj)
                0x000000000000d7e8                nrfx_usbd_init
 .text.nrfx_usbd_uninit
                0x000000000000d8e4       0x40 zephyr/libzephyr.a(nrfx_usbd.c.obj)
                0x000000000000d8e4                nrfx_usbd_uninit
 .text.nrfx_usbd_enable
                0x000000000000d924      0x21c zephyr/libzephyr.a(nrfx_usbd.c.obj)
                0x000000000000d924                nrfx_usbd_enable
 .text.nrfx_usbd_disable
                0x000000000000db40       0x4c zephyr/libzephyr.a(nrfx_usbd.c.obj)
                0x000000000000db40                nrfx_usbd_disable
 .text.nrfx_usbd_start
                0x000000000000db8c       0x74 zephyr/libzephyr.a(nrfx_usbd.c.obj)
                0x000000000000db8c                nrfx_usbd_start
 .text.nrfx_usbd_stop
                0x000000000000dc00       0x58 zephyr/libzephyr.a(nrfx_usbd.c.obj)
                0x000000000000dc00                nrfx_usbd_stop
 .text.nrfx_usbd_is_enabled
                0x000000000000dc58       0x20 zephyr/libzephyr.a(nrfx_usbd.c.obj)
                0x000000000000dc58                nrfx_usbd_is_enabled
 .text.nrfx_usbd_suspend
                0x000000000000dc78       0x78 zephyr/libzephyr.a(nrfx_usbd.c.obj)
                0x000000000000dc78                nrfx_usbd_suspend
 .text.nrfx_usbd_ep_max_packet_size_set
                0x000000000000dcf0       0x90 zephyr/libzephyr.a(nrfx_usbd.c.obj)
                0x000000000000dcf0                nrfx_usbd_ep_max_packet_size_set
 .text.nrfx_usbd_ep_enable
                0x000000000000dd80       0xac zephyr/libzephyr.a(nrfx_usbd.c.obj)
                0x000000000000dd80                nrfx_usbd_ep_enable
 .text.nrfx_usbd_ep_transfer
                0x000000000000de2c      0x1c4 zephyr/libzephyr.a(nrfx_usbd.c.obj)
                0x000000000000de2c                nrfx_usbd_ep_transfer
 .text.nrfx_usbd_feeder_buffer_get
                0x000000000000dff0       0x14 zephyr/libzephyr.a(nrfx_usbd.c.obj)
                0x000000000000dff0                nrfx_usbd_feeder_buffer_get
 .text.nrfx_usbd_last_setup_dir_get
                0x000000000000e004       0x14 zephyr/libzephyr.a(nrfx_usbd.c.obj)
                0x000000000000e004                nrfx_usbd_last_setup_dir_get
 .text.nrfx_usbd_transfer_out_drop
                0x000000000000e018       0xfc zephyr/libzephyr.a(nrfx_usbd.c.obj)
                0x000000000000e018                nrfx_usbd_transfer_out_drop
 .text.tty_init
                0x000000000000e114       0x78 zephyr/libzephyr.a(tty.c.obj)
                0x000000000000e114                tty_init
 .text.console_putchar
                0x000000000000e18c       0x24 zephyr/libzephyr.a(getchar.c.obj)
                0x000000000000e18c                console_putchar
 .text.console_getchar
                0x000000000000e1b0       0x2c zephyr/libzephyr.a(getchar.c.obj)
                0x000000000000e1b0                console_getchar
 .text.console_init
                0x000000000000e1dc       0x44 zephyr/libzephyr.a(getchar.c.obj)
                0x000000000000e1dc                console_init
 .text.coap_append_option_int
                0x000000000000e220       0xa8 zephyr/libzephyr.a(coap.c.obj)
                0x000000000000e220                coap_append_option_int
 .text.coap_option_value_to_int
                0x000000000000e2c8       0x8c zephyr/libzephyr.a(coap.c.obj)
                0x000000000000e2c8                coap_option_value_to_int
 .text.method_from_code
                0x000000000000e354       0x50 zephyr/libzephyr.a(coap.c.obj)
 .text.match_queries_resource
                0x000000000000e3a4       0xb4 zephyr/libzephyr.a(coap_link_format.c.obj)
 .text.format_uri
                0x000000000000e458      0x154 zephyr/libzephyr.a(coap_link_format.c.obj)
 .text.format_attributes
                0x000000000000e5ac      0x110 zephyr/libzephyr.a(coap_link_format.c.obj)
 .text.coap_well_known_core_get
                0x000000000000e6bc      0x1d8 zephyr/libzephyr.a(coap_link_format.c.obj)
                0x000000000000e6bc                coap_well_known_core_get
 .text.zsock_socket_internal
                0x000000000000e894       0xc4 zephyr/libzephyr.a(sockets.c.obj)
                0x000000000000e894                zsock_socket_internal
 .text.zsock_accepted_cb
                0x000000000000e958       0x50 zephyr/libzephyr.a(sockets.c.obj)
 .text.zsock_bind_ctx
                0x000000000000e9a8       0x74 zephyr/libzephyr.a(sockets.c.obj)
                0x000000000000e9a8                zsock_bind_ctx
 .text.zsock_connect_ctx
                0x000000000000ea1c       0x74 zephyr/libzephyr.a(sockets.c.obj)
                0x000000000000ea1c                zsock_connect_ctx
 .text.zsock_listen_ctx
                0x000000000000ea90       0x60 zephyr/libzephyr.a(sockets.c.obj)
                0x000000000000ea90                zsock_listen_ctx
 .text.zsock_accept_ctx
                0x000000000000eaf0       0xc0 zephyr/libzephyr.a(sockets.c.obj)
                0x000000000000eaf0                zsock_accept_ctx
 .text.zsock_sendto_ctx
                0x000000000000ebb0       0xc0 zephyr/libzephyr.a(sockets.c.obj)
                0x000000000000ebb0                zsock_sendto_ctx
 .text.k_work_submit
                0x000000000000ec70       0x1c zephyr/libzephyr.a(usb_device.c.obj)
 .text.usb_handle_request
                0x000000000000ec8c       0x8c zephyr/libzephyr.a(usb_device.c.obj)
 .text.usb_data_to_host
                0x000000000000ed18       0x74 zephyr/libzephyr.a(usb_device.c.obj)
 .text.usb_handle_control_transfer
                0x000000000000ed8c      0x21c zephyr/libzephyr.a(usb_device.c.obj)
 .text.usb_register_request_handler
                0x000000000000efa8       0x38 zephyr/libzephyr.a(usb_device.c.obj)
 .text.usb_register_descriptors
                0x000000000000efe0       0x1c zephyr/libzephyr.a(usb_device.c.obj)
 .text.usb_get_descriptor
                0x000000000000effc       0xdc zephyr/libzephyr.a(usb_device.c.obj)
 .text.usb_set_configuration
                0x000000000000f0d8       0xe8 zephyr/libzephyr.a(usb_device.c.obj)
 .text.usb_set_interface
                0x000000000000f1c0      0x114 zephyr/libzephyr.a(usb_device.c.obj)
 .text.usb_handle_std_device_req
                0x000000000000f2d4      0x1c0 zephyr/libzephyr.a(usb_device.c.obj)
 .text.usb_handle_std_interface_req
                0x000000000000f494       0xb4 zephyr/libzephyr.a(usb_device.c.obj)
 .text.usb_handle_std_endpoint_req
                0x000000000000f548      0x114 zephyr/libzephyr.a(usb_device.c.obj)
 .text.usb_handle_standard_request
                0x000000000000f65c       0xd0 zephyr/libzephyr.a(usb_device.c.obj)
 .text.usb_handle_vendor_request
                0x000000000000f72c       0x5c zephyr/libzephyr.a(usb_device.c.obj)
 .text.usb_register_custom_req_handler
                0x000000000000f788       0x1c zephyr/libzephyr.a(usb_device.c.obj)
 .text.usb_register_status_callback
                0x000000000000f7a4       0x1c zephyr/libzephyr.a(usb_device.c.obj)
 .text.forward_status_cb
                0x000000000000f7c0       0x68 zephyr/libzephyr.a(usb_device.c.obj)
 .text.usb_set_config
                0x000000000000f828       0x9c zephyr/libzephyr.a(usb_device.c.obj)
                0x000000000000f828                usb_set_config
 .text.usb_enable
                0x000000000000f8c4      0x188 zephyr/libzephyr.a(usb_device.c.obj)
                0x000000000000f8c4                usb_enable
 .text.usb_ep_get_transfer
                0x000000000000fa4c       0x58 zephyr/libzephyr.a(usb_device.c.obj)
 .text.usb_transfer
                0x000000000000faa4      0x158 zephyr/libzephyr.a(usb_device.c.obj)
                0x000000000000faa4                usb_transfer
 .text.usb_transfer_sync
                0x000000000000fbfc       0x60 zephyr/libzephyr.a(usb_device.c.obj)
                0x000000000000fbfc                usb_transfer_sync
 .text.usb_get_str_descriptor_idx
                0x000000000000fc5c       0x58 zephyr/libzephyr.a(usb_descriptor.c.obj)
                0x000000000000fc5c                usb_get_str_descriptor_idx
 .text.usb_get_cfg_data
                0x000000000000fcb4       0x68 zephyr/libzephyr.a(usb_descriptor.c.obj)
 .text.usb_fix_ascii_sn_string_descriptor
                0x000000000000fd1c       0x58 zephyr/libzephyr.a(usb_descriptor.c.obj)
 .text.usb_fix_descriptor
                0x000000000000fd74      0x1dc zephyr/libzephyr.a(usb_descriptor.c.obj)
 .text.usb_get_device_descriptor
                0x000000000000ff50       0x3c zephyr/libzephyr.a(usb_descriptor.c.obj)
                0x000000000000ff50                usb_get_device_descriptor
 .text.usb_handle_os_desc
                0x000000000000ff8c       0x6c zephyr/libzephyr.a(os_desc.c.obj)
                0x000000000000ff8c                usb_handle_os_desc
 .text.usb_handle_os_desc_feature
                0x000000000000fff8       0x70 zephyr/libzephyr.a(os_desc.c.obj)
                0x000000000000fff8                usb_handle_os_desc_feature
 .text.usb_os_desc_enabled
                0x0000000000010068       0x20 zephyr/libzephyr.a(os_desc.c.obj)
                0x0000000000010068                usb_os_desc_enabled
 .text.sys_rand32_get
                0x0000000000010088       0x64 zephyr/libzephyr.a(rand32_entropy_device.c.obj)
                0x0000000000010088                sys_rand32_get
 .text.console_out
                0x00000000000100ec       0x60 zephyr/libzephyr.a(uart_console.c.obj)
 .text.uart_console_hook_install
                0x000000000001014c       0x18 zephyr/libzephyr.a(uart_console.c.obj)
                0x000000000001014c                uart_console_hook_install
 .text.uart_console_init
                0x0000000000010164       0x2c zephyr/libzephyr.a(uart_console.c.obj)
 .text.__NVIC_SetPendingIRQ
                0x0000000000010190       0x3c zephyr/libzephyr.a(nrf_power_clock.c.obj)
 .text.__NVIC_ClearPendingIRQ
                0x00000000000101cc       0x3c zephyr/libzephyr.a(nrf_power_clock.c.obj)
 .text.m16src_start
                0x0000000000010208      0x13c zephyr/libzephyr.a(nrf_power_clock.c.obj)
 .text.m16src_stop
                0x0000000000010344       0xc0 zephyr/libzephyr.a(nrf_power_clock.c.obj)
 .text.k32src_start
                0x0000000000010404      0x118 zephyr/libzephyr.a(nrf_power_clock.c.obj)
 .text.nrf_power_clock_isr
                0x000000000001051c      0x1fc zephyr/libzephyr.a(nrf_power_clock.c.obj)
                0x000000000001051c                nrf_power_clock_isr
 .text.k_work_submit
                0x0000000000010718       0x1c zephyr/libzephyr.a(usb_dc_nrfx.c.obj)
 .text.nrf_usbd_setup_bmrequesttype_get
                0x0000000000010734       0x18 zephyr/libzephyr.a(usb_dc_nrfx.c.obj)
 .text.nrf_usbd_setup_brequest_get
                0x000000000001074c       0x18 zephyr/libzephyr.a(usb_dc_nrfx.c.obj)
 .text.nrf_usbd_setup_wvalue_get
                0x0000000000010764       0x30 zephyr/libzephyr.a(usb_dc_nrfx.c.obj)
 .text.nrf_usbd_setup_windex_get
                0x0000000000010794       0x30 zephyr/libzephyr.a(usb_dc_nrfx.c.obj)
 .text.nrf_usbd_setup_wlength_get
                0x00000000000107c4       0x30 zephyr/libzephyr.a(usb_dc_nrfx.c.obj)
 .text.nrf_usbd_ep_amount_get
                0x00000000000107f4       0xbc zephyr/libzephyr.a(usb_dc_nrfx.c.obj)
 .text.get_usbd_ctx
                0x00000000000108b0       0x14 zephyr/libzephyr.a(usb_dc_nrfx.c.obj)
 .text.usbd_evt_put
                0x00000000000108c4       0x1c zephyr/libzephyr.a(usb_dc_nrfx.c.obj)
 .text.usbd_evt_get
                0x00000000000108e0       0x18 zephyr/libzephyr.a(usb_dc_nrfx.c.obj)
 .text.usbd_evt_alloc
                0x00000000000108f8       0x94 zephyr/libzephyr.a(usb_dc_nrfx.c.obj)
 .text.usb_dc_nrfx_power_event_callback
                0x000000000001098c       0x74 zephyr/libzephyr.a(usb_dc_nrfx.c.obj)
                0x000000000001098c                usb_dc_nrfx_power_event_callback
 .text.hf_clock_enable
                0x0000000000010a00       0xbc zephyr/libzephyr.a(usb_dc_nrfx.c.obj)
 .text.eps_ctx_init
                0x0000000000010abc      0x134 zephyr/libzephyr.a(usb_dc_nrfx.c.obj)
 .text.usbd_work_process_pwr_events
                0x0000000000010bf0      0x124 zephyr/libzephyr.a(usb_dc_nrfx.c.obj)
 .text.usbd_work_process_recvreq
                0x0000000000010d14       0xa4 zephyr/libzephyr.a(usb_dc_nrfx.c.obj)
 .text.usbd_work_process_ep_events
                0x0000000000010db8       0xa4 zephyr/libzephyr.a(usb_dc_nrfx.c.obj)
 .text.usbd_event_handler
                0x0000000000010e5c      0x16c zephyr/libzephyr.a(usb_dc_nrfx.c.obj)
 .text.usbd_reinit
                0x0000000000010fc8       0x4c zephyr/libzephyr.a(usb_dc_nrfx.c.obj)
 .text.usbd_work_handler
                0x0000000000011014      0x108 zephyr/libzephyr.a(usb_dc_nrfx.c.obj)
 .text.usb_dc_attach
                0x000000000001111c       0xac zephyr/libzephyr.a(usb_dc_nrfx.c.obj)
                0x000000000001111c                usb_dc_attach
 .text.usb_dc_ep_set_stall
                0x00000000000111c8       0xac zephyr/libzephyr.a(usb_dc_nrfx.c.obj)
                0x00000000000111c8                usb_dc_ep_set_stall
 .text.usb_dc_ep_write
                0x0000000000011274      0x170 zephyr/libzephyr.a(usb_dc_nrfx.c.obj)
                0x0000000000011274                usb_dc_ep_write
 .text.__NVIC_ClearPendingIRQ
                0x00000000000113e4       0x3c zephyr/libzephyr.a(nrf_rtc_timer.c.obj)
 .text.nrf_rtc_prescaler_set
                0x0000000000011420       0x3c zephyr/libzephyr.a(nrf_rtc_timer.c.obj)
 .text.set_comparator
                0x000000000001145c       0x24 zephyr/libzephyr.a(nrf_rtc_timer.c.obj)
 .text.counter  0x0000000000011480       0x14 zephyr/libzephyr.a(nrf_rtc_timer.c.obj)
 .text.rtc1_nrf_isr
                0x0000000000011494       0xa0 zephyr/libzephyr.a(nrf_rtc_timer.c.obj)
                0x0000000000011494                rtc1_nrf_isr
 .text.z_clock_driver_init
                0x0000000000011534       0xa0 zephyr/libzephyr.a(nrf_rtc_timer.c.obj)
                0x0000000000011534                z_clock_driver_init
 .text.z_clock_set_timeout
                0x00000000000115d4       0xf0 zephyr/libzephyr.a(nrf_rtc_timer.c.obj)
                0x00000000000115d4                z_clock_set_timeout
 .text.z_clock_elapsed
                0x00000000000116c4       0x78 zephyr/libzephyr.a(nrf_rtc_timer.c.obj)
                0x00000000000116c4                z_clock_elapsed
 .text.z_timer_cycle_get_32
                0x000000000001173c       0x6c zephyr/libzephyr.a(nrf_rtc_timer.c.obj)
                0x000000000001173c                z_timer_cycle_get_32
 .text._HandlerModeExit
                0x00000000000117a8       0x1c zephyr/arch/arch/arm/core/libarch__arm__core.a(exc_exit.S.obj)
                0x00000000000117a8                z_ExcExit
                0x00000000000117a8                _IntExit
 .text.__NVIC_SetPriority
                0x00000000000117c4       0x54 zephyr/arch/arch/arm/core/libarch__arm__core.a(irq_init.c.obj)
 .text.__swap   0x0000000000011818       0x50 zephyr/arch/arch/arm/core/libarch__arm__core.a(swap.c.obj)
                0x0000000000011818                __swap
 .text.__pendsv
                0x0000000000011868       0x58 zephyr/arch/arch/arm/core/libarch__arm__core.a(swap_helper.S.obj)
                0x0000000000011868                __pendsv
 .text.__svc    0x00000000000118c0       0x24 zephyr/arch/arch/arm/core/libarch__arm__core.a(swap_helper.S.obj)
                0x00000000000118c0                __svc
 .text.MpuFault
                0x00000000000118e4       0xec zephyr/arch/arch/arm/core/libarch__arm__core.a(fault.c.obj)
 .text.BusFault
                0x00000000000119d0       0xf8 zephyr/arch/arch/arm/core/libarch__arm__core.a(fault.c.obj)
 .text.UsageFault
                0x0000000000011ac8       0xb8 zephyr/arch/arch/arm/core/libarch__arm__core.a(fault.c.obj)
 .text.DebugMonitor
                0x0000000000011b80       0x1c zephyr/arch/arch/arm/core/libarch__arm__core.a(fault.c.obj)
 .text.HardFault
                0x0000000000011b9c       0xa0 zephyr/arch/arch/arm/core/libarch__arm__core.a(fault.c.obj)
 .text.ReservedException
                0x0000000000011c3c       0x38 zephyr/arch/arch/arm/core/libarch__arm__core.a(fault.c.obj)
 .text.FaultHandle
                0x0000000000011c74       0x9c zephyr/arch/arch/arm/core/libarch__arm__core.a(fault.c.obj)
 .text._Fault   0x0000000000011d10       0x40 zephyr/arch/arch/arm/core/libarch__arm__core.a(fault.c.obj)
                0x0000000000011d10                _Fault
 .text.z_FaultInit
                0x0000000000011d50       0x1c zephyr/arch/arch/arm/core/libarch__arm__core.a(fault.c.obj)
                0x0000000000011d50                z_FaultInit
 .text.__NVIC_EnableIRQ
                0x0000000000011d6c       0x38 zephyr/arch/arch/arm/core/libarch__arm__core.a(irq_manage.c.obj)
 .text.__NVIC_DisableIRQ
                0x0000000000011da4       0x44 zephyr/arch/arch/arm/core/libarch__arm__core.a(irq_manage.c.obj)
 .text.__NVIC_SetPriority
                0x0000000000011de8       0x54 zephyr/arch/arch/arm/core/libarch__arm__core.a(irq_manage.c.obj)
 .text.z_arch_irq_is_enabled
                0x0000000000011e3c       0x30 zephyr/arch/arch/arm/core/libarch__arm__core.a(irq_manage.c.obj)
                0x0000000000011e3c                z_arch_irq_is_enabled
 .text.z_new_thread
                0x0000000000011e6c       0xb4 zephyr/arch/arch/arm/core/libarch__arm__core.a(thread.c.obj)
                0x0000000000011e6c                z_new_thread
 .text.z_CpuIdleInit
                0x0000000000011f20        0xc zephyr/arch/arch/arm/core/libarch__arm__core.a(cpu_idle.S.obj)
                0x0000000000011f20                z_CpuIdleInit
 .text.k_cpu_idle
                0x0000000000011f2c        0xc zephyr/arch/arch/arm/core/libarch__arm__core.a(cpu_idle.S.obj)
                0x0000000000011f2c                k_cpu_idle
 .text.__fault  0x0000000000011f38       0x28 zephyr/arch/arch/arm/core/libarch__arm__core.a(fault_s.S.obj)
                0x0000000000011f38                __usage_fault
                0x0000000000011f38                __reserved
                0x0000000000011f38                __bus_fault
                0x0000000000011f38                __mpu_fault
                0x0000000000011f38                __hard_fault
 .text.z_NanoFatalErrorHandler
                0x0000000000011f60       0x94 zephyr/arch/arch/arm/core/libarch__arm__core.a(fatal.c.obj)
                0x0000000000011f60                z_NanoFatalErrorHandler
 .text.z_SysFatalErrorHandler
                0x0000000000011ff4       0x78 zephyr/arch/arch/arm/core/libarch__arm__core.a(sys_fatal_error_handler.c.obj)
                0x0000000000011ff4                z_SysFatalErrorHandler
 .text.z_impl_k_thread_abort
                0x000000000001206c       0x64 zephyr/arch/arch/arm/core/libarch__arm__core.a(thread_abort.c.obj)
                0x000000000001206c                z_impl_k_thread_abort
 .text._isr_wrapper
                0x00000000000120d0       0x40 zephyr/arch/arch/arm/core/libarch__arm__core.a(isr_wrapper.S.obj)
                0x00000000000120d0                _isr_wrapper
 .text._reset_section
                0x0000000000012110       0x2c zephyr/arch/arch/arm/core/cortex_m/libarch__arm__core__cortex_m.a(reset.S.obj)
                0x0000000000012110                __reset
                0x0000000000012110                __start
 .text.z_SysNmiOnReset
                0x000000000001213c        0x8 zephyr/arch/arch/arm/core/cortex_m/libarch__arm__core__cortex_m.a(nmi_on_reset.S.obj)
                0x000000000001213c                z_SysNmiOnReset
 .text.relocate_vector_table
                0x0000000000012144       0x28 zephyr/arch/arch/arm/core/cortex_m/libarch__arm__core__cortex_m.a(prep_c.c.obj)
 .text.z_arch_configure_static_mpu_regions
                0x000000000001216c       0x40 zephyr/arch/arch/arm/core/cortex_m/mpu/libarch__arm__core__cortex_m__mpu.a(arm_core_mpu.c.obj)
                0x000000000001216c                z_arch_configure_static_mpu_regions
 .text.ARM_MPU_ClrRegion
                0x00000000000121ac       0x24 zephyr/arch/arch/arm/core/cortex_m/mpu/libarch__arm__core__cortex_m__mpu.a(arm_mpu.c.obj)
 .text.region_init
                0x00000000000121d0       0x44 zephyr/arch/arch/arm/core/cortex_m/mpu/libarch__arm__core__cortex_m__mpu.a(arm_mpu.c.obj)
 .text.mpu_configure_static_mpu_regions
                0x0000000000012214       0x3c zephyr/arch/arch/arm/core/cortex_m/mpu/libarch__arm__core__cortex_m__mpu.a(arm_mpu.c.obj)
 .text.mpu_configure_dynamic_mpu_regions
                0x0000000000012250       0x5c zephyr/arch/arch/arm/core/cortex_m/mpu/libarch__arm__core__cortex_m__mpu.a(arm_mpu.c.obj)
 .text.arm_core_mpu_enable
                0x00000000000122ac       0x20 zephyr/arch/arch/arm/core/cortex_m/mpu/libarch__arm__core__cortex_m__mpu.a(arm_mpu.c.obj)
                0x00000000000122ac                arm_core_mpu_enable
 .text.arm_core_mpu_disable
                0x00000000000122cc       0x1c zephyr/arch/arch/arm/core/cortex_m/mpu/libarch__arm__core__cortex_m__mpu.a(arm_mpu.c.obj)
                0x00000000000122cc                arm_core_mpu_disable
 .text.arm_mpu_init
                0x00000000000122e8       0x7c zephyr/arch/arch/arm/core/cortex_m/mpu/libarch__arm__core__cortex_m__mpu.a(arm_mpu.c.obj)
 .text.__stdout_hook_install
                0x0000000000012364       0x1c zephyr/lib/libc/newlib/liblib__libc__newlib.a(libc-hooks.c.obj)
                0x0000000000012364                __stdout_hook_install
 .text.z_impl_zephyr_read_stdin
                0x0000000000012380       0x60 zephyr/lib/libc/newlib/liblib__libc__newlib.a(libc-hooks.c.obj)
                0x0000000000012380                z_impl_zephyr_read_stdin
 .text.z_impl_zephyr_write_stdout
                0x00000000000123e0       0x54 zephyr/lib/libc/newlib/liblib__libc__newlib.a(libc-hooks.c.obj)
                0x00000000000123e0                z_impl_zephyr_write_stdout
 .text._exit    0x0000000000012434       0x18 zephyr/lib/libc/newlib/liblib__libc__newlib.a(libc-hooks.c.obj)
                0x0000000000012434                _exit
 .text._sbrk    0x000000000001244c       0x50 zephyr/lib/libc/newlib/liblib__libc__newlib.a(libc-hooks.c.obj)
                0x000000000001244c                _sbrk
                0x000000000001244c                sbrk
 .text.net_buf_pool_get
                0x000000000001249c       0x20 zephyr/subsys/net/libsubsys__net.a(buf.c.obj)
                0x000000000001249c                net_buf_pool_get
 .text.pool_id  0x00000000000124bc       0x20 zephyr/subsys/net/libsubsys__net.a(buf.c.obj)
 .text.net_buf_id
                0x00000000000124dc       0x30 zephyr/subsys/net/libsubsys__net.a(buf.c.obj)
                0x00000000000124dc                net_buf_id
 .text.k_delayed_work_submit
                0x000000000001250c       0x24 zephyr/subsys/net/l2/ethernet/libsubsys__net__l2__ethernet.a(arp.c.obj)
 .text.arp_entry_find_move_first
                0x0000000000012530       0x60 zephyr/subsys/net/l2/ethernet/libsubsys__net__l2__ethernet.a(arp.c.obj)
 .text.arp_entry_find_pending
                0x0000000000012590       0x2c zephyr/subsys/net/l2/ethernet/libsubsys__net__l2__ethernet.a(arp.c.obj)
 .text.arp_entry_get_pending
                0x00000000000125bc       0x5c zephyr/subsys/net/l2/ethernet/libsubsys__net__l2__ethernet.a(arp.c.obj)
 .text.arp_entry_get_free
                0x0000000000012618       0x30 zephyr/subsys/net/l2/ethernet/libsubsys__net__l2__ethernet.a(arp.c.obj)
 .text.arp_entry_get_last_from_table
                0x0000000000012648       0x30 zephyr/subsys/net/l2/ethernet/libsubsys__net__l2__ethernet.a(arp.c.obj)
 .text.arp_entry_register_pending
                0x0000000000012678       0x50 zephyr/subsys/net/l2/ethernet/libsubsys__net__l2__ethernet.a(arp.c.obj)
 .text.arp_request_timeout
                0x00000000000126c8      0x104 zephyr/subsys/net/l2/ethernet/libsubsys__net__l2__ethernet.a(arp.c.obj)
 .text.arp_gratuitous
                0x00000000000127cc       0x4c zephyr/subsys/net/l2/ethernet/libsubsys__net__l2__ethernet.a(arp.c.obj)
 .text.arp_update
                0x0000000000012818       0xdc zephyr/subsys/net/l2/ethernet/libsubsys__net__l2__ethernet.a(arp.c.obj)
 .text.net_arp_clear_cache
                0x00000000000128f4      0x1a0 zephyr/subsys/net/l2/ethernet/libsubsys__net__l2__ethernet.a(arp.c.obj)
                0x00000000000128f4                net_arp_clear_cache
 .text.net_arp_init
                0x0000000000012a94       0x78 zephyr/subsys/net/l2/ethernet/libsubsys__net__l2__ethernet.a(arp.c.obj)
                0x0000000000012a94                net_arp_init
 .text.net_eth_broadcast_addr
                0x0000000000012b0c       0x14 zephyr/subsys/net/l2/ethernet/libsubsys__net__l2__ethernet.a(ethernet.c.obj)
                0x0000000000012b0c                net_eth_broadcast_addr
 .text.ethernet_send
                0x0000000000012b20      0x114 zephyr/subsys/net/l2/ethernet/libsubsys__net__l2__ethernet.a(ethernet.c.obj)
 .text.check_used_port
                0x0000000000012c34      0x108 zephyr/subsys/net/ip/libsubsys__net__ip.a(net_context.c.obj)
 .text.net_context_get
                0x0000000000012d3c      0x2ec zephyr/subsys/net/ip/libsubsys__net__ip.a(net_context.c.obj)
                0x0000000000012d3c                net_context_get
 .text.net_context_put
                0x0000000000013028       0x74 zephyr/subsys/net/ip/libsubsys__net__ip.a(net_context.c.obj)
                0x0000000000013028                net_context_put
 .text.find_context
                0x000000000001309c       0x74 zephyr/subsys/net/ip/libsubsys__net__ip.a(net_context.c.obj)
 .text.recv_udp
                0x0000000000013110      0x160 zephyr/subsys/net/ip/libsubsys__net__ip.a(net_context.c.obj)
 .text.net_context_init
                0x0000000000013270       0x18 zephyr/subsys/net/ip/libsubsys__net__ip.a(net_context.c.obj)
                0x0000000000013270                net_context_init
 .text.net_queue_rx
                0x0000000000013288       0x48 zephyr/subsys/net/ip/libsubsys__net__ip.a(net_core.c.obj)
 .text.net_ipv4_is_ll_addr
                0x00000000000132d0       0x60 zephyr/subsys/net/ip/libsubsys__net__ip.a(net_if.c.obj)
 .text.net_if_queue_tx
                0x0000000000013330       0x48 zephyr/subsys/net/ip/libsubsys__net__ip.a(net_if.c.obj)
                0x0000000000013330                net_if_queue_tx
 .text.net_if_get_default
                0x0000000000013378       0x34 zephyr/subsys/net/ip/libsubsys__net__ip.a(net_if.c.obj)
                0x0000000000013378                net_if_get_default
 .text.net_if_config_ipv4_get
                0x00000000000133ac       0xa4 zephyr/subsys/net/ip/libsubsys__net__ip.a(net_if.c.obj)
                0x00000000000133ac                net_if_config_ipv4_get
 .text.net_if_ipv4_is_addr_bcast
                0x0000000000013450       0x58 zephyr/subsys/net/ip/libsubsys__net__ip.a(net_if.c.obj)
                0x0000000000013450                net_if_ipv4_is_addr_bcast
 .text.net_if_ipv4_select_src_iface
                0x00000000000134a8       0x48 zephyr/subsys/net/ip/libsubsys__net__ip.a(net_if.c.obj)
                0x00000000000134a8                net_if_ipv4_select_src_iface
 .text.net_if_ipv4_select_src_addr
                0x00000000000134f0       0xf8 zephyr/subsys/net/ip/libsubsys__net__ip.a(net_if.c.obj)
                0x00000000000134f0                net_if_ipv4_select_src_addr
 .text.net_if_ipv4_addr_lookup
                0x00000000000135e8       0xc0 zephyr/subsys/net/ip/libsubsys__net__ip.a(net_if.c.obj)
                0x00000000000135e8                net_if_ipv4_addr_lookup
 .text.net_if_ipv4_addr_add
                0x00000000000136a8      0x104 zephyr/subsys/net/ip/libsubsys__net__ip.a(net_if.c.obj)
                0x00000000000136a8                net_if_ipv4_addr_add
 .text.net_if_ipv4_maddr_lookup
                0x00000000000137ac       0x6c zephyr/subsys/net/ip/libsubsys__net__ip.a(net_if.c.obj)
                0x00000000000137ac                net_if_ipv4_maddr_lookup
 .text.net_if_call_link_cb
                0x0000000000013818       0x9c zephyr/subsys/net/ip/libsubsys__net__ip.a(net_if.c.obj)
                0x0000000000013818                net_if_call_link_cb
 .text.need_calc_checksum
                0x00000000000138b4       0x44 zephyr/subsys/net/ip/libsubsys__net__ip.a(net_if.c.obj)
 .text.net_if_get_by_index
                0x00000000000138f8       0x48 zephyr/subsys/net/ip/libsubsys__net__ip.a(net_if.c.obj)
                0x00000000000138f8                net_if_get_by_index
 .text.net_if_get_by_iface
                0x0000000000013940       0x3c zephyr/subsys/net/ip/libsubsys__net__ip.a(net_if.c.obj)
                0x0000000000013940                net_if_get_by_iface
 .text.net_if_up
                0x000000000001397c       0x7c zephyr/subsys/net/ip/libsubsys__net__ip.a(net_if.c.obj)
                0x000000000001397c                net_if_up
 .text.net_if_down
                0x00000000000139f8       0x64 zephyr/subsys/net/ip/libsubsys__net__ip.a(net_if.c.obj)
                0x00000000000139f8                net_if_down
 .text.net_if_init
                0x0000000000013a5c       0x9c zephyr/subsys/net/ip/libsubsys__net__ip.a(net_if.c.obj)
                0x0000000000013a5c                net_if_init
 .text.net_if_post_init
                0x0000000000013af8       0x38 zephyr/subsys/net/ip/libsubsys__net__ip.a(net_if.c.obj)
                0x0000000000013af8                net_if_post_init
 .text.net_pkt_get_frag
                0x0000000000013b30       0x34 zephyr/subsys/net/ip/libsubsys__net__ip.a(net_pkt.c.obj)
                0x0000000000013b30                net_pkt_get_frag
 .text.net_pkt_get_reserve_rx_data
                0x0000000000013b64       0x20 zephyr/subsys/net/ip/libsubsys__net__ip.a(net_pkt.c.obj)
                0x0000000000013b64                net_pkt_get_reserve_rx_data
 .text.net_pkt_get_reserve_tx_data
                0x0000000000013b84       0x20 zephyr/subsys/net/ip/libsubsys__net__ip.a(net_pkt.c.obj)
                0x0000000000013b84                net_pkt_get_reserve_tx_data
 .text.pkt_buffer_length
                0x0000000000013ba4       0x94 zephyr/subsys/net/ip/libsubsys__net__ip.a(net_pkt.c.obj)
 .text.net_pkt_alloc_buffer
                0x0000000000013c38      0x128 zephyr/subsys/net/ip/libsubsys__net__ip.a(net_pkt.c.obj)
                0x0000000000013c38                net_pkt_alloc_buffer
 .text.net_pkt_alloc_with_buffer
                0x0000000000013d60       0x3c zephyr/subsys/net/ip/libsubsys__net__ip.a(net_pkt.c.obj)
                0x0000000000013d60                net_pkt_alloc_with_buffer
 .text.net_tc_submit_to_tx_queue
                0x0000000000013d9c       0x38 zephyr/subsys/net/ip/libsubsys__net__ip.a(net_tc.c.obj)
                0x0000000000013d9c                net_tc_submit_to_tx_queue
 .text.net_tc_submit_to_rx_queue
                0x0000000000013dd4       0x38 zephyr/subsys/net/ip/libsubsys__net__ip.a(net_tc.c.obj)
                0x0000000000013dd4                net_tc_submit_to_rx_queue
 .text.net_tx_priority2tc
                0x0000000000013e0c       0x2c zephyr/subsys/net/ip/libsubsys__net__ip.a(net_tc.c.obj)
                0x0000000000013e0c                net_tx_priority2tc
 .text.net_rx_priority2tc
                0x0000000000013e38       0x2c zephyr/subsys/net/ip/libsubsys__net__ip.a(net_tc.c.obj)
                0x0000000000013e38                net_rx_priority2tc
 .text.tx_tc2thread
                0x0000000000013e64       0x20 zephyr/subsys/net/ip/libsubsys__net__ip.a(net_tc.c.obj)
 .text.rx_tc2thread
                0x0000000000013e84       0x20 zephyr/subsys/net/ip/libsubsys__net__ip.a(net_tc.c.obj)
 .text.net_tc_tx_init
                0x0000000000013ea4       0xa0 zephyr/subsys/net/ip/libsubsys__net__ip.a(net_tc.c.obj)
                0x0000000000013ea4                net_tc_tx_init
 .text.net_tc_rx_init
                0x0000000000013f44       0xa0 zephyr/subsys/net/ip/libsubsys__net__ip.a(net_tc.c.obj)
                0x0000000000013f44                net_tc_rx_init
 .text.net_icmpv4_register_handler
                0x0000000000013fe4       0x20 zephyr/subsys/net/ip/libsubsys__net__ip.a(icmpv4.c.obj)
                0x0000000000013fe4                net_icmpv4_register_handler
 .text.net_icmpv4_input
                0x0000000000014004      0x110 zephyr/subsys/net/ip/libsubsys__net__ip.a(icmpv4.c.obj)
                0x0000000000014004                net_icmpv4_input
 .text.net_icmpv4_init
                0x0000000000014114       0x14 zephyr/subsys/net/ip/libsubsys__net__ip.a(icmpv4.c.obj)
                0x0000000000014114                net_icmpv4_init
 .text.net_ipv4_unspecified_address
                0x0000000000014128       0x14 zephyr/subsys/net/ip/libsubsys__net__ip.a(ipv4.c.obj)
                0x0000000000014128                net_ipv4_unspecified_address
 .text.net_ipv4_broadcast_address
                0x000000000001413c       0x14 zephyr/subsys/net/ip/libsubsys__net__ip.a(ipv4.c.obj)
                0x000000000001413c                net_ipv4_broadcast_address
 .text.mgmt_push_event
                0x0000000000014150       0xb8 zephyr/subsys/net/ip/libsubsys__net__ip.a(net_mgmt.c.obj)
 .text.mgmt_pop_event
                0x0000000000014208       0x8c zephyr/subsys/net/ip/libsubsys__net__ip.a(net_mgmt.c.obj)
 .text.mgmt_is_event_handled
                0x0000000000014294       0x60 zephyr/subsys/net/ip/libsubsys__net__ip.a(net_mgmt.c.obj)
 .text.mgmt_run_callbacks
                0x00000000000142f4      0x168 zephyr/subsys/net/ip/libsubsys__net__ip.a(net_mgmt.c.obj)
 .text.mgmt_thread
                0x000000000001445c       0x6c zephyr/subsys/net/ip/libsubsys__net__ip.a(net_mgmt.c.obj)
 .text.net_mgmt_event_notify_with_info
                0x00000000000144c8       0x44 zephyr/subsys/net/ip/libsubsys__net__ip.a(net_mgmt.c.obj)
                0x00000000000144c8                net_mgmt_event_notify_with_info
 .text.net_mgmt_event_init
                0x000000000001450c       0x90 zephyr/subsys/net/ip/libsubsys__net__ip.a(net_mgmt.c.obj)
                0x000000000001450c                net_mgmt_event_init
 .text.net_conn_unregister
                0x000000000001459c       0x58 zephyr/subsys/net/ip/libsubsys__net__ip.a(connection.c.obj)
                0x000000000001459c                net_conn_unregister
 .text.find_conn_handler
                0x00000000000145f4      0x1f8 zephyr/subsys/net/ip/libsubsys__net__ip.a(connection.c.obj)
 .text.net_conn_register
                0x00000000000147ec      0x2d4 zephyr/subsys/net/ip/libsubsys__net__ip.a(connection.c.obj)
                0x00000000000147ec                net_conn_register
 .text.net_conn_input
                0x0000000000014ac0      0x300 zephyr/subsys/net/ip/libsubsys__net__ip.a(connection.c.obj)
                0x0000000000014ac0                net_conn_input
 .text.setup_ipv4
                0x0000000000014dc0       0x84 zephyr/subsys/net/lib/config/libsubsys__net__lib__config.a(init.c.obj)
 .text.net_config_init
                0x0000000000014e44      0x10c zephyr/subsys/net/lib/config/libsubsys__net__lib__config.a(init.c.obj)
                0x0000000000014e44                net_config_init
 .text.init_app
                0x0000000000014f50       0x40 zephyr/subsys/net/lib/config/libsubsys__net__lib__config.a(init.c.obj)
 .text.netusb_send
                0x0000000000014f90       0x54 zephyr/subsys/usb/class/netusb/libsubsys__usb__class__netusb.a(netusb.c.obj)
 .text.netusb_net_iface
                0x0000000000014fe4       0x14 zephyr/subsys/usb/class/netusb/libsubsys__usb__class__netusb.a(netusb.c.obj)
                0x0000000000014fe4                netusb_net_iface
 .text.netusb_recv
                0x0000000000014ff8       0x3c zephyr/subsys/usb/class/netusb/libsubsys__usb__class__netusb.a(netusb.c.obj)
                0x0000000000014ff8                netusb_recv
 .text.netusb_connect_media
                0x0000000000015034       0x54 zephyr/subsys/usb/class/netusb/libsubsys__usb__class__netusb.a(netusb.c.obj)
 .text.netusb_disconnect_media
                0x0000000000015088       0x54 zephyr/subsys/usb/class/netusb/libsubsys__usb__class__netusb.a(netusb.c.obj)
 .text.netusb_enable
                0x00000000000150dc       0x30 zephyr/subsys/usb/class/netusb/libsubsys__usb__class__netusb.a(netusb.c.obj)
                0x00000000000150dc                netusb_enable
 .text.netusb_disable
                0x000000000001510c       0x40 zephyr/subsys/usb/class/netusb/libsubsys__usb__class__netusb.a(netusb.c.obj)
                0x000000000001510c                netusb_disable
 .text.netusb_enabled
                0x000000000001514c       0x20 zephyr/subsys/usb/class/netusb/libsubsys__usb__class__netusb.a(netusb.c.obj)
                0x000000000001514c                netusb_enabled
 .text.netusb_init
                0x000000000001516c       0xd4 zephyr/subsys/usb/class/netusb/libsubsys__usb__class__netusb.a(netusb.c.obj)
 .text.ecm_get_first_iface_number
                0x0000000000015240       0x14 zephyr/subsys/usb/class/netusb/libsubsys__usb__class__netusb.a(function_ecm.c.obj)
 .text.ecm_send
                0x0000000000015254       0x78 zephyr/subsys/usb/class/netusb/libsubsys__usb__class__netusb.a(function_ecm.c.obj)
 .text.ecm_read_cb
                0x00000000000152cc       0xb8 zephyr/subsys/usb/class/netusb/libsubsys__usb__class__netusb.a(function_ecm.c.obj)
 .text.ecm_connect
                0x0000000000015384       0x44 zephyr/subsys/usb/class/netusb/libsubsys__usb__class__netusb.a(function_ecm.c.obj)
 .text.ecm_status_interface
                0x00000000000153c8       0x50 zephyr/subsys/usb/class/netusb/libsubsys__usb__class__netusb.a(function_ecm.c.obj)
 .text.ecm_status_cb
                0x0000000000015418       0x8c zephyr/subsys/usb/class/netusb/libsubsys__usb__class__netusb.a(function_ecm.c.obj)
 .text.ecm_interface_config
                0x00000000000154a4       0x74 zephyr/subsys/usb/class/netusb/libsubsys__usb__class__netusb.a(function_ecm.c.obj)
 .text.nrf_gpio_pin_port_decode
                0x0000000000015518       0x54 zephyr/drivers/gpio/libdrivers__gpio.a(gpio_nrfx.c.obj)
 .text.nrf_gpiote_int_enable
                0x000000000001556c       0x20 zephyr/drivers/gpio/libdrivers__gpio.a(gpio_nrfx.c.obj)
 .text.nrf_gpiote_int_disable
                0x000000000001558c       0x20 zephyr/drivers/gpio/libdrivers__gpio.a(gpio_nrfx.c.obj)
 .text.nrf_gpiote_int_is_enabled
                0x00000000000155ac       0x20 zephyr/drivers/gpio/libdrivers__gpio.a(gpio_nrfx.c.obj)
 .text.nrf_gpiote_event_enable
                0x00000000000155cc       0x34 zephyr/drivers/gpio/libdrivers__gpio.a(gpio_nrfx.c.obj)
 .text.nrf_gpiote_event_disable
                0x0000000000015600       0x34 zephyr/drivers/gpio/libdrivers__gpio.a(gpio_nrfx.c.obj)
 .text.nrf_gpiote_event_configure
                0x0000000000015634       0x68 zephyr/drivers/gpio/libdrivers__gpio.a(gpio_nrfx.c.obj)
 .text.nrf_gpiote_event_pin_get
                0x000000000001569c       0x28 zephyr/drivers/gpio/libdrivers__gpio.a(gpio_nrfx.c.obj)
 .text.nrf_gpiote_te_is_enabled
                0x00000000000156c4       0x30 zephyr/drivers/gpio/libdrivers__gpio.a(gpio_nrfx.c.obj)
 .text.gpiote_event_handler
                0x00000000000156f4       0xf8 zephyr/drivers/gpio/libdrivers__gpio.a(gpio_nrfx.c.obj)
 .text.gpio_nrfx_init
                0x00000000000157ec       0x44 zephyr/drivers/gpio/libdrivers__gpio.a(gpio_nrfx.c.obj)
 .text.__NVIC_SetPendingIRQ
                0x0000000000015830       0x3c zephyr/drivers/serial/libdrivers__serial.a(uart_nrfx_uart.c.obj)
 .text.nrf_gpio_pin_port_decode
                0x000000000001586c       0x54 zephyr/drivers/serial/libdrivers__serial.a(uart_nrfx_uart.c.obj)
 .text.event_txdrdy_check
                0x00000000000158c0       0x38 zephyr/drivers/serial/libdrivers__serial.a(uart_nrfx_uart.c.obj)
 .text.event_txdrdy_clear
                0x00000000000158f8       0x24 zephyr/drivers/serial/libdrivers__serial.a(uart_nrfx_uart.c.obj)
 .text.baudrate_set
                0x000000000001591c      0x1d8 zephyr/drivers/serial/libdrivers__serial.a(uart_nrfx_uart.c.obj)
 .text.uart_nrfx_poll_in
                0x0000000000015af4       0x54 zephyr/drivers/serial/libdrivers__serial.a(uart_nrfx_uart.c.obj)
 .text.uart_nrfx_poll_out
                0x0000000000015b48       0x50 zephyr/drivers/serial/libdrivers__serial.a(uart_nrfx_uart.c.obj)
 .text.uart_nrfx_err_check
                0x0000000000015b98       0x38 zephyr/drivers/serial/libdrivers__serial.a(uart_nrfx_uart.c.obj)
 .text.uart_nrfx_configure
                0x0000000000015bd0       0xc0 zephyr/drivers/serial/libdrivers__serial.a(uart_nrfx_uart.c.obj)
 .text.uart_nrfx_fifo_fill
                0x0000000000015c90       0x50 zephyr/drivers/serial/libdrivers__serial.a(uart_nrfx_uart.c.obj)
 .text.uart_nrfx_fifo_read
                0x0000000000015ce0       0x60 zephyr/drivers/serial/libdrivers__serial.a(uart_nrfx_uart.c.obj)
 .text.uart_nrfx_irq_tx_enable
                0x0000000000015d40       0x68 zephyr/drivers/serial/libdrivers__serial.a(uart_nrfx_uart.c.obj)
 .text.uart_nrfx_irq_tx_disable
                0x0000000000015da8       0x30 zephyr/drivers/serial/libdrivers__serial.a(uart_nrfx_uart.c.obj)
 .text.uart_nrfx_irq_rx_enable
                0x0000000000015dd8       0x20 zephyr/drivers/serial/libdrivers__serial.a(uart_nrfx_uart.c.obj)
 .text.uart_nrfx_irq_rx_disable
                0x0000000000015df8       0x20 zephyr/drivers/serial/libdrivers__serial.a(uart_nrfx_uart.c.obj)
 .text.uart_nrfx_irq_rx_ready
                0x0000000000015e18       0x24 zephyr/drivers/serial/libdrivers__serial.a(uart_nrfx_uart.c.obj)
 .text.uart_nrfx_irq_err_enable
                0x0000000000015e3c       0x20 zephyr/drivers/serial/libdrivers__serial.a(uart_nrfx_uart.c.obj)
 .text.uart_nrfx_irq_err_disable
                0x0000000000015e5c       0x20 zephyr/drivers/serial/libdrivers__serial.a(uart_nrfx_uart.c.obj)
 .text.uart_nrfx_irq_is_pending
                0x0000000000015e7c       0x50 zephyr/drivers/serial/libdrivers__serial.a(uart_nrfx_uart.c.obj)
 .text.uart_nrfx_irq_callback_set
                0x0000000000015ecc       0x2c zephyr/drivers/serial/libdrivers__serial.a(uart_nrfx_uart.c.obj)
 .text.uart_nrfx_isr
                0x0000000000015ef8       0x2c zephyr/drivers/serial/libdrivers__serial.a(uart_nrfx_uart.c.obj)
 .text.uart_nrfx_init
                0x0000000000015f24       0xb0 zephyr/drivers/serial/libdrivers__serial.a(uart_nrfx_uart.c.obj)
 .text.__NVIC_ClearPendingIRQ
                0x0000000000015fd4       0x3c zephyr/drivers/entropy/libdrivers__entropy.a(entropy_nrf5.c.obj)
 .text.nrf_rng_int_enable
                0x0000000000016010       0x20 zephyr/drivers/entropy/libdrivers__entropy.a(entropy_nrf5.c.obj)
 .text.nrf_rng_random_value_get
                0x0000000000016030       0x18 zephyr/drivers/entropy/libdrivers__entropy.a(entropy_nrf5.c.obj)
 .text.nrf_rng_error_correction_disable
                0x0000000000016048       0x20 zephyr/drivers/entropy/libdrivers__entropy.a(entropy_nrf5.c.obj)
 .text.isr      0x0000000000016068       0x60 zephyr/drivers/entropy/libdrivers__entropy.a(entropy_nrf5.c.obj)
 .text.entropy_nrf5_get_entropy
                0x00000000000160c8       0x70 zephyr/drivers/entropy/libdrivers__entropy.a(entropy_nrf5.c.obj)
 .text.entropy_nrf5_get_entropy_isr
                0x0000000000016138       0xe4 zephyr/drivers/entropy/libdrivers__entropy.a(entropy_nrf5.c.obj)
 .text.entropy_nrf5_init
                0x000000000001621c       0x74 zephyr/drivers/entropy/libdrivers__entropy.a(entropy_nrf5.c.obj)
 .text.z_sys_device_do_config_level
                0x0000000000016290       0x5c zephyr/kernel/libkernel.a(device.c.obj)
                0x0000000000016290                z_sys_device_do_config_level
 .text.z_impl_device_get_binding
                0x00000000000162ec       0x7c zephyr/kernel/libkernel.a(device.c.obj)
                0x00000000000162ec                z_impl_device_get_binding
 .text.z_impl_z_errno
                0x0000000000016368       0x18 zephyr/kernel/libkernel.a(errno.c.obj)
                0x0000000000016368                z_impl_z_errno
 .text.set_kernel_idle_time_in_ticks
                0x0000000000016380       0x1c zephyr/kernel/libkernel.a(idle.c.obj)
 .text.__NVIC_SetPriority
                0x000000000001639c       0x54 zephyr/kernel/libkernel.a(init.c.obj)
 .text.z_bss_zero
                0x00000000000163f0       0x20 zephyr/kernel/libkernel.a(init.c.obj)
                0x00000000000163f0                z_bss_zero
 .text.z_data_copy
                0x0000000000016410       0x3c zephyr/kernel/libkernel.a(init.c.obj)
                0x0000000000016410                z_data_copy
 .text.bg_thread_main
                0x000000000001644c       0x64 zephyr/kernel/libkernel.a(init.c.obj)
 .text.init_idle_thread
                0x00000000000164b0       0x48 zephyr/kernel/libkernel.a(init.c.obj)
 .text.prepare_multithreading
                0x00000000000164f8       0x94 zephyr/kernel/libkernel.a(init.c.obj)
 .text.switch_to_main_thread
                0x000000000001658c       0x70 zephyr/kernel/libkernel.a(init.c.obj)
 .text.z_cstart
                0x00000000000165fc       0xb0 zephyr/kernel/libkernel.a(init.c.obj)
                0x00000000000165fc                z_cstart
 .text.init_mem_slab_module
                0x00000000000166ac       0x3c zephyr/kernel/libkernel.a(mem_slab.c.obj)
 .text.k_mem_slab_alloc
                0x00000000000166e8       0xb4 zephyr/kernel/libkernel.a(mem_slab.c.obj)
                0x00000000000166e8                k_mem_slab_alloc
 .text.k_mem_slab_free
                0x000000000001679c       0xbc zephyr/kernel/libkernel.a(mem_slab.c.obj)
                0x000000000001679c                k_mem_slab_free
 .text.get_pool
                0x0000000000016858       0x24 zephyr/kernel/libkernel.a(mempool.c.obj)
 .text.pool_id  0x000000000001687c       0x28 zephyr/kernel/libkernel.a(mempool.c.obj)
 .text.init_static_pools
                0x00000000000168a4       0x34 zephyr/kernel/libkernel.a(mempool.c.obj)